------- FILE debug.asm LEVEL 1 PASS 3
      1  10000 ????						; ============================================================
      2  10000 ????						; AGC generated — teste_1
      3  10000 ????						; TV=NTSC ROM=32768 scoreBar=on
      4  10000 ????						; P0 spawn=yes P1 spawn=default
      5  10000 ????						; Assembler: DASM (-f3 raw binary)
      6  10000 ????						; ============================================================
      7  10000 ????				       processor	6502
      8  10000 ????
      9  10000 ????		00 00	    VSYNC      equ	$00
     10  10000 ????		00 01	    VBLANK     equ	$01
     11  10000 ????		00 02	    WSYNC      equ	$02
     12  10000 ????		00 04	    NUSIZ0     equ	$04
     13  10000 ????		00 05	    NUSIZ1     equ	$05
     14  10000 ????		00 06	    COLUP0     equ	$06
     15  10000 ????		00 07	    COLUP1     equ	$07
     16  10000 ????		00 08	    COLUPF     equ	$08
     17  10000 ????		00 09	    COLUBK     equ	$09
     18  10000 ????		00 0a	    CTRLPF     equ	$0A
     19  10000 ????		00 0a	    CTRLPF     equ	$0A
     20  10000 ????		00 0d	    PF0        equ	$0D
     21  10000 ????		00 0e	    PF1        equ	$0E
     22  10000 ????		00 0f	    PF2        equ	$0F
     23  10000 ????		00 10	    RESP0      equ	$10
     24  10000 ????		00 11	    RESP1      equ	$11
     25  10000 ????		00 1b	    GRP0       equ	$1B
     26  10000 ????		00 1c	    GRP1       equ	$1C
     27  10000 ????		00 2a	    HMOVE      equ	$2A
     28  10000 ????		00 2b	    HMCLR      equ	$2B
     29  10000 ????		00 2c	    CXCLR      equ	$2C
     30  10000 ????		02 84	    INTIM      equ	$0284
     31  10000 ????		02 96	    TIM64T     equ	$0296
     32  10000 ????		02 80	    SWCHA      equ	$0280
     33  10000 ????		02 82	    SWCHB      equ	$0282
     34  10000 ????
     35  f000					      ORG	$F000
     36  f000
     37  f000				   Start
     38  f000		       78		      sei
     39  f001		       d8		      cld
     40  f002		       a2 ff		      ldx	#$FF
     41  f004		       9a		      txs
     42  f005		       a9 00		      lda	#0
     43  f007		       aa		      tax
     44  f008				   ClearMem
     45  f008		       95 00		      sta	$00,x
     46  f00a		       e8		      inx
     47  f00b		       d0 fb		      bne	ClearMem
     48  f00d
     49  f00d		       a9 00		      lda	#0
     50  f00f		       85 80		      sta	Score0
     51  f011		       85 81		      sta	Score1
     52  f013		       85 82		      sta	Score2
     53  f015
     54  f015							; Boot spawn positions / heights
     55  f015		       a9 66		      lda	#102
     56  f017		       85 84		      sta	P0Y
     57  f019		       a9 10		      lda	#16
     58  f01b		       85 85		      sta	P0H
     59  f01d		       a9 28		      lda	#40
     60  f01f		       85 86		      sta	P1Y
     61  f021		       a9 10		      lda	#16
     62  f023		       85 87		      sta	P1H
     63  f025		       a9 02		      lda	#2
     64  f027		       85 88		      sta	P0XDelay
     65  f029		       a9 10		      lda	#16
     66  f02b		       85 89		      sta	P1XDelay
     67  f02d		       a9 01		      lda	#1
     68  f02f		       85 8a		      sta	P0En
     69  f031		       85 8b		      sta	P1En
     70  f033
     71  f033				   MainLoop
     72  f033		       a9 02		      lda	#2
     73  f035		       85 00		      sta	VSYNC
     74  f037		       85 02		      sta	WSYNC
     75  f039		       85 02		      sta	WSYNC
     76  f03b		       85 02		      sta	WSYNC
     77  f03d		       a9 00		      lda	#0
     78  f03f		       85 00		      sta	VSYNC
     79  f041
     80  f041		       a9 28		      lda	#40
     81  f043		       8d 96 02 	      sta	TIM64T
     82  f046		       20 b9 f0 	      jsr	GameLogic
     83  f049		       20 ba f0 	      jsr	PositionPlayers
     84  f04c				   WaitVBlank
     85  f04c		       ad 84 02 	      lda	INTIM
     86  f04f		       d0 fb		      bne	WaitVBlank
     87  f051		       85 02		      sta	WSYNC
     88  f053		       85 01		      sta	VBLANK
     89  f055
     90  f055		       a9 1c		      lda	#$1C
     91  f057		       85 06		      sta	COLUP0
     92  f059		       a9 4e		      lda	#$4E
     93  f05b		       85 07		      sta	COLUP1
     94  f05d		       a9 00		      lda	#0
     95  f05f		       85 1b		      sta	GRP0
     96  f061		       85 1c		      sta	GRP1
     97  f063
     98  f063		       a9 00		      lda	#0	; CTRLPF
     99  f065		       85 0a		      sta	CTRLPF
    100  f067		       a0 00		      ldy	#0
    101  f069
    102  f069				   PlayLoop
    103  f069		       85 02		      sta	WSYNC
    104  f06b		       b9 65 f5 	      lda	COLUPFData,y
    105  f06e		       85 08		      sta	COLUPF
    106  f070		       b9 5d f1 	      lda	PF0Data,y
    107  f073		       85 0d		      sta	PF0
    108  f075		       b9 09 f2 	      lda	PF1Data,y
    109  f078		       85 0e		      sta	PF1
    110  f07a		       b9 b5 f2 	      lda	PF2Data,y
    111  f07d		       85 0f		      sta	PF2
    112  f07f		       b9 61 f3 	      lda	PF0RData,y
    113  f082		       85 0d		      sta	PF0
    114  f084		       b9 0d f4 	      lda	PF1RData,y
    115  f087		       85 0e		      sta	PF1
    116  f089		       b9 b9 f4 	      lda	PF2RData,y
    117  f08c		       85 0f		      sta	PF2
    118  f08e		       b9 bd f6 	      lda	GRP0Data,y
    119  f091		       85 1b		      sta	GRP0
    120  f093		       b9 69 f7 	      lda	GRP1Data,y
    121  f096		       85 1c		      sta	GRP1
    122  f098		       c8		      iny
    123  f099		       c0 ac		      cpy	#172
    124  f09b		       d0 cc		      bne	PlayLoop
    125  f09d
    126  f09d		       a9 00		      lda	#0
    127  f09f		       85 1b		      sta	GRP0
    128  f0a1		       85 1c		      sta	GRP1
    129  f0a3
    130  f0a3		       20 cd f0 	      jsr	DrawScoreBar
    131  f0a6		       a9 02		      lda	#2
    132  f0a8		       85 01		      sta	VBLANK
    133  f0aa		       a9 1e		      lda	#30
    134  f0ac		       8d 96 02 	      sta	TIM64T
    135  f0af				   WaitOverscan
    136  f0af		       ad 84 02 	      lda	INTIM
    137  f0b2		       d0 fb		      bne	WaitOverscan
    138  f0b4		       85 02		      sta	WSYNC
    139  f0b6		       4c 33 f0 	      jmp	MainLoop
    140  f0b9
    141  f0b9				   GameLogic
    142  f0b9		       60		      rts
    143  f0ba
    144  f0ba							; Posiciona P0/P1 no início da scanline (método grosso por delay)
    145  f0ba				   PositionPlayers
    146  f0ba		       85 02		      sta	WSYNC
    147  f0bc		       a6 88		      ldx	P0XDelay
    148  f0be		       ca	   P0Pos      dex
    149  f0bf		       d0 fd		      bne	P0Pos
    150  f0c1		       85 10		      sta	RESP0
    151  f0c3		       85 02		      sta	WSYNC
    152  f0c5		       a6 89		      ldx	P1XDelay
    153  f0c7		       ca	   P1Pos      dex
    154  f0c8		       d0 fd		      bne	P1Pos
    155  f0ca		       85 11		      sta	RESP1
    156  f0cc		       60		      rts
    157  f0cd
    158  f0cd				   DrawScoreBar
    159  f0cd		       a2 14		      ldx	#20
    160  f0cf				   ScoreBarLoop
    161  f0cf		       85 02		      sta	WSYNC
    162  f0d1		       a9 00		      lda	#0
    163  f0d3		       85 09		      sta	COLUBK
    164  f0d5		       85 0d		      sta	PF0
    165  f0d7		       85 0e		      sta	PF1
    166  f0d9		       85 0f		      sta	PF2
    167  f0db		       e0 13		      cpx	#19
    168  f0dd		       d0 04		      bne	NoRainbow
    169  f0df		       a9 44		      lda	#$44
    170  f0e1		       85 09		      sta	COLUBK
    171  f0e3				   NoRainbow
    172  f0e3		       e0 12		      cpx	#18
    173  f0e5		       d0 04		      bne	NoRainbow2
    174  f0e7		       a9 28		      lda	#$28
    175  f0e9		       85 09		      sta	COLUBK
    176  f0eb				   NoRainbow2
    177  f0eb		       a9 0e		      lda	#$0E
    178  f0ed		       85 08		      sta	COLUPF
    179  f0ef		       e0 0a		      cpx	#10
    180  f0f1		       d0 08		      bne	NoLogo
    181  f0f3		       a9 f0		      lda	#%11110000
    182  f0f5		       85 0e		      sta	PF1
    183  f0f7		       a9 6d		      lda	#%01101101
    184  f0f9		       85 0f		      sta	PF2
    185  f0fb				   NoLogo
    186  f0fb		       ca		      dex
    187  f0fc		       d0 d1		      bne	ScoreBarLoop
    188  f0fe		       a9 00		      lda	#0
    189  f100		       85 0d		      sta	PF0
    190  f102		       85 0e		      sta	PF1
    191  f104		       85 0f		      sta	PF2
    192  f106		       85 09		      sta	COLUBK
    193  f108		       60		      rts
    194  f109
    195  f109							; digits cfg: 6
    196  f109
    197  f109				   DigitGfx
    198  f109				   Digit0
    199  f109		       3c		      .byte.b	%00111100
    200  f10a		       66		      .byte.b	%01100110
    201  f10b		       66		      .byte.b	%01100110
    202  f10c		       66		      .byte.b	%01100110
    203  f10d		       66		      .byte.b	%01100110
    204  f10e		       66		      .byte.b	%01100110
    205  f10f		       66		      .byte.b	%01100110
    206  f110		       3c		      .byte.b	%00111100
    207  f111				   Digit1
    208  f111		       18		      .byte.b	%00011000
    209  f112		       38		      .byte.b	%00111000
    210  f113		       18		      .byte.b	%00011000
    211  f114		       18		      .byte.b	%00011000
    212  f115		       18		      .byte.b	%00011000
    213  f116		       18		      .byte.b	%00011000
    214  f117		       18		      .byte.b	%00011000
    215  f118		       7e		      .byte.b	%01111110
    216  f119				   Digit2
    217  f119		       3c		      .byte.b	%00111100
    218  f11a		       66		      .byte.b	%01100110
    219  f11b		       06		      .byte.b	%00000110
    220  f11c		       0c		      .byte.b	%00001100
    221  f11d		       18		      .byte.b	%00011000
    222  f11e		       30		      .byte.b	%00110000
    223  f11f		       60		      .byte.b	%01100000
    224  f120		       7e		      .byte.b	%01111110
    225  f121				   Digit3
    226  f121		       3c		      .byte.b	%00111100
    227  f122		       66		      .byte.b	%01100110
    228  f123		       06		      .byte.b	%00000110
    229  f124		       1c		      .byte.b	%00011100
    230  f125		       06		      .byte.b	%00000110
    231  f126		       06		      .byte.b	%00000110
    232  f127		       66		      .byte.b	%01100110
    233  f128		       3c		      .byte.b	%00111100
    234  f129				   Digit4
    235  f129		       0c		      .byte.b	%00001100
    236  f12a		       1c		      .byte.b	%00011100
    237  f12b		       3c		      .byte.b	%00111100
    238  f12c		       6c		      .byte.b	%01101100
    239  f12d		       7e		      .byte.b	%01111110
    240  f12e		       0c		      .byte.b	%00001100
    241  f12f		       0c		      .byte.b	%00001100
    242  f130		       0c		      .byte.b	%00001100
    243  f131				   Digit5
    244  f131		       7e		      .byte.b	%01111110
    245  f132		       60		      .byte.b	%01100000
    246  f133		       60		      .byte.b	%01100000
    247  f134		       7c		      .byte.b	%01111100
    248  f135		       06		      .byte.b	%00000110
    249  f136		       06		      .byte.b	%00000110
    250  f137		       66		      .byte.b	%01100110
    251  f138		       3c		      .byte.b	%00111100
    252  f139				   Digit6
    253  f139		       3c		      .byte.b	%00111100
    254  f13a		       66		      .byte.b	%01100110
    255  f13b		       60		      .byte.b	%01100000
    256  f13c		       7c		      .byte.b	%01111100
    257  f13d		       66		      .byte.b	%01100110
    258  f13e		       66		      .byte.b	%01100110
    259  f13f		       66		      .byte.b	%01100110
    260  f140		       3c		      .byte.b	%00111100
    261  f141				   Digit7
    262  f141		       7e		      .byte.b	%01111110
    263  f142		       06		      .byte.b	%00000110
    264  f143		       0c		      .byte.b	%00001100
    265  f144		       18		      .byte.b	%00011000
    266  f145		       18		      .byte.b	%00011000
    267  f146		       30		      .byte.b	%00110000
    268  f147		       30		      .byte.b	%00110000
    269  f148		       30		      .byte.b	%00110000
    270  f149				   Digit8
    271  f149		       3c		      .byte.b	%00111100
    272  f14a		       66		      .byte.b	%01100110
    273  f14b		       66		      .byte.b	%01100110
    274  f14c		       3c		      .byte.b	%00111100
    275  f14d		       66		      .byte.b	%01100110
    276  f14e		       66		      .byte.b	%01100110
    277  f14f		       66		      .byte.b	%01100110
    278  f150		       3c		      .byte.b	%00111100
    279  f151				   Digit9
    280  f151		       3c		      .byte.b	%00111100
    281  f152		       66		      .byte.b	%01100110
    282  f153		       66		      .byte.b	%01100110
    283  f154		       66		      .byte.b	%01100110
    284  f155		       3e		      .byte.b	%00111110
    285  f156		       06		      .byte.b	%00000110
    286  f157		       66		      .byte.b	%01100110
    287  f158		       3c		      .byte.b	%00111100
    288  f159
    289  f159				   LogoPF
    290  f159		       7e		      .byte.b	%01111110
    291  f15a		       c3		      .byte.b	%11000011
    292  f15b		       bd		      .byte.b	%10111101
    293  f15c		       00		      .byte.b	%00000000
    294  f15d
    295  f15d
    296  f15d							; Playfield tables (por scanline)
    297  f15d				   PF0Data
    298  f15d		       00		      .byte.b	$00
    299  f15e		       00		      .byte.b	$00
    300  f15f		       00		      .byte.b	$00
    301  f160		       00		      .byte.b	$00
    302  f161		       00		      .byte.b	$00
    303  f162		       00		      .byte.b	$00
    304  f163		       00		      .byte.b	$00
    305  f164		       00		      .byte.b	$00
    306  f165		       00		      .byte.b	$00
    307  f166		       00		      .byte.b	$00
    308  f167		       00		      .byte.b	$00
    309  f168		       00		      .byte.b	$00
    310  f169		       00		      .byte.b	$00
    311  f16a		       00		      .byte.b	$00
    312  f16b		       00		      .byte.b	$00
    313  f16c		       00		      .byte.b	$00
    314  f16d		       00		      .byte.b	$00
    315  f16e		       00		      .byte.b	$00
    316  f16f		       00		      .byte.b	$00
    317  f170		       00		      .byte.b	$00
    318  f171		       00		      .byte.b	$00
    319  f172		       00		      .byte.b	$00
    320  f173		       00		      .byte.b	$00
    321  f174		       00		      .byte.b	$00
    322  f175		       00		      .byte.b	$00
    323  f176		       00		      .byte.b	$00
    324  f177		       00		      .byte.b	$00
    325  f178		       00		      .byte.b	$00
    326  f179		       00		      .byte.b	$00
    327  f17a		       00		      .byte.b	$00
    328  f17b		       00		      .byte.b	$00
    329  f17c		       00		      .byte.b	$00
    330  f17d		       00		      .byte.b	$00
    331  f17e		       00		      .byte.b	$00
    332  f17f		       00		      .byte.b	$00
    333  f180		       00		      .byte.b	$00
    334  f181		       00		      .byte.b	$00
    335  f182		       00		      .byte.b	$00
    336  f183		       00		      .byte.b	$00
    337  f184		       00		      .byte.b	$00
    338  f185		       00		      .byte.b	$00
    339  f186		       00		      .byte.b	$00
    340  f187		       00		      .byte.b	$00
    341  f188		       00		      .byte.b	$00
    342  f189		       00		      .byte.b	$00
    343  f18a		       00		      .byte.b	$00
    344  f18b		       00		      .byte.b	$00
    345  f18c		       00		      .byte.b	$00
    346  f18d		       00		      .byte.b	$00
    347  f18e		       00		      .byte.b	$00
    348  f18f		       00		      .byte.b	$00
    349  f190		       00		      .byte.b	$00
    350  f191		       00		      .byte.b	$00
    351  f192		       00		      .byte.b	$00
    352  f193		       00		      .byte.b	$00
    353  f194		       00		      .byte.b	$00
    354  f195		       00		      .byte.b	$00
    355  f196		       00		      .byte.b	$00
    356  f197		       00		      .byte.b	$00
    357  f198		       00		      .byte.b	$00
    358  f199		       00		      .byte.b	$00
    359  f19a		       00		      .byte.b	$00
    360  f19b		       00		      .byte.b	$00
    361  f19c		       00		      .byte.b	$00
    362  f19d		       00		      .byte.b	$00
    363  f19e		       00		      .byte.b	$00
    364  f19f		       00		      .byte.b	$00
    365  f1a0		       00		      .byte.b	$00
    366  f1a1		       00		      .byte.b	$00
    367  f1a2		       00		      .byte.b	$00
    368  f1a3		       00		      .byte.b	$00
    369  f1a4		       00		      .byte.b	$00
    370  f1a5		       00		      .byte.b	$00
    371  f1a6		       00		      .byte.b	$00
    372  f1a7		       00		      .byte.b	$00
    373  f1a8		       00		      .byte.b	$00
    374  f1a9		       00		      .byte.b	$00
    375  f1aa		       00		      .byte.b	$00
    376  f1ab		       00		      .byte.b	$00
    377  f1ac		       00		      .byte.b	$00
    378  f1ad		       00		      .byte.b	$00
    379  f1ae		       00		      .byte.b	$00
    380  f1af		       00		      .byte.b	$00
    381  f1b0		       00		      .byte.b	$00
    382  f1b1		       00		      .byte.b	$00
    383  f1b2		       00		      .byte.b	$00
    384  f1b3		       00		      .byte.b	$00
    385  f1b4		       00		      .byte.b	$00
    386  f1b5		       00		      .byte.b	$00
    387  f1b6		       00		      .byte.b	$00
    388  f1b7		       00		      .byte.b	$00
    389  f1b8		       00		      .byte.b	$00
    390  f1b9		       00		      .byte.b	$00
    391  f1ba		       00		      .byte.b	$00
    392  f1bb		       00		      .byte.b	$00
    393  f1bc		       00		      .byte.b	$00
    394  f1bd		       00		      .byte.b	$00
    395  f1be		       00		      .byte.b	$00
    396  f1bf		       00		      .byte.b	$00
    397  f1c0		       00		      .byte.b	$00
    398  f1c1		       00		      .byte.b	$00
    399  f1c2		       00		      .byte.b	$00
    400  f1c3		       00		      .byte.b	$00
    401  f1c4		       00		      .byte.b	$00
    402  f1c5		       00		      .byte.b	$00
    403  f1c6		       00		      .byte.b	$00
    404  f1c7		       00		      .byte.b	$00
    405  f1c8		       00		      .byte.b	$00
    406  f1c9		       00		      .byte.b	$00
    407  f1ca		       00		      .byte.b	$00
    408  f1cb		       00		      .byte.b	$00
    409  f1cc		       00		      .byte.b	$00
    410  f1cd		       00		      .byte.b	$00
    411  f1ce		       00		      .byte.b	$00
    412  f1cf		       00		      .byte.b	$00
    413  f1d0		       00		      .byte.b	$00
    414  f1d1		       00		      .byte.b	$00
    415  f1d2		       00		      .byte.b	$00
    416  f1d3		       00		      .byte.b	$00
    417  f1d4		       00		      .byte.b	$00
    418  f1d5		       00		      .byte.b	$00
    419  f1d6		       00		      .byte.b	$00
    420  f1d7		       00		      .byte.b	$00
    421  f1d8		       00		      .byte.b	$00
    422  f1d9		       00		      .byte.b	$00
    423  f1da		       00		      .byte.b	$00
    424  f1db		       00		      .byte.b	$00
    425  f1dc		       00		      .byte.b	$00
    426  f1dd		       00		      .byte.b	$00
    427  f1de		       00		      .byte.b	$00
    428  f1df		       00		      .byte.b	$00
    429  f1e0		       00		      .byte.b	$00
    430  f1e1		       00		      .byte.b	$00
    431  f1e2		       00		      .byte.b	$00
    432  f1e3		       00		      .byte.b	$00
    433  f1e4		       00		      .byte.b	$00
    434  f1e5		       00		      .byte.b	$00
    435  f1e6		       00		      .byte.b	$00
    436  f1e7		       00		      .byte.b	$00
    437  f1e8		       00		      .byte.b	$00
    438  f1e9		       00		      .byte.b	$00
    439  f1ea		       00		      .byte.b	$00
    440  f1eb		       00		      .byte.b	$00
    441  f1ec		       00		      .byte.b	$00
    442  f1ed		       00		      .byte.b	$00
    443  f1ee		       00		      .byte.b	$00
    444  f1ef		       00		      .byte.b	$00
    445  f1f0		       00		      .byte.b	$00
    446  f1f1		       00		      .byte.b	$00
    447  f1f2		       00		      .byte.b	$00
    448  f1f3		       00		      .byte.b	$00
    449  f1f4		       00		      .byte.b	$00
    450  f1f5		       00		      .byte.b	$00
    451  f1f6		       00		      .byte.b	$00
    452  f1f7		       00		      .byte.b	$00
    453  f1f8		       00		      .byte.b	$00
    454  f1f9		       00		      .byte.b	$00
    455  f1fa		       00		      .byte.b	$00
    456  f1fb		       00		      .byte.b	$00
    457  f1fc		       00		      .byte.b	$00
    458  f1fd		       00		      .byte.b	$00
    459  f1fe		       00		      .byte.b	$00
    460  f1ff		       00		      .byte.b	$00
    461  f200		       00		      .byte.b	$00
    462  f201		       00		      .byte.b	$00
    463  f202		       00		      .byte.b	$00
    464  f203		       00		      .byte.b	$00
    465  f204		       00		      .byte.b	$00
    466  f205		       00		      .byte.b	$00
    467  f206		       00		      .byte.b	$00
    468  f207		       00		      .byte.b	$00
    469  f208		       00		      .byte.b	$00
    470  f209				   PF1Data
    471  f209		       00		      .byte.b	$00
    472  f20a		       00		      .byte.b	$00
    473  f20b		       00		      .byte.b	$00
    474  f20c		       00		      .byte.b	$00
    475  f20d		       00		      .byte.b	$00
    476  f20e		       00		      .byte.b	$00
    477  f20f		       00		      .byte.b	$00
    478  f210		       00		      .byte.b	$00
    479  f211		       00		      .byte.b	$00
    480  f212		       00		      .byte.b	$00
    481  f213		       00		      .byte.b	$00
    482  f214		       00		      .byte.b	$00
    483  f215		       00		      .byte.b	$00
    484  f216		       00		      .byte.b	$00
    485  f217		       00		      .byte.b	$00
    486  f218		       00		      .byte.b	$00
    487  f219		       00		      .byte.b	$00
    488  f21a		       00		      .byte.b	$00
    489  f21b		       00		      .byte.b	$00
    490  f21c		       00		      .byte.b	$00
    491  f21d		       00		      .byte.b	$00
    492  f21e		       00		      .byte.b	$00
    493  f21f		       00		      .byte.b	$00
    494  f220		       00		      .byte.b	$00
    495  f221		       00		      .byte.b	$00
    496  f222		       00		      .byte.b	$00
    497  f223		       00		      .byte.b	$00
    498  f224		       3f		      .byte.b	$3F
    499  f225		       3f		      .byte.b	$3F
    500  f226		       3f		      .byte.b	$3F
    501  f227		       3f		      .byte.b	$3F
    502  f228		       3f		      .byte.b	$3F
    503  f229		       3f		      .byte.b	$3F
    504  f22a		       30		      .byte.b	$30
    505  f22b		       30		      .byte.b	$30
    506  f22c		       30		      .byte.b	$30
    507  f22d		       30		      .byte.b	$30
    508  f22e		       30		      .byte.b	$30
    509  f22f		       30		      .byte.b	$30
    510  f230		       3f		      .byte.b	$3F
    511  f231		       3f		      .byte.b	$3F
    512  f232		       3f		      .byte.b	$3F
    513  f233		       3f		      .byte.b	$3F
    514  f234		       3f		      .byte.b	$3F
    515  f235		       3f		      .byte.b	$3F
    516  f236		       31		      .byte.b	$31
    517  f237		       30		      .byte.b	$30
    518  f238		       30		      .byte.b	$30
    519  f239		       30		      .byte.b	$30
    520  f23a		       30		      .byte.b	$30
    521  f23b		       30		      .byte.b	$30
    522  f23c		       30		      .byte.b	$30
    523  f23d		       30		      .byte.b	$30
    524  f23e		       30		      .byte.b	$30
    525  f23f		       30		      .byte.b	$30
    526  f240		       30		      .byte.b	$30
    527  f241		       30		      .byte.b	$30
    528  f242		       00		      .byte.b	$00
    529  f243		       00		      .byte.b	$00
    530  f244		       00		      .byte.b	$00
    531  f245		       00		      .byte.b	$00
    532  f246		       00		      .byte.b	$00
    533  f247		       00		      .byte.b	$00
    534  f248		       00		      .byte.b	$00
    535  f249		       00		      .byte.b	$00
    536  f24a		       00		      .byte.b	$00
    537  f24b		       00		      .byte.b	$00
    538  f24c		       00		      .byte.b	$00
    539  f24d		       00		      .byte.b	$00
    540  f24e		       00		      .byte.b	$00
    541  f24f		       00		      .byte.b	$00
    542  f250		       00		      .byte.b	$00
    543  f251		       00		      .byte.b	$00
    544  f252		       00		      .byte.b	$00
    545  f253		       00		      .byte.b	$00
    546  f254		       00		      .byte.b	$00
    547  f255		       00		      .byte.b	$00
    548  f256		       00		      .byte.b	$00
    549  f257		       00		      .byte.b	$00
    550  f258		       00		      .byte.b	$00
    551  f259		       00		      .byte.b	$00
    552  f25a		       00		      .byte.b	$00
    553  f25b		       00		      .byte.b	$00
    554  f25c		       00		      .byte.b	$00
    555  f25d		       00		      .byte.b	$00
    556  f25e		       00		      .byte.b	$00
    557  f25f		       00		      .byte.b	$00
    558  f260		       00		      .byte.b	$00
    559  f261		       00		      .byte.b	$00
    560  f262		       00		      .byte.b	$00
    561  f263		       00		      .byte.b	$00
    562  f264		       00		      .byte.b	$00
    563  f265		       00		      .byte.b	$00
    564  f266		       00		      .byte.b	$00
    565  f267		       00		      .byte.b	$00
    566  f268		       00		      .byte.b	$00
    567  f269		       00		      .byte.b	$00
    568  f26a		       00		      .byte.b	$00
    569  f26b		       00		      .byte.b	$00
    570  f26c		       00		      .byte.b	$00
    571  f26d		       00		      .byte.b	$00
    572  f26e		       00		      .byte.b	$00
    573  f26f		       00		      .byte.b	$00
    574  f270		       00		      .byte.b	$00
    575  f271		       00		      .byte.b	$00
    576  f272		       00		      .byte.b	$00
    577  f273		       00		      .byte.b	$00
    578  f274		       00		      .byte.b	$00
    579  f275		       00		      .byte.b	$00
    580  f276		       00		      .byte.b	$00
    581  f277		       00		      .byte.b	$00
    582  f278		       00		      .byte.b	$00
    583  f279		       00		      .byte.b	$00
    584  f27a		       00		      .byte.b	$00
    585  f27b		       00		      .byte.b	$00
    586  f27c		       00		      .byte.b	$00
    587  f27d		       00		      .byte.b	$00
    588  f27e		       00		      .byte.b	$00
    589  f27f		       00		      .byte.b	$00
    590  f280		       00		      .byte.b	$00
    591  f281		       00		      .byte.b	$00
    592  f282		       00		      .byte.b	$00
    593  f283		       00		      .byte.b	$00
    594  f284		       00		      .byte.b	$00
    595  f285		       00		      .byte.b	$00
    596  f286		       00		      .byte.b	$00
    597  f287		       00		      .byte.b	$00
    598  f288		       00		      .byte.b	$00
    599  f289		       00		      .byte.b	$00
    600  f28a		       00		      .byte.b	$00
    601  f28b		       00		      .byte.b	$00
    602  f28c		       00		      .byte.b	$00
    603  f28d		       00		      .byte.b	$00
    604  f28e		       00		      .byte.b	$00
    605  f28f		       00		      .byte.b	$00
    606  f290		       00		      .byte.b	$00
    607  f291		       00		      .byte.b	$00
    608  f292		       00		      .byte.b	$00
    609  f293		       00		      .byte.b	$00
    610  f294		       00		      .byte.b	$00
    611  f295		       00		      .byte.b	$00
    612  f296		       00		      .byte.b	$00
    613  f297		       00		      .byte.b	$00
    614  f298		       00		      .byte.b	$00
    615  f299		       00		      .byte.b	$00
    616  f29a		       00		      .byte.b	$00
    617  f29b		       00		      .byte.b	$00
    618  f29c		       00		      .byte.b	$00
    619  f29d		       00		      .byte.b	$00
    620  f29e		       00		      .byte.b	$00
    621  f29f		       00		      .byte.b	$00
    622  f2a0		       00		      .byte.b	$00
    623  f2a1		       00		      .byte.b	$00
    624  f2a2		       00		      .byte.b	$00
    625  f2a3		       00		      .byte.b	$00
    626  f2a4		       00		      .byte.b	$00
    627  f2a5		       00		      .byte.b	$00
    628  f2a6		       00		      .byte.b	$00
    629  f2a7		       00		      .byte.b	$00
    630  f2a8		       00		      .byte.b	$00
    631  f2a9		       00		      .byte.b	$00
    632  f2aa		       00		      .byte.b	$00
    633  f2ab		       00		      .byte.b	$00
    634  f2ac		       00		      .byte.b	$00
    635  f2ad		       00		      .byte.b	$00
    636  f2ae		       00		      .byte.b	$00
    637  f2af		       00		      .byte.b	$00
    638  f2b0		       00		      .byte.b	$00
    639  f2b1		       00		      .byte.b	$00
    640  f2b2		       00		      .byte.b	$00
    641  f2b3		       00		      .byte.b	$00
    642  f2b4		       00		      .byte.b	$00
    643  f2b5				   PF2Data
    644  f2b5		       00		      .byte.b	$00
    645  f2b6		       00		      .byte.b	$00
    646  f2b7		       00		      .byte.b	$00
    647  f2b8		       00		      .byte.b	$00
    648  f2b9		       00		      .byte.b	$00
    649  f2ba		       00		      .byte.b	$00
    650  f2bb		       00		      .byte.b	$00
    651  f2bc		       00		      .byte.b	$00
    652  f2bd		       00		      .byte.b	$00
    653  f2be		       00		      .byte.b	$00
    654  f2bf		       00		      .byte.b	$00
    655  f2c0		       00		      .byte.b	$00
    656  f2c1		       00		      .byte.b	$00
    657  f2c2		       00		      .byte.b	$00
    658  f2c3		       00		      .byte.b	$00
    659  f2c4		       00		      .byte.b	$00
    660  f2c5		       00		      .byte.b	$00
    661  f2c6		       00		      .byte.b	$00
    662  f2c7		       00		      .byte.b	$00
    663  f2c8		       00		      .byte.b	$00
    664  f2c9		       00		      .byte.b	$00
    665  f2ca		       00		      .byte.b	$00
    666  f2cb		       00		      .byte.b	$00
    667  f2cc		       00		      .byte.b	$00
    668  f2cd		       00		      .byte.b	$00
    669  f2ce		       00		      .byte.b	$00
    670  f2cf		       00		      .byte.b	$00
    671  f2d0		       03		      .byte.b	$03
    672  f2d1		       03		      .byte.b	$03
    673  f2d2		       03		      .byte.b	$03
    674  f2d3		       03		      .byte.b	$03
    675  f2d4		       03		      .byte.b	$03
    676  f2d5		       03		      .byte.b	$03
    677  f2d6		       03		      .byte.b	$03
    678  f2d7		       03		      .byte.b	$03
    679  f2d8		       03		      .byte.b	$03
    680  f2d9		       03		      .byte.b	$03
    681  f2da		       03		      .byte.b	$03
    682  f2db		       03		      .byte.b	$03
    683  f2dc		       03		      .byte.b	$03
    684  f2dd		       03		      .byte.b	$03
    685  f2de		       03		      .byte.b	$03
    686  f2df		       03		      .byte.b	$03
    687  f2e0		       03		      .byte.b	$03
    688  f2e1		       03		      .byte.b	$03
    689  f2e2		       03		      .byte.b	$03
    690  f2e3		       03		      .byte.b	$03
    691  f2e4		       03		      .byte.b	$03
    692  f2e5		       03		      .byte.b	$03
    693  f2e6		       03		      .byte.b	$03
    694  f2e7		       03		      .byte.b	$03
    695  f2e8		       03		      .byte.b	$03
    696  f2e9		       03		      .byte.b	$03
    697  f2ea		       03		      .byte.b	$03
    698  f2eb		       03		      .byte.b	$03
    699  f2ec		       03		      .byte.b	$03
    700  f2ed		       00		      .byte.b	$00
    701  f2ee		       00		      .byte.b	$00
    702  f2ef		       00		      .byte.b	$00
    703  f2f0		       00		      .byte.b	$00
    704  f2f1		       00		      .byte.b	$00
    705  f2f2		       00		      .byte.b	$00
    706  f2f3		       00		      .byte.b	$00
    707  f2f4		       00		      .byte.b	$00
    708  f2f5		       00		      .byte.b	$00
    709  f2f6		       00		      .byte.b	$00
    710  f2f7		       00		      .byte.b	$00
    711  f2f8		       00		      .byte.b	$00
    712  f2f9		       00		      .byte.b	$00
    713  f2fa		       00		      .byte.b	$00
    714  f2fb		       00		      .byte.b	$00
    715  f2fc		       00		      .byte.b	$00
    716  f2fd		       00		      .byte.b	$00
    717  f2fe		       00		      .byte.b	$00
    718  f2ff		       00		      .byte.b	$00
    719  f300		       00		      .byte.b	$00
    720  f301		       00		      .byte.b	$00
    721  f302		       00		      .byte.b	$00
    722  f303		       00		      .byte.b	$00
    723  f304		       00		      .byte.b	$00
    724  f305		       00		      .byte.b	$00
    725  f306		       00		      .byte.b	$00
    726  f307		       00		      .byte.b	$00
    727  f308		       00		      .byte.b	$00
    728  f309		       00		      .byte.b	$00
    729  f30a		       00		      .byte.b	$00
    730  f30b		       00		      .byte.b	$00
    731  f30c		       00		      .byte.b	$00
    732  f30d		       80		      .byte.b	$80
    733  f30e		       80		      .byte.b	$80
    734  f30f		       80		      .byte.b	$80
    735  f310		       80		      .byte.b	$80
    736  f311		       80		      .byte.b	$80
    737  f312		       80		      .byte.b	$80
    738  f313		       80		      .byte.b	$80
    739  f314		       80		      .byte.b	$80
    740  f315		       80		      .byte.b	$80
    741  f316		       80		      .byte.b	$80
    742  f317		       80		      .byte.b	$80
    743  f318		       80		      .byte.b	$80
    744  f319		       80		      .byte.b	$80
    745  f31a		       80		      .byte.b	$80
    746  f31b		       80		      .byte.b	$80
    747  f31c		       80		      .byte.b	$80
    748  f31d		       80		      .byte.b	$80
    749  f31e		       80		      .byte.b	$80
    750  f31f		       80		      .byte.b	$80
    751  f320		       80		      .byte.b	$80
    752  f321		       80		      .byte.b	$80
    753  f322		       80		      .byte.b	$80
    754  f323		       80		      .byte.b	$80
    755  f324		       80		      .byte.b	$80
    756  f325		       80		      .byte.b	$80
    757  f326		       80		      .byte.b	$80
    758  f327		       80		      .byte.b	$80
    759  f328		       80		      .byte.b	$80
    760  f329		       80		      .byte.b	$80
    761  f32a		       80		      .byte.b	$80
    762  f32b		       80		      .byte.b	$80
    763  f32c		       80		      .byte.b	$80
    764  f32d		       80		      .byte.b	$80
    765  f32e		       80		      .byte.b	$80
    766  f32f		       80		      .byte.b	$80
    767  f330		       80		      .byte.b	$80
    768  f331		       80		      .byte.b	$80
    769  f332		       80		      .byte.b	$80
    770  f333		       80		      .byte.b	$80
    771  f334		       80		      .byte.b	$80
    772  f335		       80		      .byte.b	$80
    773  f336		       80		      .byte.b	$80
    774  f337		       80		      .byte.b	$80
    775  f338		       80		      .byte.b	$80
    776  f339		       80		      .byte.b	$80
    777  f33a		       80		      .byte.b	$80
    778  f33b		       80		      .byte.b	$80
    779  f33c		       80		      .byte.b	$80
    780  f33d		       80		      .byte.b	$80
    781  f33e		       80		      .byte.b	$80
    782  f33f		       80		      .byte.b	$80
    783  f340		       80		      .byte.b	$80
    784  f341		       80		      .byte.b	$80
    785  f342		       80		      .byte.b	$80
    786  f343		       80		      .byte.b	$80
    787  f344		       80		      .byte.b	$80
    788  f345		       80		      .byte.b	$80
    789  f346		       80		      .byte.b	$80
    790  f347		       80		      .byte.b	$80
    791  f348		       80		      .byte.b	$80
    792  f349		       80		      .byte.b	$80
    793  f34a		       80		      .byte.b	$80
    794  f34b		       80		      .byte.b	$80
    795  f34c		       80		      .byte.b	$80
    796  f34d		       80		      .byte.b	$80
    797  f34e		       80		      .byte.b	$80
    798  f34f		       80		      .byte.b	$80
    799  f350		       80		      .byte.b	$80
    800  f351		       80		      .byte.b	$80
    801  f352		       80		      .byte.b	$80
    802  f353		       80		      .byte.b	$80
    803  f354		       80		      .byte.b	$80
    804  f355		       80		      .byte.b	$80
    805  f356		       80		      .byte.b	$80
    806  f357		       80		      .byte.b	$80
    807  f358		       80		      .byte.b	$80
    808  f359		       80		      .byte.b	$80
    809  f35a		       80		      .byte.b	$80
    810  f35b		       80		      .byte.b	$80
    811  f35c		       80		      .byte.b	$80
    812  f35d		       80		      .byte.b	$80
    813  f35e		       80		      .byte.b	$80
    814  f35f		       00		      .byte.b	$00
    815  f360		       00		      .byte.b	$00
    816  f361				   PF0RData
    817  f361		       00		      .byte.b	$00
    818  f362		       10		      .byte.b	$10
    819  f363		       10		      .byte.b	$10
    820  f364		       10		      .byte.b	$10
    821  f365		       10		      .byte.b	$10
    822  f366		       10		      .byte.b	$10
    823  f367		       10		      .byte.b	$10
    824  f368		       10		      .byte.b	$10
    825  f369		       10		      .byte.b	$10
    826  f36a		       10		      .byte.b	$10
    827  f36b		       10		      .byte.b	$10
    828  f36c		       10		      .byte.b	$10
    829  f36d		       10		      .byte.b	$10
    830  f36e		       10		      .byte.b	$10
    831  f36f		       10		      .byte.b	$10
    832  f370		       10		      .byte.b	$10
    833  f371		       10		      .byte.b	$10
    834  f372		       10		      .byte.b	$10
    835  f373		       10		      .byte.b	$10
    836  f374		       10		      .byte.b	$10
    837  f375		       10		      .byte.b	$10
    838  f376		       10		      .byte.b	$10
    839  f377		       10		      .byte.b	$10
    840  f378		       10		      .byte.b	$10
    841  f379		       10		      .byte.b	$10
    842  f37a		       10		      .byte.b	$10
    843  f37b		       10		      .byte.b	$10
    844  f37c		       10		      .byte.b	$10
    845  f37d		       10		      .byte.b	$10
    846  f37e		       10		      .byte.b	$10
    847  f37f		       10		      .byte.b	$10
    848  f380		       10		      .byte.b	$10
    849  f381		       10		      .byte.b	$10
    850  f382		       10		      .byte.b	$10
    851  f383		       10		      .byte.b	$10
    852  f384		       10		      .byte.b	$10
    853  f385		       10		      .byte.b	$10
    854  f386		       10		      .byte.b	$10
    855  f387		       10		      .byte.b	$10
    856  f388		       10		      .byte.b	$10
    857  f389		       10		      .byte.b	$10
    858  f38a		       10		      .byte.b	$10
    859  f38b		       10		      .byte.b	$10
    860  f38c		       10		      .byte.b	$10
    861  f38d		       10		      .byte.b	$10
    862  f38e		       10		      .byte.b	$10
    863  f38f		       10		      .byte.b	$10
    864  f390		       10		      .byte.b	$10
    865  f391		       10		      .byte.b	$10
    866  f392		       10		      .byte.b	$10
    867  f393		       10		      .byte.b	$10
    868  f394		       10		      .byte.b	$10
    869  f395		       10		      .byte.b	$10
    870  f396		       10		      .byte.b	$10
    871  f397		       10		      .byte.b	$10
    872  f398		       10		      .byte.b	$10
    873  f399		       10		      .byte.b	$10
    874  f39a		       10		      .byte.b	$10
    875  f39b		       10		      .byte.b	$10
    876  f39c		       10		      .byte.b	$10
    877  f39d		       10		      .byte.b	$10
    878  f39e		       10		      .byte.b	$10
    879  f39f		       10		      .byte.b	$10
    880  f3a0		       10		      .byte.b	$10
    881  f3a1		       10		      .byte.b	$10
    882  f3a2		       10		      .byte.b	$10
    883  f3a3		       10		      .byte.b	$10
    884  f3a4		       10		      .byte.b	$10
    885  f3a5		       10		      .byte.b	$10
    886  f3a6		       10		      .byte.b	$10
    887  f3a7		       10		      .byte.b	$10
    888  f3a8		       10		      .byte.b	$10
    889  f3a9		       10		      .byte.b	$10
    890  f3aa		       10		      .byte.b	$10
    891  f3ab		       10		      .byte.b	$10
    892  f3ac		       10		      .byte.b	$10
    893  f3ad		       10		      .byte.b	$10
    894  f3ae		       10		      .byte.b	$10
    895  f3af		       10		      .byte.b	$10
    896  f3b0		       10		      .byte.b	$10
    897  f3b1		       10		      .byte.b	$10
    898  f3b2		       10		      .byte.b	$10
    899  f3b3		       10		      .byte.b	$10
    900  f3b4		       10		      .byte.b	$10
    901  f3b5		       10		      .byte.b	$10
    902  f3b6		       10		      .byte.b	$10
    903  f3b7		       10		      .byte.b	$10
    904  f3b8		       10		      .byte.b	$10
    905  f3b9		       00		      .byte.b	$00
    906  f3ba		       00		      .byte.b	$00
    907  f3bb		       00		      .byte.b	$00
    908  f3bc		       00		      .byte.b	$00
    909  f3bd		       00		      .byte.b	$00
    910  f3be		       00		      .byte.b	$00
    911  f3bf		       00		      .byte.b	$00
    912  f3c0		       00		      .byte.b	$00
    913  f3c1		       00		      .byte.b	$00
    914  f3c2		       00		      .byte.b	$00
    915  f3c3		       00		      .byte.b	$00
    916  f3c4		       00		      .byte.b	$00
    917  f3c5		       00		      .byte.b	$00
    918  f3c6		       00		      .byte.b	$00
    919  f3c7		       00		      .byte.b	$00
    920  f3c8		       00		      .byte.b	$00
    921  f3c9		       00		      .byte.b	$00
    922  f3ca		       00		      .byte.b	$00
    923  f3cb		       00		      .byte.b	$00
    924  f3cc		       00		      .byte.b	$00
    925  f3cd		       00		      .byte.b	$00
    926  f3ce		       00		      .byte.b	$00
    927  f3cf		       00		      .byte.b	$00
    928  f3d0		       00		      .byte.b	$00
    929  f3d1		       00		      .byte.b	$00
    930  f3d2		       00		      .byte.b	$00
    931  f3d3		       00		      .byte.b	$00
    932  f3d4		       00		      .byte.b	$00
    933  f3d5		       00		      .byte.b	$00
    934  f3d6		       00		      .byte.b	$00
    935  f3d7		       00		      .byte.b	$00
    936  f3d8		       00		      .byte.b	$00
    937  f3d9		       00		      .byte.b	$00
    938  f3da		       00		      .byte.b	$00
    939  f3db		       00		      .byte.b	$00
    940  f3dc		       00		      .byte.b	$00
    941  f3dd		       00		      .byte.b	$00
    942  f3de		       00		      .byte.b	$00
    943  f3df		       00		      .byte.b	$00
    944  f3e0		       00		      .byte.b	$00
    945  f3e1		       00		      .byte.b	$00
    946  f3e2		       00		      .byte.b	$00
    947  f3e3		       00		      .byte.b	$00
    948  f3e4		       00		      .byte.b	$00
    949  f3e5		       00		      .byte.b	$00
    950  f3e6		       00		      .byte.b	$00
    951  f3e7		       00		      .byte.b	$00
    952  f3e8		       00		      .byte.b	$00
    953  f3e9		       00		      .byte.b	$00
    954  f3ea		       00		      .byte.b	$00
    955  f3eb		       00		      .byte.b	$00
    956  f3ec		       00		      .byte.b	$00
    957  f3ed		       00		      .byte.b	$00
    958  f3ee		       00		      .byte.b	$00
    959  f3ef		       00		      .byte.b	$00
    960  f3f0		       00		      .byte.b	$00
    961  f3f1		       00		      .byte.b	$00
    962  f3f2		       00		      .byte.b	$00
    963  f3f3		       00		      .byte.b	$00
    964  f3f4		       00		      .byte.b	$00
    965  f3f5		       00		      .byte.b	$00
    966  f3f6		       00		      .byte.b	$00
    967  f3f7		       00		      .byte.b	$00
    968  f3f8		       00		      .byte.b	$00
    969  f3f9		       00		      .byte.b	$00
    970  f3fa		       00		      .byte.b	$00
    971  f3fb		       00		      .byte.b	$00
    972  f3fc		       00		      .byte.b	$00
    973  f3fd		       00		      .byte.b	$00
    974  f3fe		       00		      .byte.b	$00
    975  f3ff		       00		      .byte.b	$00
    976  f400		       00		      .byte.b	$00
    977  f401		       00		      .byte.b	$00
    978  f402		       00		      .byte.b	$00
    979  f403		       00		      .byte.b	$00
    980  f404		       00		      .byte.b	$00
    981  f405		       00		      .byte.b	$00
    982  f406		       00		      .byte.b	$00
    983  f407		       00		      .byte.b	$00
    984  f408		       00		      .byte.b	$00
    985  f409		       00		      .byte.b	$00
    986  f40a		       00		      .byte.b	$00
    987  f40b		       00		      .byte.b	$00
    988  f40c		       00		      .byte.b	$00
    989  f40d				   PF1RData
    990  f40d		       00		      .byte.b	$00
    991  f40e		       00		      .byte.b	$00
    992  f40f		       00		      .byte.b	$00
    993  f410		       00		      .byte.b	$00
    994  f411		       00		      .byte.b	$00
    995  f412		       00		      .byte.b	$00
    996  f413		       00		      .byte.b	$00
    997  f414		       00		      .byte.b	$00
    998  f415		       00		      .byte.b	$00
    999  f416		       00		      .byte.b	$00
   1000  f417		       00		      .byte.b	$00
   1001  f418		       00		      .byte.b	$00
   1002  f419		       00		      .byte.b	$00
   1003  f41a		       00		      .byte.b	$00
   1004  f41b		       00		      .byte.b	$00
   1005  f41c		       00		      .byte.b	$00
   1006  f41d		       00		      .byte.b	$00
   1007  f41e		       00		      .byte.b	$00
   1008  f41f		       00		      .byte.b	$00
   1009  f420		       00		      .byte.b	$00
   1010  f421		       00		      .byte.b	$00
   1011  f422		       00		      .byte.b	$00
   1012  f423		       00		      .byte.b	$00
   1013  f424		       00		      .byte.b	$00
   1014  f425		       00		      .byte.b	$00
   1015  f426		       00		      .byte.b	$00
   1016  f427		       00		      .byte.b	$00
   1017  f428		       00		      .byte.b	$00
   1018  f429		       00		      .byte.b	$00
   1019  f42a		       00		      .byte.b	$00
   1020  f42b		       00		      .byte.b	$00
   1021  f42c		       00		      .byte.b	$00
   1022  f42d		       00		      .byte.b	$00
   1023  f42e		       00		      .byte.b	$00
   1024  f42f		       00		      .byte.b	$00
   1025  f430		       00		      .byte.b	$00
   1026  f431		       00		      .byte.b	$00
   1027  f432		       00		      .byte.b	$00
   1028  f433		       00		      .byte.b	$00
   1029  f434		       00		      .byte.b	$00
   1030  f435		       00		      .byte.b	$00
   1031  f436		       00		      .byte.b	$00
   1032  f437		       00		      .byte.b	$00
   1033  f438		       00		      .byte.b	$00
   1034  f439		       00		      .byte.b	$00
   1035  f43a		       00		      .byte.b	$00
   1036  f43b		       00		      .byte.b	$00
   1037  f43c		       00		      .byte.b	$00
   1038  f43d		       00		      .byte.b	$00
   1039  f43e		       00		      .byte.b	$00
   1040  f43f		       00		      .byte.b	$00
   1041  f440		       00		      .byte.b	$00
   1042  f441		       00		      .byte.b	$00
   1043  f442		       00		      .byte.b	$00
   1044  f443		       00		      .byte.b	$00
   1045  f444		       00		      .byte.b	$00
   1046  f445		       00		      .byte.b	$00
   1047  f446		       00		      .byte.b	$00
   1048  f447		       00		      .byte.b	$00
   1049  f448		       00		      .byte.b	$00
   1050  f449		       00		      .byte.b	$00
   1051  f44a		       00		      .byte.b	$00
   1052  f44b		       00		      .byte.b	$00
   1053  f44c		       00		      .byte.b	$00
   1054  f44d		       00		      .byte.b	$00
   1055  f44e		       00		      .byte.b	$00
   1056  f44f		       00		      .byte.b	$00
   1057  f450		       00		      .byte.b	$00
   1058  f451		       00		      .byte.b	$00
   1059  f452		       00		      .byte.b	$00
   1060  f453		       00		      .byte.b	$00
   1061  f454		       00		      .byte.b	$00
   1062  f455		       00		      .byte.b	$00
   1063  f456		       00		      .byte.b	$00
   1064  f457		       00		      .byte.b	$00
   1065  f458		       00		      .byte.b	$00
   1066  f459		       00		      .byte.b	$00
   1067  f45a		       00		      .byte.b	$00
   1068  f45b		       00		      .byte.b	$00
   1069  f45c		       00		      .byte.b	$00
   1070  f45d		       00		      .byte.b	$00
   1071  f45e		       00		      .byte.b	$00
   1072  f45f		       00		      .byte.b	$00
   1073  f460		       00		      .byte.b	$00
   1074  f461		       00		      .byte.b	$00
   1075  f462		       00		      .byte.b	$00
   1076  f463		       00		      .byte.b	$00
   1077  f464		       00		      .byte.b	$00
   1078  f465		       00		      .byte.b	$00
   1079  f466		       00		      .byte.b	$00
   1080  f467		       00		      .byte.b	$00
   1081  f468		       00		      .byte.b	$00
   1082  f469		       00		      .byte.b	$00
   1083  f46a		       00		      .byte.b	$00
   1084  f46b		       00		      .byte.b	$00
   1085  f46c		       00		      .byte.b	$00
   1086  f46d		       00		      .byte.b	$00
   1087  f46e		       00		      .byte.b	$00
   1088  f46f		       00		      .byte.b	$00
   1089  f470		       00		      .byte.b	$00
   1090  f471		       00		      .byte.b	$00
   1091  f472		       00		      .byte.b	$00
   1092  f473		       00		      .byte.b	$00
   1093  f474		       00		      .byte.b	$00
   1094  f475		       00		      .byte.b	$00
   1095  f476		       00		      .byte.b	$00
   1096  f477		       00		      .byte.b	$00
   1097  f478		       00		      .byte.b	$00
   1098  f479		       00		      .byte.b	$00
   1099  f47a		       00		      .byte.b	$00
   1100  f47b		       00		      .byte.b	$00
   1101  f47c		       00		      .byte.b	$00
   1102  f47d		       f0		      .byte.b	$F0
   1103  f47e		       f0		      .byte.b	$F0
   1104  f47f		       f0		      .byte.b	$F0
   1105  f480		       88		      .byte.b	$88
   1106  f481		       88		      .byte.b	$88
   1107  f482		       88		      .byte.b	$88
   1108  f483		       88		      .byte.b	$88
   1109  f484		       88		      .byte.b	$88
   1110  f485		       88		      .byte.b	$88
   1111  f486		       88		      .byte.b	$88
   1112  f487		       88		      .byte.b	$88
   1113  f488		       80		      .byte.b	$80
   1114  f489		       90		      .byte.b	$90
   1115  f48a		       f0		      .byte.b	$F0
   1116  f48b		       f0		      .byte.b	$F0
   1117  f48c		       f0		      .byte.b	$F0
   1118  f48d		       f0		      .byte.b	$F0
   1119  f48e		       f0		      .byte.b	$F0
   1120  f48f		       e8		      .byte.b	$E8
   1121  f490		       88		      .byte.b	$88
   1122  f491		       88		      .byte.b	$88
   1123  f492		       88		      .byte.b	$88
   1124  f493		       88		      .byte.b	$88
   1125  f494		       88		      .byte.b	$88
   1126  f495		       88		      .byte.b	$88
   1127  f496		       88		      .byte.b	$88
   1128  f497		       88		      .byte.b	$88
   1129  f498		       88		      .byte.b	$88
   1130  f499		       88		      .byte.b	$88
   1131  f49a		       88		      .byte.b	$88
   1132  f49b		       c8		      .byte.b	$C8
   1133  f49c		       f8		      .byte.b	$F8
   1134  f49d		       f0		      .byte.b	$F0
   1135  f49e		       70		      .byte.b	$70
   1136  f49f		       70		      .byte.b	$70
   1137  f4a0		       70		      .byte.b	$70
   1138  f4a1		       00		      .byte.b	$00
   1139  f4a2		       00		      .byte.b	$00
   1140  f4a3		       00		      .byte.b	$00
   1141  f4a4		       00		      .byte.b	$00
   1142  f4a5		       00		      .byte.b	$00
   1143  f4a6		       00		      .byte.b	$00
   1144  f4a7		       00		      .byte.b	$00
   1145  f4a8		       00		      .byte.b	$00
   1146  f4a9		       00		      .byte.b	$00
   1147  f4aa		       00		      .byte.b	$00
   1148  f4ab		       00		      .byte.b	$00
   1149  f4ac		       00		      .byte.b	$00
   1150  f4ad		       00		      .byte.b	$00
   1151  f4ae		       00		      .byte.b	$00
   1152  f4af		       00		      .byte.b	$00
   1153  f4b0		       00		      .byte.b	$00
   1154  f4b1		       00		      .byte.b	$00
   1155  f4b2		       00		      .byte.b	$00
   1156  f4b3		       00		      .byte.b	$00
   1157  f4b4		       00		      .byte.b	$00
   1158  f4b5		       00		      .byte.b	$00
   1159  f4b6		       00		      .byte.b	$00
   1160  f4b7		       00		      .byte.b	$00
   1161  f4b8		       00		      .byte.b	$00
   1162  f4b9				   PF2RData
   1163  f4b9		       00		      .byte.b	$00
   1164  f4ba		       00		      .byte.b	$00
   1165  f4bb		       00		      .byte.b	$00
   1166  f4bc		       00		      .byte.b	$00
   1167  f4bd		       00		      .byte.b	$00
   1168  f4be		       00		      .byte.b	$00
   1169  f4bf		       00		      .byte.b	$00
   1170  f4c0		       00		      .byte.b	$00
   1171  f4c1		       00		      .byte.b	$00
   1172  f4c2		       00		      .byte.b	$00
   1173  f4c3		       00		      .byte.b	$00
   1174  f4c4		       00		      .byte.b	$00
   1175  f4c5		       00		      .byte.b	$00
   1176  f4c6		       00		      .byte.b	$00
   1177  f4c7		       00		      .byte.b	$00
   1178  f4c8		       00		      .byte.b	$00
   1179  f4c9		       00		      .byte.b	$00
   1180  f4ca		       00		      .byte.b	$00
   1181  f4cb		       00		      .byte.b	$00
   1182  f4cc		       00		      .byte.b	$00
   1183  f4cd		       00		      .byte.b	$00
   1184  f4ce		       00		      .byte.b	$00
   1185  f4cf		       00		      .byte.b	$00
   1186  f4d0		       00		      .byte.b	$00
   1187  f4d1		       00		      .byte.b	$00
   1188  f4d2		       00		      .byte.b	$00
   1189  f4d3		       00		      .byte.b	$00
   1190  f4d4		       00		      .byte.b	$00
   1191  f4d5		       00		      .byte.b	$00
   1192  f4d6		       00		      .byte.b	$00
   1193  f4d7		       00		      .byte.b	$00
   1194  f4d8		       00		      .byte.b	$00
   1195  f4d9		       00		      .byte.b	$00
   1196  f4da		       00		      .byte.b	$00
   1197  f4db		       00		      .byte.b	$00
   1198  f4dc		       00		      .byte.b	$00
   1199  f4dd		       00		      .byte.b	$00
   1200  f4de		       00		      .byte.b	$00
   1201  f4df		       00		      .byte.b	$00
   1202  f4e0		       00		      .byte.b	$00
   1203  f4e1		       00		      .byte.b	$00
   1204  f4e2		       00		      .byte.b	$00
   1205  f4e3		       00		      .byte.b	$00
   1206  f4e4		       00		      .byte.b	$00
   1207  f4e5		       00		      .byte.b	$00
   1208  f4e6		       00		      .byte.b	$00
   1209  f4e7		       00		      .byte.b	$00
   1210  f4e8		       00		      .byte.b	$00
   1211  f4e9		       00		      .byte.b	$00
   1212  f4ea		       00		      .byte.b	$00
   1213  f4eb		       00		      .byte.b	$00
   1214  f4ec		       00		      .byte.b	$00
   1215  f4ed		       00		      .byte.b	$00
   1216  f4ee		       00		      .byte.b	$00
   1217  f4ef		       00		      .byte.b	$00
   1218  f4f0		       00		      .byte.b	$00
   1219  f4f1		       00		      .byte.b	$00
   1220  f4f2		       00		      .byte.b	$00
   1221  f4f3		       00		      .byte.b	$00
   1222  f4f4		       00		      .byte.b	$00
   1223  f4f5		       00		      .byte.b	$00
   1224  f4f6		       00		      .byte.b	$00
   1225  f4f7		       00		      .byte.b	$00
   1226  f4f8		       00		      .byte.b	$00
   1227  f4f9		       00		      .byte.b	$00
   1228  f4fa		       00		      .byte.b	$00
   1229  f4fb		       00		      .byte.b	$00
   1230  f4fc		       00		      .byte.b	$00
   1231  f4fd		       00		      .byte.b	$00
   1232  f4fe		       00		      .byte.b	$00
   1233  f4ff		       00		      .byte.b	$00
   1234  f500		       00		      .byte.b	$00
   1235  f501		       00		      .byte.b	$00
   1236  f502		       00		      .byte.b	$00
   1237  f503		       00		      .byte.b	$00
   1238  f504		       00		      .byte.b	$00
   1239  f505		       00		      .byte.b	$00
   1240  f506		       00		      .byte.b	$00
   1241  f507		       00		      .byte.b	$00
   1242  f508		       00		      .byte.b	$00
   1243  f509		       00		      .byte.b	$00
   1244  f50a		       00		      .byte.b	$00
   1245  f50b		       00		      .byte.b	$00
   1246  f50c		       00		      .byte.b	$00
   1247  f50d		       00		      .byte.b	$00
   1248  f50e		       00		      .byte.b	$00
   1249  f50f		       00		      .byte.b	$00
   1250  f510		       00		      .byte.b	$00
   1251  f511		       00		      .byte.b	$00
   1252  f512		       00		      .byte.b	$00
   1253  f513		       00		      .byte.b	$00
   1254  f514		       00		      .byte.b	$00
   1255  f515		       00		      .byte.b	$00
   1256  f516		       00		      .byte.b	$00
   1257  f517		       00		      .byte.b	$00
   1258  f518		       00		      .byte.b	$00
   1259  f519		       00		      .byte.b	$00
   1260  f51a		       00		      .byte.b	$00
   1261  f51b		       00		      .byte.b	$00
   1262  f51c		       00		      .byte.b	$00
   1263  f51d		       00		      .byte.b	$00
   1264  f51e		       00		      .byte.b	$00
   1265  f51f		       00		      .byte.b	$00
   1266  f520		       00		      .byte.b	$00
   1267  f521		       00		      .byte.b	$00
   1268  f522		       00		      .byte.b	$00
   1269  f523		       00		      .byte.b	$00
   1270  f524		       00		      .byte.b	$00
   1271  f525		       00		      .byte.b	$00
   1272  f526		       00		      .byte.b	$00
   1273  f527		       00		      .byte.b	$00
   1274  f528		       00		      .byte.b	$00
   1275  f529		       00		      .byte.b	$00
   1276  f52a		       00		      .byte.b	$00
   1277  f52b		       00		      .byte.b	$00
   1278  f52c		       00		      .byte.b	$00
   1279  f52d		       00		      .byte.b	$00
   1280  f52e		       00		      .byte.b	$00
   1281  f52f		       00		      .byte.b	$00
   1282  f530		       00		      .byte.b	$00
   1283  f531		       00		      .byte.b	$00
   1284  f532		       00		      .byte.b	$00
   1285  f533		       00		      .byte.b	$00
   1286  f534		       00		      .byte.b	$00
   1287  f535		       00		      .byte.b	$00
   1288  f536		       00		      .byte.b	$00
   1289  f537		       00		      .byte.b	$00
   1290  f538		       00		      .byte.b	$00
   1291  f539		       00		      .byte.b	$00
   1292  f53a		       00		      .byte.b	$00
   1293  f53b		       00		      .byte.b	$00
   1294  f53c		       00		      .byte.b	$00
   1295  f53d		       00		      .byte.b	$00
   1296  f53e		       00		      .byte.b	$00
   1297  f53f		       00		      .byte.b	$00
   1298  f540		       00		      .byte.b	$00
   1299  f541		       00		      .byte.b	$00
   1300  f542		       00		      .byte.b	$00
   1301  f543		       00		      .byte.b	$00
   1302  f544		       00		      .byte.b	$00
   1303  f545		       00		      .byte.b	$00
   1304  f546		       00		      .byte.b	$00
   1305  f547		       00		      .byte.b	$00
   1306  f548		       00		      .byte.b	$00
   1307  f549		       00		      .byte.b	$00
   1308  f54a		       00		      .byte.b	$00
   1309  f54b		       00		      .byte.b	$00
   1310  f54c		       00		      .byte.b	$00
   1311  f54d		       00		      .byte.b	$00
   1312  f54e		       00		      .byte.b	$00
   1313  f54f		       00		      .byte.b	$00
   1314  f550		       00		      .byte.b	$00
   1315  f551		       00		      .byte.b	$00
   1316  f552		       00		      .byte.b	$00
   1317  f553		       00		      .byte.b	$00
   1318  f554		       00		      .byte.b	$00
   1319  f555		       00		      .byte.b	$00
   1320  f556		       00		      .byte.b	$00
   1321  f557		       00		      .byte.b	$00
   1322  f558		       00		      .byte.b	$00
   1323  f559		       00		      .byte.b	$00
   1324  f55a		       00		      .byte.b	$00
   1325  f55b		       00		      .byte.b	$00
   1326  f55c		       00		      .byte.b	$00
   1327  f55d		       00		      .byte.b	$00
   1328  f55e		       00		      .byte.b	$00
   1329  f55f		       00		      .byte.b	$00
   1330  f560		       00		      .byte.b	$00
   1331  f561		       00		      .byte.b	$00
   1332  f562		       00		      .byte.b	$00
   1333  f563		       00		      .byte.b	$00
   1334  f564		       00		      .byte.b	$00
   1335  f565				   COLUPFData
   1336  f565		       06		      .byte.b	$06
   1337  f566		       06		      .byte.b	$06
   1338  f567		       06		      .byte.b	$06
   1339  f568		       06		      .byte.b	$06
   1340  f569		       06		      .byte.b	$06
   1341  f56a		       06		      .byte.b	$06
   1342  f56b		       06		      .byte.b	$06
   1343  f56c		       06		      .byte.b	$06
   1344  f56d		       06		      .byte.b	$06
   1345  f56e		       06		      .byte.b	$06
   1346  f56f		       06		      .byte.b	$06
   1347  f570		       06		      .byte.b	$06
   1348  f571		       06		      .byte.b	$06
   1349  f572		       06		      .byte.b	$06
   1350  f573		       06		      .byte.b	$06
   1351  f574		       06		      .byte.b	$06
   1352  f575		       06		      .byte.b	$06
   1353  f576		       06		      .byte.b	$06
   1354  f577		       06		      .byte.b	$06
   1355  f578		       06		      .byte.b	$06
   1356  f579		       06		      .byte.b	$06
   1357  f57a		       06		      .byte.b	$06
   1358  f57b		       06		      .byte.b	$06
   1359  f57c		       06		      .byte.b	$06
   1360  f57d		       06		      .byte.b	$06
   1361  f57e		       06		      .byte.b	$06
   1362  f57f		       06		      .byte.b	$06
   1363  f580		       06		      .byte.b	$06
   1364  f581		       06		      .byte.b	$06
   1365  f582		       06		      .byte.b	$06
   1366  f583		       06		      .byte.b	$06
   1367  f584		       06		      .byte.b	$06
   1368  f585		       06		      .byte.b	$06
   1369  f586		       06		      .byte.b	$06
   1370  f587		       06		      .byte.b	$06
   1371  f588		       06		      .byte.b	$06
   1372  f589		       44		      .byte.b	$44
   1373  f58a		       06		      .byte.b	$06
   1374  f58b		       06		      .byte.b	$06
   1375  f58c		       06		      .byte.b	$06
   1376  f58d		       06		      .byte.b	$06
   1377  f58e		       06		      .byte.b	$06
   1378  f58f		       06		      .byte.b	$06
   1379  f590		       06		      .byte.b	$06
   1380  f591		       06		      .byte.b	$06
   1381  f592		       06		      .byte.b	$06
   1382  f593		       06		      .byte.b	$06
   1383  f594		       06		      .byte.b	$06
   1384  f595		       46		      .byte.b	$46
   1385  f596		       06		      .byte.b	$06
   1386  f597		       06		      .byte.b	$06
   1387  f598		       06		      .byte.b	$06
   1388  f599		       06		      .byte.b	$06
   1389  f59a		       06		      .byte.b	$06
   1390  f59b		       06		      .byte.b	$06
   1391  f59c		       06		      .byte.b	$06
   1392  f59d		       46		      .byte.b	$46
   1393  f59e		       06		      .byte.b	$06
   1394  f59f		       06		      .byte.b	$06
   1395  f5a0		       06		      .byte.b	$06
   1396  f5a1		       06		      .byte.b	$06
   1397  f5a2		       06		      .byte.b	$06
   1398  f5a3		       06		      .byte.b	$06
   1399  f5a4		       06		      .byte.b	$06
   1400  f5a5		       06		      .byte.b	$06
   1401  f5a6		       06		      .byte.b	$06
   1402  f5a7		       06		      .byte.b	$06
   1403  f5a8		       06		      .byte.b	$06
   1404  f5a9		       06		      .byte.b	$06
   1405  f5aa		       06		      .byte.b	$06
   1406  f5ab		       06		      .byte.b	$06
   1407  f5ac		       06		      .byte.b	$06
   1408  f5ad		       06		      .byte.b	$06
   1409  f5ae		       06		      .byte.b	$06
   1410  f5af		       06		      .byte.b	$06
   1411  f5b0		       06		      .byte.b	$06
   1412  f5b1		       06		      .byte.b	$06
   1413  f5b2		       06		      .byte.b	$06
   1414  f5b3		       06		      .byte.b	$06
   1415  f5b4		       06		      .byte.b	$06
   1416  f5b5		       06		      .byte.b	$06
   1417  f5b6		       06		      .byte.b	$06
   1418  f5b7		       06		      .byte.b	$06
   1419  f5b8		       06		      .byte.b	$06
   1420  f5b9		       06		      .byte.b	$06
   1421  f5ba		       06		      .byte.b	$06
   1422  f5bb		       06		      .byte.b	$06
   1423  f5bc		       2a		      .byte.b	$2A
   1424  f5bd		       2a		      .byte.b	$2A
   1425  f5be		       2a		      .byte.b	$2A
   1426  f5bf		       2a		      .byte.b	$2A
   1427  f5c0		       2a		      .byte.b	$2A
   1428  f5c1		       2a		      .byte.b	$2A
   1429  f5c2		       2a		      .byte.b	$2A
   1430  f5c3		       2a		      .byte.b	$2A
   1431  f5c4		       2a		      .byte.b	$2A
   1432  f5c5		       2a		      .byte.b	$2A
   1433  f5c6		       2a		      .byte.b	$2A
   1434  f5c7		       2a		      .byte.b	$2A
   1435  f5c8		       2a		      .byte.b	$2A
   1436  f5c9		       2a		      .byte.b	$2A
   1437  f5ca		       2a		      .byte.b	$2A
   1438  f5cb		       2a		      .byte.b	$2A
   1439  f5cc		       2a		      .byte.b	$2A
   1440  f5cd		       2a		      .byte.b	$2A
   1441  f5ce		       2a		      .byte.b	$2A
   1442  f5cf		       2a		      .byte.b	$2A
   1443  f5d0		       2a		      .byte.b	$2A
   1444  f5d1		       2a		      .byte.b	$2A
   1445  f5d2		       2a		      .byte.b	$2A
   1446  f5d3		       2a		      .byte.b	$2A
   1447  f5d4		       2a		      .byte.b	$2A
   1448  f5d5		       2a		      .byte.b	$2A
   1449  f5d6		       2a		      .byte.b	$2A
   1450  f5d7		       2a		      .byte.b	$2A
   1451  f5d8		       2a		      .byte.b	$2A
   1452  f5d9		       2a		      .byte.b	$2A
   1453  f5da		       2a		      .byte.b	$2A
   1454  f5db		       2a		      .byte.b	$2A
   1455  f5dc		       2a		      .byte.b	$2A
   1456  f5dd		       2a		      .byte.b	$2A
   1457  f5de		       2a		      .byte.b	$2A
   1458  f5df		       2a		      .byte.b	$2A
   1459  f5e0		       2a		      .byte.b	$2A
   1460  f5e1		       2a		      .byte.b	$2A
   1461  f5e2		       2a		      .byte.b	$2A
   1462  f5e3		       2a		      .byte.b	$2A
   1463  f5e4		       2a		      .byte.b	$2A
   1464  f5e5		       2a		      .byte.b	$2A
   1465  f5e6		       2a		      .byte.b	$2A
   1466  f5e7		       2a		      .byte.b	$2A
   1467  f5e8		       2a		      .byte.b	$2A
   1468  f5e9		       2a		      .byte.b	$2A
   1469  f5ea		       2a		      .byte.b	$2A
   1470  f5eb		       2a		      .byte.b	$2A
   1471  f5ec		       2a		      .byte.b	$2A
   1472  f5ed		       2a		      .byte.b	$2A
   1473  f5ee		       2a		      .byte.b	$2A
   1474  f5ef		       2a		      .byte.b	$2A
   1475  f5f0		       2a		      .byte.b	$2A
   1476  f5f1		       2a		      .byte.b	$2A
   1477  f5f2		       2a		      .byte.b	$2A
   1478  f5f3		       2a		      .byte.b	$2A
   1479  f5f4		       2a		      .byte.b	$2A
   1480  f5f5		       2a		      .byte.b	$2A
   1481  f5f6		       2a		      .byte.b	$2A
   1482  f5f7		       2a		      .byte.b	$2A
   1483  f5f8		       2a		      .byte.b	$2A
   1484  f5f9		       2a		      .byte.b	$2A
   1485  f5fa		       2a		      .byte.b	$2A
   1486  f5fb		       2a		      .byte.b	$2A
   1487  f5fc		       2a		      .byte.b	$2A
   1488  f5fd		       2a		      .byte.b	$2A
   1489  f5fe		       2a		      .byte.b	$2A
   1490  f5ff		       2a		      .byte.b	$2A
   1491  f600		       2a		      .byte.b	$2A
   1492  f601		       2a		      .byte.b	$2A
   1493  f602		       2a		      .byte.b	$2A
   1494  f603		       2a		      .byte.b	$2A
   1495  f604		       2a		      .byte.b	$2A
   1496  f605		       2a		      .byte.b	$2A
   1497  f606		       2a		      .byte.b	$2A
   1498  f607		       2a		      .byte.b	$2A
   1499  f608		       2a		      .byte.b	$2A
   1500  f609		       2a		      .byte.b	$2A
   1501  f60a		       2a		      .byte.b	$2A
   1502  f60b		       2a		      .byte.b	$2A
   1503  f60c		       2a		      .byte.b	$2A
   1504  f60d		       2a		      .byte.b	$2A
   1505  f60e		       2a		      .byte.b	$2A
   1506  f60f		       44		      .byte.b	$44
   1507  f610		       44		      .byte.b	$44
   1508  f611				   COLUBKData
   1509  f611		       2c		      .byte.b	$2C
   1510  f612		       2c		      .byte.b	$2C
   1511  f613		       2c		      .byte.b	$2C
   1512  f614		       2c		      .byte.b	$2C
   1513  f615		       2c		      .byte.b	$2C
   1514  f616		       2c		      .byte.b	$2C
   1515  f617		       2c		      .byte.b	$2C
   1516  f618		       2c		      .byte.b	$2C
   1517  f619		       2c		      .byte.b	$2C
   1518  f61a		       2c		      .byte.b	$2C
   1519  f61b		       2c		      .byte.b	$2C
   1520  f61c		       2c		      .byte.b	$2C
   1521  f61d		       2c		      .byte.b	$2C
   1522  f61e		       2c		      .byte.b	$2C
   1523  f61f		       2c		      .byte.b	$2C
   1524  f620		       2c		      .byte.b	$2C
   1525  f621		       2c		      .byte.b	$2C
   1526  f622		       2c		      .byte.b	$2C
   1527  f623		       2c		      .byte.b	$2C
   1528  f624		       2c		      .byte.b	$2C
   1529  f625		       2c		      .byte.b	$2C
   1530  f626		       2c		      .byte.b	$2C
   1531  f627		       2c		      .byte.b	$2C
   1532  f628		       2c		      .byte.b	$2C
   1533  f629		       2c		      .byte.b	$2C
   1534  f62a		       2c		      .byte.b	$2C
   1535  f62b		       2c		      .byte.b	$2C
   1536  f62c		       2c		      .byte.b	$2C
   1537  f62d		       2c		      .byte.b	$2C
   1538  f62e		       2c		      .byte.b	$2C
   1539  f62f		       2c		      .byte.b	$2C
   1540  f630		       2c		      .byte.b	$2C
   1541  f631		       2c		      .byte.b	$2C
   1542  f632		       2c		      .byte.b	$2C
   1543  f633		       2c		      .byte.b	$2C
   1544  f634		       2c		      .byte.b	$2C
   1545  f635		       2c		      .byte.b	$2C
   1546  f636		       2c		      .byte.b	$2C
   1547  f637		       2c		      .byte.b	$2C
   1548  f638		       2c		      .byte.b	$2C
   1549  f639		       2c		      .byte.b	$2C
   1550  f63a		       2c		      .byte.b	$2C
   1551  f63b		       2c		      .byte.b	$2C
   1552  f63c		       2c		      .byte.b	$2C
   1553  f63d		       2c		      .byte.b	$2C
   1554  f63e		       2c		      .byte.b	$2C
   1555  f63f		       2c		      .byte.b	$2C
   1556  f640		       2c		      .byte.b	$2C
   1557  f641		       2c		      .byte.b	$2C
   1558  f642		       2c		      .byte.b	$2C
   1559  f643		       2c		      .byte.b	$2C
   1560  f644		       2c		      .byte.b	$2C
   1561  f645		       2c		      .byte.b	$2C
   1562  f646		       2c		      .byte.b	$2C
   1563  f647		       2c		      .byte.b	$2C
   1564  f648		       2c		      .byte.b	$2C
   1565  f649		       2c		      .byte.b	$2C
   1566  f64a		       2c		      .byte.b	$2C
   1567  f64b		       2c		      .byte.b	$2C
   1568  f64c		       2c		      .byte.b	$2C
   1569  f64d		       2c		      .byte.b	$2C
   1570  f64e		       2c		      .byte.b	$2C
   1571  f64f		       2c		      .byte.b	$2C
   1572  f650		       2c		      .byte.b	$2C
   1573  f651		       2c		      .byte.b	$2C
   1574  f652		       2c		      .byte.b	$2C
   1575  f653		       2c		      .byte.b	$2C
   1576  f654		       2c		      .byte.b	$2C
   1577  f655		       2c		      .byte.b	$2C
   1578  f656		       2c		      .byte.b	$2C
   1579  f657		       2c		      .byte.b	$2C
   1580  f658		       2c		      .byte.b	$2C
   1581  f659		       2c		      .byte.b	$2C
   1582  f65a		       2c		      .byte.b	$2C
   1583  f65b		       2c		      .byte.b	$2C
   1584  f65c		       2c		      .byte.b	$2C
   1585  f65d		       2c		      .byte.b	$2C
   1586  f65e		       2c		      .byte.b	$2C
   1587  f65f		       2c		      .byte.b	$2C
   1588  f660		       2c		      .byte.b	$2C
   1589  f661		       2c		      .byte.b	$2C
   1590  f662		       2c		      .byte.b	$2C
   1591  f663		       2c		      .byte.b	$2C
   1592  f664		       2c		      .byte.b	$2C
   1593  f665		       2c		      .byte.b	$2C
   1594  f666		       2c		      .byte.b	$2C
   1595  f667		       46		      .byte.b	$46
   1596  f668		       2c		      .byte.b	$2C
   1597  f669		       46		      .byte.b	$46
   1598  f66a		       46		      .byte.b	$46
   1599  f66b		       46		      .byte.b	$46
   1600  f66c		       46		      .byte.b	$46
   1601  f66d		       46		      .byte.b	$46
   1602  f66e		       46		      .byte.b	$46
   1603  f66f		       46		      .byte.b	$46
   1604  f670		       46		      .byte.b	$46
   1605  f671		       46		      .byte.b	$46
   1606  f672		       46		      .byte.b	$46
   1607  f673		       46		      .byte.b	$46
   1608  f674		       46		      .byte.b	$46
   1609  f675		       46		      .byte.b	$46
   1610  f676		       46		      .byte.b	$46
   1611  f677		       46		      .byte.b	$46
   1612  f678		       46		      .byte.b	$46
   1613  f679		       46		      .byte.b	$46
   1614  f67a		       46		      .byte.b	$46
   1615  f67b		       46		      .byte.b	$46
   1616  f67c		       46		      .byte.b	$46
   1617  f67d		       46		      .byte.b	$46
   1618  f67e		       46		      .byte.b	$46
   1619  f67f		       46		      .byte.b	$46
   1620  f680		       46		      .byte.b	$46
   1621  f681		       46		      .byte.b	$46
   1622  f682		       46		      .byte.b	$46
   1623  f683		       46		      .byte.b	$46
   1624  f684		       46		      .byte.b	$46
   1625  f685		       46		      .byte.b	$46
   1626  f686		       46		      .byte.b	$46
   1627  f687		       46		      .byte.b	$46
   1628  f688		       46		      .byte.b	$46
   1629  f689		       46		      .byte.b	$46
   1630  f68a		       46		      .byte.b	$46
   1631  f68b		       46		      .byte.b	$46
   1632  f68c		       46		      .byte.b	$46
   1633  f68d		       46		      .byte.b	$46
   1634  f68e		       46		      .byte.b	$46
   1635  f68f		       46		      .byte.b	$46
   1636  f690		       46		      .byte.b	$46
   1637  f691		       46		      .byte.b	$46
   1638  f692		       46		      .byte.b	$46
   1639  f693		       46		      .byte.b	$46
   1640  f694		       46		      .byte.b	$46
   1641  f695		       46		      .byte.b	$46
   1642  f696		       46		      .byte.b	$46
   1643  f697		       46		      .byte.b	$46
   1644  f698		       46		      .byte.b	$46
   1645  f699		       46		      .byte.b	$46
   1646  f69a		       46		      .byte.b	$46
   1647  f69b		       46		      .byte.b	$46
   1648  f69c		       46		      .byte.b	$46
   1649  f69d		       46		      .byte.b	$46
   1650  f69e		       46		      .byte.b	$46
   1651  f69f		       46		      .byte.b	$46
   1652  f6a0		       46		      .byte.b	$46
   1653  f6a1		       46		      .byte.b	$46
   1654  f6a2		       46		      .byte.b	$46
   1655  f6a3		       46		      .byte.b	$46
   1656  f6a4		       46		      .byte.b	$46
   1657  f6a5		       46		      .byte.b	$46
   1658  f6a6		       46		      .byte.b	$46
   1659  f6a7		       46		      .byte.b	$46
   1660  f6a8		       46		      .byte.b	$46
   1661  f6a9		       46		      .byte.b	$46
   1662  f6aa		       46		      .byte.b	$46
   1663  f6ab		       46		      .byte.b	$46
   1664  f6ac		       46		      .byte.b	$46
   1665  f6ad		       46		      .byte.b	$46
   1666  f6ae		       46		      .byte.b	$46
   1667  f6af		       46		      .byte.b	$46
   1668  f6b0		       46		      .byte.b	$46
   1669  f6b1		       46		      .byte.b	$46
   1670  f6b2		       46		      .byte.b	$46
   1671  f6b3		       46		      .byte.b	$46
   1672  f6b4		       46		      .byte.b	$46
   1673  f6b5		       46		      .byte.b	$46
   1674  f6b6		       00		      .byte.b	$00
   1675  f6b7		       00		      .byte.b	$00
   1676  f6b8		       00		      .byte.b	$00
   1677  f6b9		       00		      .byte.b	$00
   1678  f6ba		       00		      .byte.b	$00
   1679  f6bb		       00		      .byte.b	$00
   1680  f6bc		       00		      .byte.b	$00
   1681  f6bd
   1682  f6bd				   GRP0Data
   1683  f6bd		       00		      .byte.b	$00
   1684  f6be		       00		      .byte.b	$00
   1685  f6bf		       00		      .byte.b	$00
   1686  f6c0		       00		      .byte.b	$00
   1687  f6c1		       00		      .byte.b	$00
   1688  f6c2		       00		      .byte.b	$00
   1689  f6c3		       00		      .byte.b	$00
   1690  f6c4		       00		      .byte.b	$00
   1691  f6c5		       00		      .byte.b	$00
   1692  f6c6		       00		      .byte.b	$00
   1693  f6c7		       00		      .byte.b	$00
   1694  f6c8		       00		      .byte.b	$00
   1695  f6c9		       00		      .byte.b	$00
   1696  f6ca		       00		      .byte.b	$00
   1697  f6cb		       00		      .byte.b	$00
   1698  f6cc		       00		      .byte.b	$00
   1699  f6cd		       00		      .byte.b	$00
   1700  f6ce		       00		      .byte.b	$00
   1701  f6cf		       00		      .byte.b	$00
   1702  f6d0		       00		      .byte.b	$00
   1703  f6d1		       00		      .byte.b	$00
   1704  f6d2		       00		      .byte.b	$00
   1705  f6d3		       00		      .byte.b	$00
   1706  f6d4		       00		      .byte.b	$00
   1707  f6d5		       00		      .byte.b	$00
   1708  f6d6		       00		      .byte.b	$00
   1709  f6d7		       00		      .byte.b	$00
   1710  f6d8		       00		      .byte.b	$00
   1711  f6d9		       00		      .byte.b	$00
   1712  f6da		       00		      .byte.b	$00
   1713  f6db		       00		      .byte.b	$00
   1714  f6dc		       00		      .byte.b	$00
   1715  f6dd		       00		      .byte.b	$00
   1716  f6de		       00		      .byte.b	$00
   1717  f6df		       00		      .byte.b	$00
   1718  f6e0		       00		      .byte.b	$00
   1719  f6e1		       00		      .byte.b	$00
   1720  f6e2		       00		      .byte.b	$00
   1721  f6e3		       00		      .byte.b	$00
   1722  f6e4		       00		      .byte.b	$00
   1723  f6e5		       00		      .byte.b	$00
   1724  f6e6		       00		      .byte.b	$00
   1725  f6e7		       00		      .byte.b	$00
   1726  f6e8		       00		      .byte.b	$00
   1727  f6e9		       00		      .byte.b	$00
   1728  f6ea		       00		      .byte.b	$00
   1729  f6eb		       00		      .byte.b	$00
   1730  f6ec		       00		      .byte.b	$00
   1731  f6ed		       00		      .byte.b	$00
   1732  f6ee		       00		      .byte.b	$00
   1733  f6ef		       00		      .byte.b	$00
   1734  f6f0		       00		      .byte.b	$00
   1735  f6f1		       00		      .byte.b	$00
   1736  f6f2		       00		      .byte.b	$00
   1737  f6f3		       00		      .byte.b	$00
   1738  f6f4		       00		      .byte.b	$00
   1739  f6f5		       00		      .byte.b	$00
   1740  f6f6		       00		      .byte.b	$00
   1741  f6f7		       00		      .byte.b	$00
   1742  f6f8		       00		      .byte.b	$00
   1743  f6f9		       00		      .byte.b	$00
   1744  f6fa		       00		      .byte.b	$00
   1745  f6fb		       00		      .byte.b	$00
   1746  f6fc		       00		      .byte.b	$00
   1747  f6fd		       00		      .byte.b	$00
   1748  f6fe		       00		      .byte.b	$00
   1749  f6ff		       00		      .byte.b	$00
   1750  f700		       00		      .byte.b	$00
   1751  f701		       00		      .byte.b	$00
   1752  f702		       00		      .byte.b	$00
   1753  f703		       00		      .byte.b	$00
   1754  f704		       00		      .byte.b	$00
   1755  f705		       00		      .byte.b	$00
   1756  f706		       00		      .byte.b	$00
   1757  f707		       00		      .byte.b	$00
   1758  f708		       00		      .byte.b	$00
   1759  f709		       00		      .byte.b	$00
   1760  f70a		       00		      .byte.b	$00
   1761  f70b		       00		      .byte.b	$00
   1762  f70c		       00		      .byte.b	$00
   1763  f70d		       00		      .byte.b	$00
   1764  f70e		       00		      .byte.b	$00
   1765  f70f		       00		      .byte.b	$00
   1766  f710		       00		      .byte.b	$00
   1767  f711		       00		      .byte.b	$00
   1768  f712		       00		      .byte.b	$00
   1769  f713		       00		      .byte.b	$00
   1770  f714		       00		      .byte.b	$00
   1771  f715		       00		      .byte.b	$00
   1772  f716		       00		      .byte.b	$00
   1773  f717		       00		      .byte.b	$00
   1774  f718		       00		      .byte.b	$00
   1775  f719		       00		      .byte.b	$00
   1776  f71a		       00		      .byte.b	$00
   1777  f71b		       00		      .byte.b	$00
   1778  f71c		       00		      .byte.b	$00
   1779  f71d		       00		      .byte.b	$00
   1780  f71e		       00		      .byte.b	$00
   1781  f71f		       00		      .byte.b	$00
   1782  f720		       00		      .byte.b	$00
   1783  f721		       00		      .byte.b	$00
   1784  f722		       00		      .byte.b	$00
   1785  f723		       18		      .byte.b	$18
   1786  f724		       10		      .byte.b	$10
   1787  f725		       18		      .byte.b	$18
   1788  f726		       08		      .byte.b	$08
   1789  f727		       08		      .byte.b	$08
   1790  f728		       18		      .byte.b	$18
   1791  f729		       10		      .byte.b	$10
   1792  f72a		       10		      .byte.b	$10
   1793  f72b		       18		      .byte.b	$18
   1794  f72c		       08		      .byte.b	$08
   1795  f72d		       08		      .byte.b	$08
   1796  f72e		       18		      .byte.b	$18
   1797  f72f		       10		      .byte.b	$10
   1798  f730		       18		      .byte.b	$18
   1799  f731		       08		      .byte.b	$08
   1800  f732		       18		      .byte.b	$18
   1801  f733		       00		      .byte.b	$00
   1802  f734		       00		      .byte.b	$00
   1803  f735		       00		      .byte.b	$00
   1804  f736		       00		      .byte.b	$00
   1805  f737		       00		      .byte.b	$00
   1806  f738		       00		      .byte.b	$00
   1807  f739		       00		      .byte.b	$00
   1808  f73a		       00		      .byte.b	$00
   1809  f73b		       00		      .byte.b	$00
   1810  f73c		       00		      .byte.b	$00
   1811  f73d		       00		      .byte.b	$00
   1812  f73e		       00		      .byte.b	$00
   1813  f73f		       00		      .byte.b	$00
   1814  f740		       00		      .byte.b	$00
   1815  f741		       00		      .byte.b	$00
   1816  f742		       00		      .byte.b	$00
   1817  f743		       00		      .byte.b	$00
   1818  f744		       00		      .byte.b	$00
   1819  f745		       00		      .byte.b	$00
   1820  f746		       00		      .byte.b	$00
   1821  f747		       00		      .byte.b	$00
   1822  f748		       00		      .byte.b	$00
   1823  f749		       00		      .byte.b	$00
   1824  f74a		       00		      .byte.b	$00
   1825  f74b		       00		      .byte.b	$00
   1826  f74c		       00		      .byte.b	$00
   1827  f74d		       00		      .byte.b	$00
   1828  f74e		       00		      .byte.b	$00
   1829  f74f		       00		      .byte.b	$00
   1830  f750		       00		      .byte.b	$00
   1831  f751		       00		      .byte.b	$00
   1832  f752		       00		      .byte.b	$00
   1833  f753		       00		      .byte.b	$00
   1834  f754		       00		      .byte.b	$00
   1835  f755		       00		      .byte.b	$00
   1836  f756		       00		      .byte.b	$00
   1837  f757		       00		      .byte.b	$00
   1838  f758		       00		      .byte.b	$00
   1839  f759		       00		      .byte.b	$00
   1840  f75a		       00		      .byte.b	$00
   1841  f75b		       00		      .byte.b	$00
   1842  f75c		       00		      .byte.b	$00
   1843  f75d		       00		      .byte.b	$00
   1844  f75e		       00		      .byte.b	$00
   1845  f75f		       00		      .byte.b	$00
   1846  f760		       00		      .byte.b	$00
   1847  f761		       00		      .byte.b	$00
   1848  f762		       00		      .byte.b	$00
   1849  f763		       00		      .byte.b	$00
   1850  f764		       00		      .byte.b	$00
   1851  f765		       00		      .byte.b	$00
   1852  f766		       00		      .byte.b	$00
   1853  f767		       00		      .byte.b	$00
   1854  f768		       00		      .byte.b	$00
   1855  f769				   GRP1Data
   1856  f769		       00		      .byte.b	$00
   1857  f76a		       00		      .byte.b	$00
   1858  f76b		       00		      .byte.b	$00
   1859  f76c		       00		      .byte.b	$00
   1860  f76d		       00		      .byte.b	$00
   1861  f76e		       00		      .byte.b	$00
   1862  f76f		       00		      .byte.b	$00
   1863  f770		       00		      .byte.b	$00
   1864  f771		       00		      .byte.b	$00
   1865  f772		       00		      .byte.b	$00
   1866  f773		       00		      .byte.b	$00
   1867  f774		       00		      .byte.b	$00
   1868  f775		       00		      .byte.b	$00
   1869  f776		       00		      .byte.b	$00
   1870  f777		       00		      .byte.b	$00
   1871  f778		       00		      .byte.b	$00
   1872  f779		       00		      .byte.b	$00
   1873  f77a		       00		      .byte.b	$00
   1874  f77b		       00		      .byte.b	$00
   1875  f77c		       00		      .byte.b	$00
   1876  f77d		       00		      .byte.b	$00
   1877  f77e		       00		      .byte.b	$00
   1878  f77f		       00		      .byte.b	$00
   1879  f780		       00		      .byte.b	$00
   1880  f781		       00		      .byte.b	$00
   1881  f782		       00		      .byte.b	$00
   1882  f783		       00		      .byte.b	$00
   1883  f784		       00		      .byte.b	$00
   1884  f785		       00		      .byte.b	$00
   1885  f786		       00		      .byte.b	$00
   1886  f787		       00		      .byte.b	$00
   1887  f788		       00		      .byte.b	$00
   1888  f789		       00		      .byte.b	$00
   1889  f78a		       00		      .byte.b	$00
   1890  f78b		       00		      .byte.b	$00
   1891  f78c		       00		      .byte.b	$00
   1892  f78d		       00		      .byte.b	$00
   1893  f78e		       00		      .byte.b	$00
   1894  f78f		       00		      .byte.b	$00
   1895  f790		       00		      .byte.b	$00
   1896  f791		       ff		      .byte.b	$FF
   1897  f792		       ff		      .byte.b	$FF
   1898  f793		       ff		      .byte.b	$FF
   1899  f794		       ff		      .byte.b	$FF
   1900  f795		       ff		      .byte.b	$FF
   1901  f796		       ff		      .byte.b	$FF
   1902  f797		       ff		      .byte.b	$FF
   1903  f798		       ff		      .byte.b	$FF
   1904  f799		       ff		      .byte.b	$FF
   1905  f79a		       ff		      .byte.b	$FF
   1906  f79b		       ff		      .byte.b	$FF
   1907  f79c		       ff		      .byte.b	$FF
   1908  f79d		       ff		      .byte.b	$FF
   1909  f79e		       ff		      .byte.b	$FF
   1910  f79f		       ff		      .byte.b	$FF
   1911  f7a0		       ff		      .byte.b	$FF
   1912  f7a1		       00		      .byte.b	$00
   1913  f7a2		       00		      .byte.b	$00
   1914  f7a3		       00		      .byte.b	$00
   1915  f7a4		       00		      .byte.b	$00
   1916  f7a5		       00		      .byte.b	$00
   1917  f7a6		       00		      .byte.b	$00
   1918  f7a7		       00		      .byte.b	$00
   1919  f7a8		       00		      .byte.b	$00
   1920  f7a9		       00		      .byte.b	$00
   1921  f7aa		       00		      .byte.b	$00
   1922  f7ab		       00		      .byte.b	$00
   1923  f7ac		       00		      .byte.b	$00
   1924  f7ad		       00		      .byte.b	$00
   1925  f7ae		       00		      .byte.b	$00
   1926  f7af		       00		      .byte.b	$00
   1927  f7b0		       00		      .byte.b	$00
   1928  f7b1		       00		      .byte.b	$00
   1929  f7b2		       00		      .byte.b	$00
   1930  f7b3		       00		      .byte.b	$00
   1931  f7b4		       00		      .byte.b	$00
   1932  f7b5		       00		      .byte.b	$00
   1933  f7b6		       00		      .byte.b	$00
   1934  f7b7		       00		      .byte.b	$00
   1935  f7b8		       00		      .byte.b	$00
   1936  f7b9		       00		      .byte.b	$00
   1937  f7ba		       00		      .byte.b	$00
   1938  f7bb		       00		      .byte.b	$00
   1939  f7bc		       00		      .byte.b	$00
   1940  f7bd		       00		      .byte.b	$00
   1941  f7be		       00		      .byte.b	$00
   1942  f7bf		       00		      .byte.b	$00
   1943  f7c0		       00		      .byte.b	$00
   1944  f7c1		       00		      .byte.b	$00
   1945  f7c2		       00		      .byte.b	$00
   1946  f7c3		       00		      .byte.b	$00
   1947  f7c4		       00		      .byte.b	$00
   1948  f7c5		       00		      .byte.b	$00
   1949  f7c6		       00		      .byte.b	$00
   1950  f7c7		       00		      .byte.b	$00
   1951  f7c8		       00		      .byte.b	$00
   1952  f7c9		       00		      .byte.b	$00
   1953  f7ca		       00		      .byte.b	$00
   1954  f7cb		       00		      .byte.b	$00
   1955  f7cc		       00		      .byte.b	$00
   1956  f7cd		       00		      .byte.b	$00
   1957  f7ce		       00		      .byte.b	$00
   1958  f7cf		       00		      .byte.b	$00
   1959  f7d0		       00		      .byte.b	$00
   1960  f7d1		       00		      .byte.b	$00
   1961  f7d2		       00		      .byte.b	$00
   1962  f7d3		       00		      .byte.b	$00
   1963  f7d4		       00		      .byte.b	$00
   1964  f7d5		       00		      .byte.b	$00
   1965  f7d6		       00		      .byte.b	$00
   1966  f7d7		       00		      .byte.b	$00
   1967  f7d8		       00		      .byte.b	$00
   1968  f7d9		       00		      .byte.b	$00
   1969  f7da		       00		      .byte.b	$00
   1970  f7db		       00		      .byte.b	$00
   1971  f7dc		       00		      .byte.b	$00
   1972  f7dd		       00		      .byte.b	$00
   1973  f7de		       00		      .byte.b	$00
   1974  f7df		       00		      .byte.b	$00
   1975  f7e0		       00		      .byte.b	$00
   1976  f7e1		       00		      .byte.b	$00
   1977  f7e2		       00		      .byte.b	$00
   1978  f7e3		       00		      .byte.b	$00
   1979  f7e4		       00		      .byte.b	$00
   1980  f7e5		       00		      .byte.b	$00
   1981  f7e6		       00		      .byte.b	$00
   1982  f7e7		       00		      .byte.b	$00
   1983  f7e8		       00		      .byte.b	$00
   1984  f7e9		       00		      .byte.b	$00
   1985  f7ea		       00		      .byte.b	$00
   1986  f7eb		       00		      .byte.b	$00
   1987  f7ec		       00		      .byte.b	$00
   1988  f7ed		       00		      .byte.b	$00
   1989  f7ee		       00		      .byte.b	$00
   1990  f7ef		       00		      .byte.b	$00
   1991  f7f0		       00		      .byte.b	$00
   1992  f7f1		       00		      .byte.b	$00
   1993  f7f2		       00		      .byte.b	$00
   1994  f7f3		       00		      .byte.b	$00
   1995  f7f4		       00		      .byte.b	$00
   1996  f7f5		       00		      .byte.b	$00
   1997  f7f6		       00		      .byte.b	$00
   1998  f7f7		       00		      .byte.b	$00
   1999  f7f8		       00		      .byte.b	$00
   2000  f7f9		       00		      .byte.b	$00
   2001  f7fa		       00		      .byte.b	$00
   2002  f7fb		       00		      .byte.b	$00
   2003  f7fc		       00		      .byte.b	$00
   2004  f7fd		       00		      .byte.b	$00
   2005  f7fe		       00		      .byte.b	$00
   2006  f7ff		       00		      .byte.b	$00
   2007  f800		       00		      .byte.b	$00
   2008  f801		       00		      .byte.b	$00
   2009  f802		       00		      .byte.b	$00
   2010  f803		       00		      .byte.b	$00
   2011  f804		       00		      .byte.b	$00
   2012  f805		       00		      .byte.b	$00
   2013  f806		       00		      .byte.b	$00
   2014  f807		       00		      .byte.b	$00
   2015  f808		       00		      .byte.b	$00
   2016  f809		       00		      .byte.b	$00
   2017  f80a		       00		      .byte.b	$00
   2018  f80b		       00		      .byte.b	$00
   2019  f80c		       00		      .byte.b	$00
   2020  f80d		       00		      .byte.b	$00
   2021  f80e		       00		      .byte.b	$00
   2022  f80f		       00		      .byte.b	$00
   2023  f810		       00		      .byte.b	$00
   2024  f811		       00		      .byte.b	$00
   2025  f812		       00		      .byte.b	$00
   2026  f813		       00		      .byte.b	$00
   2027  f814		       00		      .byte.b	$00
   2028  f815
   2029  f815							; Sprite graphics (linhas top→bottom, ref)
   2030  f815							; Sprite graphics (linhas top→bottom)
   2031  f815				   Sprite0Data
   2032  f815		       18		      .byte.b	%00011000
   2033  f816		       10		      .byte.b	%00010000
   2034  f817		       18		      .byte.b	%00011000
   2035  f818		       08		      .byte.b	%00001000
   2036  f819		       08		      .byte.b	%00001000
   2037  f81a		       18		      .byte.b	%00011000
   2038  f81b		       10		      .byte.b	%00010000
   2039  f81c		       10		      .byte.b	%00010000
   2040  f81d		       18		      .byte.b	%00011000
   2041  f81e		       08		      .byte.b	%00001000
   2042  f81f		       08		      .byte.b	%00001000
   2043  f820		       18		      .byte.b	%00011000
   2044  f821		       10		      .byte.b	%00010000
   2045  f822		       18		      .byte.b	%00011000
   2046  f823		       08		      .byte.b	%00001000
   2047  f824		       18		      .byte.b	%00011000
   2048  f825				   Sprite1Data
   2049  f825		       ff		      .byte.b	%11111111
   2050  f826		       ff		      .byte.b	%11111111
   2051  f827		       ff		      .byte.b	%11111111
   2052  f828		       ff		      .byte.b	%11111111
   2053  f829		       ff		      .byte.b	%11111111
   2054  f82a		       ff		      .byte.b	%11111111
   2055  f82b		       ff		      .byte.b	%11111111
   2056  f82c		       ff		      .byte.b	%11111111
   2057  f82d		       ff		      .byte.b	%11111111
   2058  f82e		       ff		      .byte.b	%11111111
   2059  f82f		       ff		      .byte.b	%11111111
   2060  f830		       ff		      .byte.b	%11111111
   2061  f831		       ff		      .byte.b	%11111111
   2062  f832		       ff		      .byte.b	%11111111
   2063  f833		       ff		      .byte.b	%11111111
   2064  f834		       ff		      .byte.b	%11111111
   2065  f835
   2066  f835							; --- RAM ---
   2067  f835		       00 80	   Score0     equ	$80
   2068  f835		       00 81	   Score1     equ	$81
   2069  f835		       00 82	   Score2     equ	$82
   2070  f835		       00 83	   Temp       equ	$83
   2071  f835		       00 84	   P0Y	      equ	$84
   2072  f835		       00 85	   P0H	      equ	$85
   2073  f835		       00 86	   P1Y	      equ	$86
   2074  f835		       00 87	   P1H	      equ	$87
   2075  f835		       00 88	   P0XDelay   equ	$88
   2076  f835		       00 89	   P1XDelay   equ	$89
   2077  f835		       00 8a	   P0En       equ	$8A
   2078  f835		       00 8b	   P1En       equ	$8B
   2079  f835		       00 8c	   ZPF0L      equ	$8C
   2080  f835		       00 8d	   ZPF1L      equ	$8D
   2081  f835		       00 8e	   ZPF2L      equ	$8E
   2082  f835		       00 8f	   ZPF0R      equ	$8F
   2083  f835		       00 90	   ZPF1R      equ	$90
   2084  f835		       00 91	   ZPF2R      equ	$91
   2085  f835		       00 92	   ZCOLUBK    equ	$92
   2086  f835		       00 93	   ZCOLUPF    equ	$93
   2087  f835		       00 94	   ZGRP0      equ	$94
   2088  f835		       00 95	   ZGRP1      equ	$95
   2089  f835
   2090  fffa					      ORG	$FFFA
   2091  fffa		       00 f0		      .word.w	Start
   2092  fffc		       00 f0		      .word.w	Start
   2093  fffe		       00 f0		      .word.w	Start
   2094  10000
