------- FILE debug.asm LEVEL 1 PASS 3
      1  10000 ????						; ============================================================
      2  10000 ????						; AGC generated — teste_1
      3  10000 ????						; TV=NTSC ROM=32768 scoreBar=on
      4  10000 ????						; P0 spawn=yes P1 spawn=default
      5  10000 ????						; Assembler: DASM (-f3 raw binary)
      6  10000 ????						; ============================================================
      7  10000 ????				       processor	6502
      8  10000 ????
      9  10000 ????		00 00	    VSYNC      equ	$00
     10  10000 ????		00 01	    VBLANK     equ	$01
     11  10000 ????		00 02	    WSYNC      equ	$02
     12  10000 ????		00 04	    NUSIZ0     equ	$04
     13  10000 ????		00 05	    NUSIZ1     equ	$05
     14  10000 ????		00 06	    COLUP0     equ	$06
     15  10000 ????		00 07	    COLUP1     equ	$07
     16  10000 ????		00 08	    COLUPF     equ	$08
     17  10000 ????		00 09	    COLUBK     equ	$09
     18  10000 ????		00 0a	    CTRLPF     equ	$0A
     19  10000 ????		00 0a	    CTRLPF     equ	$0A
     20  10000 ????		00 0d	    PF0        equ	$0D
     21  10000 ????		00 0e	    PF1        equ	$0E
     22  10000 ????		00 0f	    PF2        equ	$0F
     23  10000 ????		00 10	    RESP0      equ	$10
     24  10000 ????		00 11	    RESP1      equ	$11
     25  10000 ????		00 1b	    GRP0       equ	$1B
     26  10000 ????		00 1c	    GRP1       equ	$1C
     27  10000 ????		00 2a	    HMOVE      equ	$2A
     28  10000 ????		00 2b	    HMCLR      equ	$2B
     29  10000 ????		00 2c	    CXCLR      equ	$2C
     30  10000 ????		02 84	    INTIM      equ	$0284
     31  10000 ????		02 96	    TIM64T     equ	$0296
     32  10000 ????		02 80	    SWCHA      equ	$0280
     33  10000 ????		02 82	    SWCHB      equ	$0282
     34  10000 ????
     35  f000					      ORG	$F000
     36  f000
     37  f000				   Start
     38  f000		       78		      sei
     39  f001		       d8		      cld
     40  f002		       a2 ff		      ldx	#$FF
     41  f004		       9a		      txs
     42  f005		       a9 00		      lda	#0
     43  f007		       aa		      tax
     44  f008				   ClearMem
     45  f008		       95 00		      sta	$00,x
     46  f00a		       e8		      inx
     47  f00b		       d0 fb		      bne	ClearMem
     48  f00d
     49  f00d		       a9 00		      lda	#0
     50  f00f		       85 80		      sta	Score0
     51  f011		       85 81		      sta	Score1
     52  f013		       85 82		      sta	Score2
     53  f015
     54  f015							; Boot spawn positions / heights
     55  f015		       a9 66		      lda	#102
     56  f017		       85 84		      sta	P0Y
     57  f019		       a9 10		      lda	#16
     58  f01b		       85 85		      sta	P0H
     59  f01d		       a9 28		      lda	#40
     60  f01f		       85 86		      sta	P1Y
     61  f021		       a9 10		      lda	#16
     62  f023		       85 87		      sta	P1H
     63  f025		       a9 02		      lda	#2
     64  f027		       85 88		      sta	P0XDelay
     65  f029		       a9 14		      lda	#20
     66  f02b		       85 89		      sta	P1XDelay
     67  f02d		       a9 01		      lda	#1
     68  f02f		       85 8a		      sta	P0En
     69  f031		       85 8b		      sta	P1En
     70  f033
     71  f033				   MainLoop
     72  f033		       a9 02		      lda	#2
     73  f035		       85 00		      sta	VSYNC
     74  f037		       85 02		      sta	WSYNC
     75  f039		       85 02		      sta	WSYNC
     76  f03b		       85 02		      sta	WSYNC
     77  f03d		       a9 00		      lda	#0
     78  f03f		       85 00		      sta	VSYNC
     79  f041
     80  f041		       a9 28		      lda	#40
     81  f043		       8d 96 02 	      sta	TIM64T
     82  f046		       20 b9 f0 	      jsr	GameLogic
     83  f049		       20 ba f0 	      jsr	PositionPlayers
     84  f04c				   WaitVBlank
     85  f04c		       ad 84 02 	      lda	INTIM
     86  f04f		       d0 fb		      bne	WaitVBlank
     87  f051		       85 02		      sta	WSYNC
     88  f053		       85 01		      sta	VBLANK
     89  f055
     90  f055		       a9 1c		      lda	#$1C
     91  f057		       85 06		      sta	COLUP0
     92  f059		       a9 04		      lda	#$04
     93  f05b		       85 07		      sta	COLUP1
     94  f05d		       a9 00		      lda	#0
     95  f05f		       85 1b		      sta	GRP0
     96  f061		       85 1c		      sta	GRP1
     97  f063
     98  f063		       a9 00		      lda	#0
     99  f065		       85 0a		      sta	CTRLPF
    100  f067		       a0 00		      ldy	#0
    101  f069				   PlayLoop
    102  f069		       85 02		      sta	WSYNC
    103  f06b		       b9 11 f6 	      lda	COLUBKData,y
    104  f06e		       85 09		      sta	COLUBK
    105  f070		       b9 65 f5 	      lda	COLUPFData,y
    106  f073		       85 08		      sta	COLUPF
    107  f075		       b9 5d f1 	      lda	PF0Data,y
    108  f078		       85 0d		      sta	PF0
    109  f07a		       b9 09 f2 	      lda	PF1Data,y
    110  f07d		       85 0e		      sta	PF1
    111  f07f		       b9 b5 f2 	      lda	PF2Data,y
    112  f082		       85 0f		      sta	PF2
    113  f084		       b9 61 f3 	      lda	PF0RData,y
    114  f087		       85 0d		      sta	PF0
    115  f089		       b9 0d f4 	      lda	PF1RData,y
    116  f08c		       85 0e		      sta	PF1
    117  f08e		       b9 b9 f4 	      lda	PF2RData,y
    118  f091		       85 0f		      sta	PF2
    119  f093		       b9 bd f6 	      lda	GRP0Data,y
    120  f096		       85 1b		      sta	GRP0
    121  f098		       c8		      iny
    122  f099		       c0 ac		      cpy	#172
    123  f09b		       d0 cc		      bne	PlayLoop
    124  f09d
    125  f09d		       a9 00		      lda	#0
    126  f09f		       85 1b		      sta	GRP0
    127  f0a1		       85 1c		      sta	GRP1
    128  f0a3
    129  f0a3		       20 cd f0 	      jsr	DrawScoreBar
    130  f0a6		       a9 02		      lda	#2
    131  f0a8		       85 01		      sta	VBLANK
    132  f0aa		       a9 1e		      lda	#30
    133  f0ac		       8d 96 02 	      sta	TIM64T
    134  f0af				   WaitOverscan
    135  f0af		       ad 84 02 	      lda	INTIM
    136  f0b2		       d0 fb		      bne	WaitOverscan
    137  f0b4		       85 02		      sta	WSYNC
    138  f0b6		       4c 33 f0 	      jmp	MainLoop
    139  f0b9
    140  f0b9				   GameLogic
    141  f0b9		       60		      rts
    142  f0ba
    143  f0ba							; Posiciona P0/P1 no início da scanline (método grosso por delay)
    144  f0ba				   PositionPlayers
    145  f0ba		       85 02		      sta	WSYNC
    146  f0bc		       a6 88		      ldx	P0XDelay
    147  f0be		       ca	   P0Pos      dex
    148  f0bf		       d0 fd		      bne	P0Pos
    149  f0c1		       85 10		      sta	RESP0
    150  f0c3		       85 02		      sta	WSYNC
    151  f0c5		       a6 89		      ldx	P1XDelay
    152  f0c7		       ca	   P1Pos      dex
    153  f0c8		       d0 fd		      bne	P1Pos
    154  f0ca		       85 11		      sta	RESP1
    155  f0cc		       60		      rts
    156  f0cd
    157  f0cd				   DrawScoreBar
    158  f0cd		       a2 14		      ldx	#20
    159  f0cf				   ScoreBarLoop
    160  f0cf		       85 02		      sta	WSYNC
    161  f0d1		       a9 00		      lda	#0
    162  f0d3		       85 09		      sta	COLUBK
    163  f0d5		       85 0d		      sta	PF0
    164  f0d7		       85 0e		      sta	PF1
    165  f0d9		       85 0f		      sta	PF2
    166  f0db		       e0 13		      cpx	#19
    167  f0dd		       d0 04		      bne	NoRainbow
    168  f0df		       a9 44		      lda	#$44
    169  f0e1		       85 09		      sta	COLUBK
    170  f0e3				   NoRainbow
    171  f0e3		       e0 12		      cpx	#18
    172  f0e5		       d0 04		      bne	NoRainbow2
    173  f0e7		       a9 28		      lda	#$28
    174  f0e9		       85 09		      sta	COLUBK
    175  f0eb				   NoRainbow2
    176  f0eb		       a9 0e		      lda	#$0E
    177  f0ed		       85 08		      sta	COLUPF
    178  f0ef		       e0 0a		      cpx	#10
    179  f0f1		       d0 08		      bne	NoLogo
    180  f0f3		       a9 f0		      lda	#%11110000
    181  f0f5		       85 0e		      sta	PF1
    182  f0f7		       a9 6d		      lda	#%01101101
    183  f0f9		       85 0f		      sta	PF2
    184  f0fb				   NoLogo
    185  f0fb		       ca		      dex
    186  f0fc		       d0 d1		      bne	ScoreBarLoop
    187  f0fe		       a9 00		      lda	#0
    188  f100		       85 0d		      sta	PF0
    189  f102		       85 0e		      sta	PF1
    190  f104		       85 0f		      sta	PF2
    191  f106		       85 09		      sta	COLUBK
    192  f108		       60		      rts
    193  f109
    194  f109							; digits cfg: 6
    195  f109
    196  f109				   DigitGfx
    197  f109				   Digit0
    198  f109		       3c		      .byte.b	%00111100
    199  f10a		       66		      .byte.b	%01100110
    200  f10b		       66		      .byte.b	%01100110
    201  f10c		       66		      .byte.b	%01100110
    202  f10d		       66		      .byte.b	%01100110
    203  f10e		       66		      .byte.b	%01100110
    204  f10f		       66		      .byte.b	%01100110
    205  f110		       3c		      .byte.b	%00111100
    206  f111				   Digit1
    207  f111		       18		      .byte.b	%00011000
    208  f112		       38		      .byte.b	%00111000
    209  f113		       18		      .byte.b	%00011000
    210  f114		       18		      .byte.b	%00011000
    211  f115		       18		      .byte.b	%00011000
    212  f116		       18		      .byte.b	%00011000
    213  f117		       18		      .byte.b	%00011000
    214  f118		       7e		      .byte.b	%01111110
    215  f119				   Digit2
    216  f119		       3c		      .byte.b	%00111100
    217  f11a		       66		      .byte.b	%01100110
    218  f11b		       06		      .byte.b	%00000110
    219  f11c		       0c		      .byte.b	%00001100
    220  f11d		       18		      .byte.b	%00011000
    221  f11e		       30		      .byte.b	%00110000
    222  f11f		       60		      .byte.b	%01100000
    223  f120		       7e		      .byte.b	%01111110
    224  f121				   Digit3
    225  f121		       3c		      .byte.b	%00111100
    226  f122		       66		      .byte.b	%01100110
    227  f123		       06		      .byte.b	%00000110
    228  f124		       1c		      .byte.b	%00011100
    229  f125		       06		      .byte.b	%00000110
    230  f126		       06		      .byte.b	%00000110
    231  f127		       66		      .byte.b	%01100110
    232  f128		       3c		      .byte.b	%00111100
    233  f129				   Digit4
    234  f129		       0c		      .byte.b	%00001100
    235  f12a		       1c		      .byte.b	%00011100
    236  f12b		       3c		      .byte.b	%00111100
    237  f12c		       6c		      .byte.b	%01101100
    238  f12d		       7e		      .byte.b	%01111110
    239  f12e		       0c		      .byte.b	%00001100
    240  f12f		       0c		      .byte.b	%00001100
    241  f130		       0c		      .byte.b	%00001100
    242  f131				   Digit5
    243  f131		       7e		      .byte.b	%01111110
    244  f132		       60		      .byte.b	%01100000
    245  f133		       60		      .byte.b	%01100000
    246  f134		       7c		      .byte.b	%01111100
    247  f135		       06		      .byte.b	%00000110
    248  f136		       06		      .byte.b	%00000110
    249  f137		       66		      .byte.b	%01100110
    250  f138		       3c		      .byte.b	%00111100
    251  f139				   Digit6
    252  f139		       3c		      .byte.b	%00111100
    253  f13a		       66		      .byte.b	%01100110
    254  f13b		       60		      .byte.b	%01100000
    255  f13c		       7c		      .byte.b	%01111100
    256  f13d		       66		      .byte.b	%01100110
    257  f13e		       66		      .byte.b	%01100110
    258  f13f		       66		      .byte.b	%01100110
    259  f140		       3c		      .byte.b	%00111100
    260  f141				   Digit7
    261  f141		       7e		      .byte.b	%01111110
    262  f142		       06		      .byte.b	%00000110
    263  f143		       0c		      .byte.b	%00001100
    264  f144		       18		      .byte.b	%00011000
    265  f145		       18		      .byte.b	%00011000
    266  f146		       30		      .byte.b	%00110000
    267  f147		       30		      .byte.b	%00110000
    268  f148		       30		      .byte.b	%00110000
    269  f149				   Digit8
    270  f149		       3c		      .byte.b	%00111100
    271  f14a		       66		      .byte.b	%01100110
    272  f14b		       66		      .byte.b	%01100110
    273  f14c		       3c		      .byte.b	%00111100
    274  f14d		       66		      .byte.b	%01100110
    275  f14e		       66		      .byte.b	%01100110
    276  f14f		       66		      .byte.b	%01100110
    277  f150		       3c		      .byte.b	%00111100
    278  f151				   Digit9
    279  f151		       3c		      .byte.b	%00111100
    280  f152		       66		      .byte.b	%01100110
    281  f153		       66		      .byte.b	%01100110
    282  f154		       66		      .byte.b	%01100110
    283  f155		       3e		      .byte.b	%00111110
    284  f156		       06		      .byte.b	%00000110
    285  f157		       66		      .byte.b	%01100110
    286  f158		       3c		      .byte.b	%00111100
    287  f159
    288  f159				   LogoPF
    289  f159		       7e		      .byte.b	%01111110
    290  f15a		       c3		      .byte.b	%11000011
    291  f15b		       bd		      .byte.b	%10111101
    292  f15c		       00		      .byte.b	%00000000
    293  f15d
    294  f15d
    295  f15d							; Playfield tables (por scanline)
    296  f15d				   PF0Data
    297  f15d		       00		      .byte.b	$00
    298  f15e		       00		      .byte.b	$00
    299  f15f		       00		      .byte.b	$00
    300  f160		       00		      .byte.b	$00
    301  f161		       00		      .byte.b	$00
    302  f162		       00		      .byte.b	$00
    303  f163		       00		      .byte.b	$00
    304  f164		       00		      .byte.b	$00
    305  f165		       00		      .byte.b	$00
    306  f166		       00		      .byte.b	$00
    307  f167		       00		      .byte.b	$00
    308  f168		       00		      .byte.b	$00
    309  f169		       00		      .byte.b	$00
    310  f16a		       00		      .byte.b	$00
    311  f16b		       00		      .byte.b	$00
    312  f16c		       00		      .byte.b	$00
    313  f16d		       00		      .byte.b	$00
    314  f16e		       00		      .byte.b	$00
    315  f16f		       00		      .byte.b	$00
    316  f170		       00		      .byte.b	$00
    317  f171		       00		      .byte.b	$00
    318  f172		       00		      .byte.b	$00
    319  f173		       00		      .byte.b	$00
    320  f174		       00		      .byte.b	$00
    321  f175		       00		      .byte.b	$00
    322  f176		       00		      .byte.b	$00
    323  f177		       00		      .byte.b	$00
    324  f178		       00		      .byte.b	$00
    325  f179		       00		      .byte.b	$00
    326  f17a		       00		      .byte.b	$00
    327  f17b		       00		      .byte.b	$00
    328  f17c		       00		      .byte.b	$00
    329  f17d		       00		      .byte.b	$00
    330  f17e		       00		      .byte.b	$00
    331  f17f		       00		      .byte.b	$00
    332  f180		       00		      .byte.b	$00
    333  f181		       00		      .byte.b	$00
    334  f182		       00		      .byte.b	$00
    335  f183		       00		      .byte.b	$00
    336  f184		       00		      .byte.b	$00
    337  f185		       00		      .byte.b	$00
    338  f186		       00		      .byte.b	$00
    339  f187		       00		      .byte.b	$00
    340  f188		       00		      .byte.b	$00
    341  f189		       00		      .byte.b	$00
    342  f18a		       00		      .byte.b	$00
    343  f18b		       00		      .byte.b	$00
    344  f18c		       00		      .byte.b	$00
    345  f18d		       00		      .byte.b	$00
    346  f18e		       00		      .byte.b	$00
    347  f18f		       00		      .byte.b	$00
    348  f190		       00		      .byte.b	$00
    349  f191		       00		      .byte.b	$00
    350  f192		       00		      .byte.b	$00
    351  f193		       00		      .byte.b	$00
    352  f194		       00		      .byte.b	$00
    353  f195		       00		      .byte.b	$00
    354  f196		       00		      .byte.b	$00
    355  f197		       00		      .byte.b	$00
    356  f198		       00		      .byte.b	$00
    357  f199		       00		      .byte.b	$00
    358  f19a		       00		      .byte.b	$00
    359  f19b		       00		      .byte.b	$00
    360  f19c		       00		      .byte.b	$00
    361  f19d		       00		      .byte.b	$00
    362  f19e		       00		      .byte.b	$00
    363  f19f		       00		      .byte.b	$00
    364  f1a0		       00		      .byte.b	$00
    365  f1a1		       00		      .byte.b	$00
    366  f1a2		       00		      .byte.b	$00
    367  f1a3		       00		      .byte.b	$00
    368  f1a4		       00		      .byte.b	$00
    369  f1a5		       00		      .byte.b	$00
    370  f1a6		       00		      .byte.b	$00
    371  f1a7		       00		      .byte.b	$00
    372  f1a8		       00		      .byte.b	$00
    373  f1a9		       00		      .byte.b	$00
    374  f1aa		       00		      .byte.b	$00
    375  f1ab		       00		      .byte.b	$00
    376  f1ac		       00		      .byte.b	$00
    377  f1ad		       00		      .byte.b	$00
    378  f1ae		       00		      .byte.b	$00
    379  f1af		       00		      .byte.b	$00
    380  f1b0		       00		      .byte.b	$00
    381  f1b1		       00		      .byte.b	$00
    382  f1b2		       00		      .byte.b	$00
    383  f1b3		       00		      .byte.b	$00
    384  f1b4		       00		      .byte.b	$00
    385  f1b5		       00		      .byte.b	$00
    386  f1b6		       00		      .byte.b	$00
    387  f1b7		       00		      .byte.b	$00
    388  f1b8		       00		      .byte.b	$00
    389  f1b9		       00		      .byte.b	$00
    390  f1ba		       00		      .byte.b	$00
    391  f1bb		       00		      .byte.b	$00
    392  f1bc		       00		      .byte.b	$00
    393  f1bd		       00		      .byte.b	$00
    394  f1be		       00		      .byte.b	$00
    395  f1bf		       00		      .byte.b	$00
    396  f1c0		       00		      .byte.b	$00
    397  f1c1		       00		      .byte.b	$00
    398  f1c2		       00		      .byte.b	$00
    399  f1c3		       00		      .byte.b	$00
    400  f1c4		       00		      .byte.b	$00
    401  f1c5		       00		      .byte.b	$00
    402  f1c6		       00		      .byte.b	$00
    403  f1c7		       00		      .byte.b	$00
    404  f1c8		       00		      .byte.b	$00
    405  f1c9		       00		      .byte.b	$00
    406  f1ca		       00		      .byte.b	$00
    407  f1cb		       00		      .byte.b	$00
    408  f1cc		       00		      .byte.b	$00
    409  f1cd		       00		      .byte.b	$00
    410  f1ce		       00		      .byte.b	$00
    411  f1cf		       00		      .byte.b	$00
    412  f1d0		       00		      .byte.b	$00
    413  f1d1		       00		      .byte.b	$00
    414  f1d2		       00		      .byte.b	$00
    415  f1d3		       00		      .byte.b	$00
    416  f1d4		       00		      .byte.b	$00
    417  f1d5		       00		      .byte.b	$00
    418  f1d6		       00		      .byte.b	$00
    419  f1d7		       00		      .byte.b	$00
    420  f1d8		       00		      .byte.b	$00
    421  f1d9		       00		      .byte.b	$00
    422  f1da		       00		      .byte.b	$00
    423  f1db		       00		      .byte.b	$00
    424  f1dc		       00		      .byte.b	$00
    425  f1dd		       00		      .byte.b	$00
    426  f1de		       00		      .byte.b	$00
    427  f1df		       00		      .byte.b	$00
    428  f1e0		       00		      .byte.b	$00
    429  f1e1		       00		      .byte.b	$00
    430  f1e2		       00		      .byte.b	$00
    431  f1e3		       00		      .byte.b	$00
    432  f1e4		       00		      .byte.b	$00
    433  f1e5		       00		      .byte.b	$00
    434  f1e6		       00		      .byte.b	$00
    435  f1e7		       00		      .byte.b	$00
    436  f1e8		       00		      .byte.b	$00
    437  f1e9		       00		      .byte.b	$00
    438  f1ea		       00		      .byte.b	$00
    439  f1eb		       00		      .byte.b	$00
    440  f1ec		       00		      .byte.b	$00
    441  f1ed		       00		      .byte.b	$00
    442  f1ee		       00		      .byte.b	$00
    443  f1ef		       00		      .byte.b	$00
    444  f1f0		       00		      .byte.b	$00
    445  f1f1		       00		      .byte.b	$00
    446  f1f2		       00		      .byte.b	$00
    447  f1f3		       00		      .byte.b	$00
    448  f1f4		       00		      .byte.b	$00
    449  f1f5		       00		      .byte.b	$00
    450  f1f6		       00		      .byte.b	$00
    451  f1f7		       00		      .byte.b	$00
    452  f1f8		       00		      .byte.b	$00
    453  f1f9		       00		      .byte.b	$00
    454  f1fa		       00		      .byte.b	$00
    455  f1fb		       00		      .byte.b	$00
    456  f1fc		       00		      .byte.b	$00
    457  f1fd		       00		      .byte.b	$00
    458  f1fe		       00		      .byte.b	$00
    459  f1ff		       00		      .byte.b	$00
    460  f200		       00		      .byte.b	$00
    461  f201		       00		      .byte.b	$00
    462  f202		       00		      .byte.b	$00
    463  f203		       00		      .byte.b	$00
    464  f204		       00		      .byte.b	$00
    465  f205		       00		      .byte.b	$00
    466  f206		       00		      .byte.b	$00
    467  f207		       00		      .byte.b	$00
    468  f208		       00		      .byte.b	$00
    469  f209				   PF1Data
    470  f209		       00		      .byte.b	$00
    471  f20a		       00		      .byte.b	$00
    472  f20b		       00		      .byte.b	$00
    473  f20c		       00		      .byte.b	$00
    474  f20d		       00		      .byte.b	$00
    475  f20e		       00		      .byte.b	$00
    476  f20f		       00		      .byte.b	$00
    477  f210		       00		      .byte.b	$00
    478  f211		       00		      .byte.b	$00
    479  f212		       00		      .byte.b	$00
    480  f213		       00		      .byte.b	$00
    481  f214		       00		      .byte.b	$00
    482  f215		       00		      .byte.b	$00
    483  f216		       00		      .byte.b	$00
    484  f217		       00		      .byte.b	$00
    485  f218		       00		      .byte.b	$00
    486  f219		       00		      .byte.b	$00
    487  f21a		       00		      .byte.b	$00
    488  f21b		       00		      .byte.b	$00
    489  f21c		       00		      .byte.b	$00
    490  f21d		       00		      .byte.b	$00
    491  f21e		       00		      .byte.b	$00
    492  f21f		       00		      .byte.b	$00
    493  f220		       00		      .byte.b	$00
    494  f221		       00		      .byte.b	$00
    495  f222		       00		      .byte.b	$00
    496  f223		       00		      .byte.b	$00
    497  f224		       3f		      .byte.b	$3F
    498  f225		       3f		      .byte.b	$3F
    499  f226		       3f		      .byte.b	$3F
    500  f227		       3f		      .byte.b	$3F
    501  f228		       3f		      .byte.b	$3F
    502  f229		       3f		      .byte.b	$3F
    503  f22a		       30		      .byte.b	$30
    504  f22b		       30		      .byte.b	$30
    505  f22c		       30		      .byte.b	$30
    506  f22d		       30		      .byte.b	$30
    507  f22e		       30		      .byte.b	$30
    508  f22f		       30		      .byte.b	$30
    509  f230		       3f		      .byte.b	$3F
    510  f231		       3f		      .byte.b	$3F
    511  f232		       3f		      .byte.b	$3F
    512  f233		       3f		      .byte.b	$3F
    513  f234		       3f		      .byte.b	$3F
    514  f235		       3f		      .byte.b	$3F
    515  f236		       31		      .byte.b	$31
    516  f237		       30		      .byte.b	$30
    517  f238		       30		      .byte.b	$30
    518  f239		       30		      .byte.b	$30
    519  f23a		       30		      .byte.b	$30
    520  f23b		       30		      .byte.b	$30
    521  f23c		       30		      .byte.b	$30
    522  f23d		       30		      .byte.b	$30
    523  f23e		       30		      .byte.b	$30
    524  f23f		       30		      .byte.b	$30
    525  f240		       30		      .byte.b	$30
    526  f241		       30		      .byte.b	$30
    527  f242		       00		      .byte.b	$00
    528  f243		       00		      .byte.b	$00
    529  f244		       00		      .byte.b	$00
    530  f245		       00		      .byte.b	$00
    531  f246		       00		      .byte.b	$00
    532  f247		       00		      .byte.b	$00
    533  f248		       00		      .byte.b	$00
    534  f249		       00		      .byte.b	$00
    535  f24a		       00		      .byte.b	$00
    536  f24b		       00		      .byte.b	$00
    537  f24c		       00		      .byte.b	$00
    538  f24d		       00		      .byte.b	$00
    539  f24e		       00		      .byte.b	$00
    540  f24f		       00		      .byte.b	$00
    541  f250		       00		      .byte.b	$00
    542  f251		       00		      .byte.b	$00
    543  f252		       00		      .byte.b	$00
    544  f253		       00		      .byte.b	$00
    545  f254		       00		      .byte.b	$00
    546  f255		       00		      .byte.b	$00
    547  f256		       00		      .byte.b	$00
    548  f257		       00		      .byte.b	$00
    549  f258		       00		      .byte.b	$00
    550  f259		       00		      .byte.b	$00
    551  f25a		       00		      .byte.b	$00
    552  f25b		       00		      .byte.b	$00
    553  f25c		       00		      .byte.b	$00
    554  f25d		       00		      .byte.b	$00
    555  f25e		       00		      .byte.b	$00
    556  f25f		       00		      .byte.b	$00
    557  f260		       00		      .byte.b	$00
    558  f261		       00		      .byte.b	$00
    559  f262		       00		      .byte.b	$00
    560  f263		       00		      .byte.b	$00
    561  f264		       00		      .byte.b	$00
    562  f265		       00		      .byte.b	$00
    563  f266		       00		      .byte.b	$00
    564  f267		       00		      .byte.b	$00
    565  f268		       00		      .byte.b	$00
    566  f269		       00		      .byte.b	$00
    567  f26a		       00		      .byte.b	$00
    568  f26b		       00		      .byte.b	$00
    569  f26c		       00		      .byte.b	$00
    570  f26d		       00		      .byte.b	$00
    571  f26e		       00		      .byte.b	$00
    572  f26f		       00		      .byte.b	$00
    573  f270		       00		      .byte.b	$00
    574  f271		       00		      .byte.b	$00
    575  f272		       00		      .byte.b	$00
    576  f273		       00		      .byte.b	$00
    577  f274		       00		      .byte.b	$00
    578  f275		       00		      .byte.b	$00
    579  f276		       00		      .byte.b	$00
    580  f277		       00		      .byte.b	$00
    581  f278		       00		      .byte.b	$00
    582  f279		       00		      .byte.b	$00
    583  f27a		       00		      .byte.b	$00
    584  f27b		       00		      .byte.b	$00
    585  f27c		       00		      .byte.b	$00
    586  f27d		       00		      .byte.b	$00
    587  f27e		       00		      .byte.b	$00
    588  f27f		       00		      .byte.b	$00
    589  f280		       00		      .byte.b	$00
    590  f281		       00		      .byte.b	$00
    591  f282		       00		      .byte.b	$00
    592  f283		       00		      .byte.b	$00
    593  f284		       00		      .byte.b	$00
    594  f285		       00		      .byte.b	$00
    595  f286		       00		      .byte.b	$00
    596  f287		       00		      .byte.b	$00
    597  f288		       00		      .byte.b	$00
    598  f289		       00		      .byte.b	$00
    599  f28a		       00		      .byte.b	$00
    600  f28b		       00		      .byte.b	$00
    601  f28c		       00		      .byte.b	$00
    602  f28d		       00		      .byte.b	$00
    603  f28e		       00		      .byte.b	$00
    604  f28f		       00		      .byte.b	$00
    605  f290		       00		      .byte.b	$00
    606  f291		       00		      .byte.b	$00
    607  f292		       00		      .byte.b	$00
    608  f293		       00		      .byte.b	$00
    609  f294		       00		      .byte.b	$00
    610  f295		       00		      .byte.b	$00
    611  f296		       00		      .byte.b	$00
    612  f297		       00		      .byte.b	$00
    613  f298		       00		      .byte.b	$00
    614  f299		       00		      .byte.b	$00
    615  f29a		       00		      .byte.b	$00
    616  f29b		       00		      .byte.b	$00
    617  f29c		       00		      .byte.b	$00
    618  f29d		       00		      .byte.b	$00
    619  f29e		       00		      .byte.b	$00
    620  f29f		       00		      .byte.b	$00
    621  f2a0		       00		      .byte.b	$00
    622  f2a1		       00		      .byte.b	$00
    623  f2a2		       00		      .byte.b	$00
    624  f2a3		       00		      .byte.b	$00
    625  f2a4		       00		      .byte.b	$00
    626  f2a5		       00		      .byte.b	$00
    627  f2a6		       00		      .byte.b	$00
    628  f2a7		       00		      .byte.b	$00
    629  f2a8		       00		      .byte.b	$00
    630  f2a9		       00		      .byte.b	$00
    631  f2aa		       00		      .byte.b	$00
    632  f2ab		       00		      .byte.b	$00
    633  f2ac		       00		      .byte.b	$00
    634  f2ad		       00		      .byte.b	$00
    635  f2ae		       00		      .byte.b	$00
    636  f2af		       00		      .byte.b	$00
    637  f2b0		       00		      .byte.b	$00
    638  f2b1		       00		      .byte.b	$00
    639  f2b2		       00		      .byte.b	$00
    640  f2b3		       00		      .byte.b	$00
    641  f2b4		       00		      .byte.b	$00
    642  f2b5				   PF2Data
    643  f2b5		       00		      .byte.b	$00
    644  f2b6		       00		      .byte.b	$00
    645  f2b7		       00		      .byte.b	$00
    646  f2b8		       00		      .byte.b	$00
    647  f2b9		       00		      .byte.b	$00
    648  f2ba		       00		      .byte.b	$00
    649  f2bb		       00		      .byte.b	$00
    650  f2bc		       00		      .byte.b	$00
    651  f2bd		       00		      .byte.b	$00
    652  f2be		       00		      .byte.b	$00
    653  f2bf		       00		      .byte.b	$00
    654  f2c0		       00		      .byte.b	$00
    655  f2c1		       00		      .byte.b	$00
    656  f2c2		       00		      .byte.b	$00
    657  f2c3		       00		      .byte.b	$00
    658  f2c4		       00		      .byte.b	$00
    659  f2c5		       00		      .byte.b	$00
    660  f2c6		       00		      .byte.b	$00
    661  f2c7		       00		      .byte.b	$00
    662  f2c8		       00		      .byte.b	$00
    663  f2c9		       00		      .byte.b	$00
    664  f2ca		       00		      .byte.b	$00
    665  f2cb		       00		      .byte.b	$00
    666  f2cc		       00		      .byte.b	$00
    667  f2cd		       00		      .byte.b	$00
    668  f2ce		       00		      .byte.b	$00
    669  f2cf		       00		      .byte.b	$00
    670  f2d0		       03		      .byte.b	$03
    671  f2d1		       03		      .byte.b	$03
    672  f2d2		       03		      .byte.b	$03
    673  f2d3		       03		      .byte.b	$03
    674  f2d4		       03		      .byte.b	$03
    675  f2d5		       03		      .byte.b	$03
    676  f2d6		       03		      .byte.b	$03
    677  f2d7		       03		      .byte.b	$03
    678  f2d8		       03		      .byte.b	$03
    679  f2d9		       03		      .byte.b	$03
    680  f2da		       03		      .byte.b	$03
    681  f2db		       03		      .byte.b	$03
    682  f2dc		       03		      .byte.b	$03
    683  f2dd		       03		      .byte.b	$03
    684  f2de		       03		      .byte.b	$03
    685  f2df		       03		      .byte.b	$03
    686  f2e0		       03		      .byte.b	$03
    687  f2e1		       03		      .byte.b	$03
    688  f2e2		       03		      .byte.b	$03
    689  f2e3		       03		      .byte.b	$03
    690  f2e4		       03		      .byte.b	$03
    691  f2e5		       03		      .byte.b	$03
    692  f2e6		       03		      .byte.b	$03
    693  f2e7		       03		      .byte.b	$03
    694  f2e8		       03		      .byte.b	$03
    695  f2e9		       03		      .byte.b	$03
    696  f2ea		       03		      .byte.b	$03
    697  f2eb		       03		      .byte.b	$03
    698  f2ec		       03		      .byte.b	$03
    699  f2ed		       00		      .byte.b	$00
    700  f2ee		       00		      .byte.b	$00
    701  f2ef		       00		      .byte.b	$00
    702  f2f0		       00		      .byte.b	$00
    703  f2f1		       00		      .byte.b	$00
    704  f2f2		       00		      .byte.b	$00
    705  f2f3		       00		      .byte.b	$00
    706  f2f4		       00		      .byte.b	$00
    707  f2f5		       00		      .byte.b	$00
    708  f2f6		       00		      .byte.b	$00
    709  f2f7		       00		      .byte.b	$00
    710  f2f8		       00		      .byte.b	$00
    711  f2f9		       00		      .byte.b	$00
    712  f2fa		       00		      .byte.b	$00
    713  f2fb		       00		      .byte.b	$00
    714  f2fc		       00		      .byte.b	$00
    715  f2fd		       00		      .byte.b	$00
    716  f2fe		       00		      .byte.b	$00
    717  f2ff		       00		      .byte.b	$00
    718  f300		       00		      .byte.b	$00
    719  f301		       00		      .byte.b	$00
    720  f302		       00		      .byte.b	$00
    721  f303		       00		      .byte.b	$00
    722  f304		       00		      .byte.b	$00
    723  f305		       00		      .byte.b	$00
    724  f306		       00		      .byte.b	$00
    725  f307		       00		      .byte.b	$00
    726  f308		       00		      .byte.b	$00
    727  f309		       00		      .byte.b	$00
    728  f30a		       00		      .byte.b	$00
    729  f30b		       00		      .byte.b	$00
    730  f30c		       00		      .byte.b	$00
    731  f30d		       80		      .byte.b	$80
    732  f30e		       80		      .byte.b	$80
    733  f30f		       80		      .byte.b	$80
    734  f310		       80		      .byte.b	$80
    735  f311		       80		      .byte.b	$80
    736  f312		       80		      .byte.b	$80
    737  f313		       80		      .byte.b	$80
    738  f314		       80		      .byte.b	$80
    739  f315		       80		      .byte.b	$80
    740  f316		       80		      .byte.b	$80
    741  f317		       80		      .byte.b	$80
    742  f318		       80		      .byte.b	$80
    743  f319		       80		      .byte.b	$80
    744  f31a		       80		      .byte.b	$80
    745  f31b		       80		      .byte.b	$80
    746  f31c		       80		      .byte.b	$80
    747  f31d		       80		      .byte.b	$80
    748  f31e		       80		      .byte.b	$80
    749  f31f		       80		      .byte.b	$80
    750  f320		       80		      .byte.b	$80
    751  f321		       80		      .byte.b	$80
    752  f322		       80		      .byte.b	$80
    753  f323		       80		      .byte.b	$80
    754  f324		       80		      .byte.b	$80
    755  f325		       80		      .byte.b	$80
    756  f326		       80		      .byte.b	$80
    757  f327		       80		      .byte.b	$80
    758  f328		       80		      .byte.b	$80
    759  f329		       80		      .byte.b	$80
    760  f32a		       80		      .byte.b	$80
    761  f32b		       80		      .byte.b	$80
    762  f32c		       80		      .byte.b	$80
    763  f32d		       80		      .byte.b	$80
    764  f32e		       80		      .byte.b	$80
    765  f32f		       80		      .byte.b	$80
    766  f330		       80		      .byte.b	$80
    767  f331		       80		      .byte.b	$80
    768  f332		       80		      .byte.b	$80
    769  f333		       80		      .byte.b	$80
    770  f334		       80		      .byte.b	$80
    771  f335		       80		      .byte.b	$80
    772  f336		       80		      .byte.b	$80
    773  f337		       80		      .byte.b	$80
    774  f338		       80		      .byte.b	$80
    775  f339		       80		      .byte.b	$80
    776  f33a		       80		      .byte.b	$80
    777  f33b		       80		      .byte.b	$80
    778  f33c		       80		      .byte.b	$80
    779  f33d		       80		      .byte.b	$80
    780  f33e		       80		      .byte.b	$80
    781  f33f		       80		      .byte.b	$80
    782  f340		       80		      .byte.b	$80
    783  f341		       80		      .byte.b	$80
    784  f342		       80		      .byte.b	$80
    785  f343		       80		      .byte.b	$80
    786  f344		       80		      .byte.b	$80
    787  f345		       80		      .byte.b	$80
    788  f346		       80		      .byte.b	$80
    789  f347		       80		      .byte.b	$80
    790  f348		       80		      .byte.b	$80
    791  f349		       80		      .byte.b	$80
    792  f34a		       80		      .byte.b	$80
    793  f34b		       80		      .byte.b	$80
    794  f34c		       80		      .byte.b	$80
    795  f34d		       80		      .byte.b	$80
    796  f34e		       80		      .byte.b	$80
    797  f34f		       80		      .byte.b	$80
    798  f350		       80		      .byte.b	$80
    799  f351		       80		      .byte.b	$80
    800  f352		       80		      .byte.b	$80
    801  f353		       80		      .byte.b	$80
    802  f354		       80		      .byte.b	$80
    803  f355		       80		      .byte.b	$80
    804  f356		       80		      .byte.b	$80
    805  f357		       80		      .byte.b	$80
    806  f358		       80		      .byte.b	$80
    807  f359		       80		      .byte.b	$80
    808  f35a		       80		      .byte.b	$80
    809  f35b		       80		      .byte.b	$80
    810  f35c		       80		      .byte.b	$80
    811  f35d		       80		      .byte.b	$80
    812  f35e		       80		      .byte.b	$80
    813  f35f		       80		      .byte.b	$80
    814  f360		       00		      .byte.b	$00
    815  f361				   PF0RData
    816  f361		       00		      .byte.b	$00
    817  f362		       00		      .byte.b	$00
    818  f363		       10		      .byte.b	$10
    819  f364		       10		      .byte.b	$10
    820  f365		       10		      .byte.b	$10
    821  f366		       10		      .byte.b	$10
    822  f367		       10		      .byte.b	$10
    823  f368		       10		      .byte.b	$10
    824  f369		       10		      .byte.b	$10
    825  f36a		       10		      .byte.b	$10
    826  f36b		       10		      .byte.b	$10
    827  f36c		       10		      .byte.b	$10
    828  f36d		       10		      .byte.b	$10
    829  f36e		       10		      .byte.b	$10
    830  f36f		       10		      .byte.b	$10
    831  f370		       10		      .byte.b	$10
    832  f371		       10		      .byte.b	$10
    833  f372		       10		      .byte.b	$10
    834  f373		       10		      .byte.b	$10
    835  f374		       10		      .byte.b	$10
    836  f375		       10		      .byte.b	$10
    837  f376		       10		      .byte.b	$10
    838  f377		       10		      .byte.b	$10
    839  f378		       10		      .byte.b	$10
    840  f379		       10		      .byte.b	$10
    841  f37a		       10		      .byte.b	$10
    842  f37b		       10		      .byte.b	$10
    843  f37c		       10		      .byte.b	$10
    844  f37d		       10		      .byte.b	$10
    845  f37e		       10		      .byte.b	$10
    846  f37f		       10		      .byte.b	$10
    847  f380		       10		      .byte.b	$10
    848  f381		       10		      .byte.b	$10
    849  f382		       10		      .byte.b	$10
    850  f383		       10		      .byte.b	$10
    851  f384		       10		      .byte.b	$10
    852  f385		       10		      .byte.b	$10
    853  f386		       10		      .byte.b	$10
    854  f387		       10		      .byte.b	$10
    855  f388		       10		      .byte.b	$10
    856  f389		       10		      .byte.b	$10
    857  f38a		       10		      .byte.b	$10
    858  f38b		       10		      .byte.b	$10
    859  f38c		       10		      .byte.b	$10
    860  f38d		       10		      .byte.b	$10
    861  f38e		       10		      .byte.b	$10
    862  f38f		       10		      .byte.b	$10
    863  f390		       10		      .byte.b	$10
    864  f391		       10		      .byte.b	$10
    865  f392		       10		      .byte.b	$10
    866  f393		       10		      .byte.b	$10
    867  f394		       10		      .byte.b	$10
    868  f395		       10		      .byte.b	$10
    869  f396		       10		      .byte.b	$10
    870  f397		       10		      .byte.b	$10
    871  f398		       10		      .byte.b	$10
    872  f399		       10		      .byte.b	$10
    873  f39a		       10		      .byte.b	$10
    874  f39b		       10		      .byte.b	$10
    875  f39c		       10		      .byte.b	$10
    876  f39d		       10		      .byte.b	$10
    877  f39e		       10		      .byte.b	$10
    878  f39f		       10		      .byte.b	$10
    879  f3a0		       10		      .byte.b	$10
    880  f3a1		       10		      .byte.b	$10
    881  f3a2		       10		      .byte.b	$10
    882  f3a3		       10		      .byte.b	$10
    883  f3a4		       10		      .byte.b	$10
    884  f3a5		       10		      .byte.b	$10
    885  f3a6		       10		      .byte.b	$10
    886  f3a7		       10		      .byte.b	$10
    887  f3a8		       10		      .byte.b	$10
    888  f3a9		       10		      .byte.b	$10
    889  f3aa		       10		      .byte.b	$10
    890  f3ab		       10		      .byte.b	$10
    891  f3ac		       10		      .byte.b	$10
    892  f3ad		       10		      .byte.b	$10
    893  f3ae		       10		      .byte.b	$10
    894  f3af		       10		      .byte.b	$10
    895  f3b0		       10		      .byte.b	$10
    896  f3b1		       10		      .byte.b	$10
    897  f3b2		       10		      .byte.b	$10
    898  f3b3		       10		      .byte.b	$10
    899  f3b4		       10		      .byte.b	$10
    900  f3b5		       10		      .byte.b	$10
    901  f3b6		       10		      .byte.b	$10
    902  f3b7		       00		      .byte.b	$00
    903  f3b8		       00		      .byte.b	$00
    904  f3b9		       00		      .byte.b	$00
    905  f3ba		       00		      .byte.b	$00
    906  f3bb		       00		      .byte.b	$00
    907  f3bc		       00		      .byte.b	$00
    908  f3bd		       00		      .byte.b	$00
    909  f3be		       00		      .byte.b	$00
    910  f3bf		       00		      .byte.b	$00
    911  f3c0		       00		      .byte.b	$00
    912  f3c1		       00		      .byte.b	$00
    913  f3c2		       00		      .byte.b	$00
    914  f3c3		       00		      .byte.b	$00
    915  f3c4		       00		      .byte.b	$00
    916  f3c5		       00		      .byte.b	$00
    917  f3c6		       00		      .byte.b	$00
    918  f3c7		       00		      .byte.b	$00
    919  f3c8		       00		      .byte.b	$00
    920  f3c9		       00		      .byte.b	$00
    921  f3ca		       00		      .byte.b	$00
    922  f3cb		       00		      .byte.b	$00
    923  f3cc		       00		      .byte.b	$00
    924  f3cd		       00		      .byte.b	$00
    925  f3ce		       00		      .byte.b	$00
    926  f3cf		       00		      .byte.b	$00
    927  f3d0		       00		      .byte.b	$00
    928  f3d1		       00		      .byte.b	$00
    929  f3d2		       00		      .byte.b	$00
    930  f3d3		       00		      .byte.b	$00
    931  f3d4		       00		      .byte.b	$00
    932  f3d5		       00		      .byte.b	$00
    933  f3d6		       00		      .byte.b	$00
    934  f3d7		       00		      .byte.b	$00
    935  f3d8		       00		      .byte.b	$00
    936  f3d9		       00		      .byte.b	$00
    937  f3da		       00		      .byte.b	$00
    938  f3db		       00		      .byte.b	$00
    939  f3dc		       00		      .byte.b	$00
    940  f3dd		       00		      .byte.b	$00
    941  f3de		       00		      .byte.b	$00
    942  f3df		       00		      .byte.b	$00
    943  f3e0		       00		      .byte.b	$00
    944  f3e1		       00		      .byte.b	$00
    945  f3e2		       00		      .byte.b	$00
    946  f3e3		       00		      .byte.b	$00
    947  f3e4		       00		      .byte.b	$00
    948  f3e5		       00		      .byte.b	$00
    949  f3e6		       00		      .byte.b	$00
    950  f3e7		       00		      .byte.b	$00
    951  f3e8		       00		      .byte.b	$00
    952  f3e9		       00		      .byte.b	$00
    953  f3ea		       00		      .byte.b	$00
    954  f3eb		       00		      .byte.b	$00
    955  f3ec		       00		      .byte.b	$00
    956  f3ed		       00		      .byte.b	$00
    957  f3ee		       00		      .byte.b	$00
    958  f3ef		       00		      .byte.b	$00
    959  f3f0		       00		      .byte.b	$00
    960  f3f1		       00		      .byte.b	$00
    961  f3f2		       00		      .byte.b	$00
    962  f3f3		       00		      .byte.b	$00
    963  f3f4		       00		      .byte.b	$00
    964  f3f5		       00		      .byte.b	$00
    965  f3f6		       00		      .byte.b	$00
    966  f3f7		       00		      .byte.b	$00
    967  f3f8		       00		      .byte.b	$00
    968  f3f9		       00		      .byte.b	$00
    969  f3fa		       00		      .byte.b	$00
    970  f3fb		       00		      .byte.b	$00
    971  f3fc		       00		      .byte.b	$00
    972  f3fd		       00		      .byte.b	$00
    973  f3fe		       00		      .byte.b	$00
    974  f3ff		       00		      .byte.b	$00
    975  f400		       00		      .byte.b	$00
    976  f401		       00		      .byte.b	$00
    977  f402		       00		      .byte.b	$00
    978  f403		       00		      .byte.b	$00
    979  f404		       00		      .byte.b	$00
    980  f405		       00		      .byte.b	$00
    981  f406		       00		      .byte.b	$00
    982  f407		       00		      .byte.b	$00
    983  f408		       00		      .byte.b	$00
    984  f409		       00		      .byte.b	$00
    985  f40a		       00		      .byte.b	$00
    986  f40b		       00		      .byte.b	$00
    987  f40c		       00		      .byte.b	$00
    988  f40d				   PF1RData
    989  f40d		       00		      .byte.b	$00
    990  f40e		       00		      .byte.b	$00
    991  f40f		       00		      .byte.b	$00
    992  f410		       00		      .byte.b	$00
    993  f411		       00		      .byte.b	$00
    994  f412		       00		      .byte.b	$00
    995  f413		       00		      .byte.b	$00
    996  f414		       00		      .byte.b	$00
    997  f415		       00		      .byte.b	$00
    998  f416		       00		      .byte.b	$00
    999  f417		       00		      .byte.b	$00
   1000  f418		       00		      .byte.b	$00
   1001  f419		       00		      .byte.b	$00
   1002  f41a		       00		      .byte.b	$00
   1003  f41b		       00		      .byte.b	$00
   1004  f41c		       00		      .byte.b	$00
   1005  f41d		       00		      .byte.b	$00
   1006  f41e		       00		      .byte.b	$00
   1007  f41f		       00		      .byte.b	$00
   1008  f420		       00		      .byte.b	$00
   1009  f421		       00		      .byte.b	$00
   1010  f422		       00		      .byte.b	$00
   1011  f423		       00		      .byte.b	$00
   1012  f424		       00		      .byte.b	$00
   1013  f425		       00		      .byte.b	$00
   1014  f426		       00		      .byte.b	$00
   1015  f427		       00		      .byte.b	$00
   1016  f428		       00		      .byte.b	$00
   1017  f429		       00		      .byte.b	$00
   1018  f42a		       00		      .byte.b	$00
   1019  f42b		       00		      .byte.b	$00
   1020  f42c		       00		      .byte.b	$00
   1021  f42d		       00		      .byte.b	$00
   1022  f42e		       00		      .byte.b	$00
   1023  f42f		       00		      .byte.b	$00
   1024  f430		       00		      .byte.b	$00
   1025  f431		       00		      .byte.b	$00
   1026  f432		       00		      .byte.b	$00
   1027  f433		       00		      .byte.b	$00
   1028  f434		       00		      .byte.b	$00
   1029  f435		       00		      .byte.b	$00
   1030  f436		       00		      .byte.b	$00
   1031  f437		       00		      .byte.b	$00
   1032  f438		       00		      .byte.b	$00
   1033  f439		       00		      .byte.b	$00
   1034  f43a		       00		      .byte.b	$00
   1035  f43b		       00		      .byte.b	$00
   1036  f43c		       00		      .byte.b	$00
   1037  f43d		       00		      .byte.b	$00
   1038  f43e		       00		      .byte.b	$00
   1039  f43f		       00		      .byte.b	$00
   1040  f440		       00		      .byte.b	$00
   1041  f441		       00		      .byte.b	$00
   1042  f442		       00		      .byte.b	$00
   1043  f443		       00		      .byte.b	$00
   1044  f444		       00		      .byte.b	$00
   1045  f445		       00		      .byte.b	$00
   1046  f446		       00		      .byte.b	$00
   1047  f447		       00		      .byte.b	$00
   1048  f448		       00		      .byte.b	$00
   1049  f449		       00		      .byte.b	$00
   1050  f44a		       00		      .byte.b	$00
   1051  f44b		       00		      .byte.b	$00
   1052  f44c		       00		      .byte.b	$00
   1053  f44d		       00		      .byte.b	$00
   1054  f44e		       00		      .byte.b	$00
   1055  f44f		       00		      .byte.b	$00
   1056  f450		       00		      .byte.b	$00
   1057  f451		       00		      .byte.b	$00
   1058  f452		       00		      .byte.b	$00
   1059  f453		       00		      .byte.b	$00
   1060  f454		       00		      .byte.b	$00
   1061  f455		       00		      .byte.b	$00
   1062  f456		       00		      .byte.b	$00
   1063  f457		       00		      .byte.b	$00
   1064  f458		       00		      .byte.b	$00
   1065  f459		       00		      .byte.b	$00
   1066  f45a		       00		      .byte.b	$00
   1067  f45b		       00		      .byte.b	$00
   1068  f45c		       00		      .byte.b	$00
   1069  f45d		       00		      .byte.b	$00
   1070  f45e		       00		      .byte.b	$00
   1071  f45f		       00		      .byte.b	$00
   1072  f460		       00		      .byte.b	$00
   1073  f461		       00		      .byte.b	$00
   1074  f462		       00		      .byte.b	$00
   1075  f463		       00		      .byte.b	$00
   1076  f464		       00		      .byte.b	$00
   1077  f465		       00		      .byte.b	$00
   1078  f466		       00		      .byte.b	$00
   1079  f467		       00		      .byte.b	$00
   1080  f468		       00		      .byte.b	$00
   1081  f469		       00		      .byte.b	$00
   1082  f46a		       00		      .byte.b	$00
   1083  f46b		       00		      .byte.b	$00
   1084  f46c		       00		      .byte.b	$00
   1085  f46d		       00		      .byte.b	$00
   1086  f46e		       00		      .byte.b	$00
   1087  f46f		       00		      .byte.b	$00
   1088  f470		       00		      .byte.b	$00
   1089  f471		       00		      .byte.b	$00
   1090  f472		       00		      .byte.b	$00
   1091  f473		       00		      .byte.b	$00
   1092  f474		       00		      .byte.b	$00
   1093  f475		       00		      .byte.b	$00
   1094  f476		       00		      .byte.b	$00
   1095  f477		       00		      .byte.b	$00
   1096  f478		       00		      .byte.b	$00
   1097  f479		       00		      .byte.b	$00
   1098  f47a		       00		      .byte.b	$00
   1099  f47b		       00		      .byte.b	$00
   1100  f47c		       00		      .byte.b	$00
   1101  f47d		       f0		      .byte.b	$F0
   1102  f47e		       f0		      .byte.b	$F0
   1103  f47f		       f0		      .byte.b	$F0
   1104  f480		       88		      .byte.b	$88
   1105  f481		       88		      .byte.b	$88
   1106  f482		       88		      .byte.b	$88
   1107  f483		       88		      .byte.b	$88
   1108  f484		       88		      .byte.b	$88
   1109  f485		       88		      .byte.b	$88
   1110  f486		       88		      .byte.b	$88
   1111  f487		       88		      .byte.b	$88
   1112  f488		       80		      .byte.b	$80
   1113  f489		       90		      .byte.b	$90
   1114  f48a		       f0		      .byte.b	$F0
   1115  f48b		       f0		      .byte.b	$F0
   1116  f48c		       f0		      .byte.b	$F0
   1117  f48d		       f0		      .byte.b	$F0
   1118  f48e		       f0		      .byte.b	$F0
   1119  f48f		       e8		      .byte.b	$E8
   1120  f490		       88		      .byte.b	$88
   1121  f491		       88		      .byte.b	$88
   1122  f492		       88		      .byte.b	$88
   1123  f493		       88		      .byte.b	$88
   1124  f494		       88		      .byte.b	$88
   1125  f495		       88		      .byte.b	$88
   1126  f496		       88		      .byte.b	$88
   1127  f497		       88		      .byte.b	$88
   1128  f498		       88		      .byte.b	$88
   1129  f499		       88		      .byte.b	$88
   1130  f49a		       88		      .byte.b	$88
   1131  f49b		       c8		      .byte.b	$C8
   1132  f49c		       f8		      .byte.b	$F8
   1133  f49d		       f0		      .byte.b	$F0
   1134  f49e		       70		      .byte.b	$70
   1135  f49f		       70		      .byte.b	$70
   1136  f4a0		       70		      .byte.b	$70
   1137  f4a1		       00		      .byte.b	$00
   1138  f4a2		       00		      .byte.b	$00
   1139  f4a3		       00		      .byte.b	$00
   1140  f4a4		       00		      .byte.b	$00
   1141  f4a5		       00		      .byte.b	$00
   1142  f4a6		       00		      .byte.b	$00
   1143  f4a7		       00		      .byte.b	$00
   1144  f4a8		       00		      .byte.b	$00
   1145  f4a9		       00		      .byte.b	$00
   1146  f4aa		       00		      .byte.b	$00
   1147  f4ab		       00		      .byte.b	$00
   1148  f4ac		       00		      .byte.b	$00
   1149  f4ad		       00		      .byte.b	$00
   1150  f4ae		       00		      .byte.b	$00
   1151  f4af		       00		      .byte.b	$00
   1152  f4b0		       00		      .byte.b	$00
   1153  f4b1		       00		      .byte.b	$00
   1154  f4b2		       00		      .byte.b	$00
   1155  f4b3		       00		      .byte.b	$00
   1156  f4b4		       00		      .byte.b	$00
   1157  f4b5		       00		      .byte.b	$00
   1158  f4b6		       00		      .byte.b	$00
   1159  f4b7		       00		      .byte.b	$00
   1160  f4b8		       00		      .byte.b	$00
   1161  f4b9				   PF2RData
   1162  f4b9		       00		      .byte.b	$00
   1163  f4ba		       00		      .byte.b	$00
   1164  f4bb		       00		      .byte.b	$00
   1165  f4bc		       00		      .byte.b	$00
   1166  f4bd		       00		      .byte.b	$00
   1167  f4be		       00		      .byte.b	$00
   1168  f4bf		       00		      .byte.b	$00
   1169  f4c0		       00		      .byte.b	$00
   1170  f4c1		       00		      .byte.b	$00
   1171  f4c2		       00		      .byte.b	$00
   1172  f4c3		       00		      .byte.b	$00
   1173  f4c4		       00		      .byte.b	$00
   1174  f4c5		       00		      .byte.b	$00
   1175  f4c6		       00		      .byte.b	$00
   1176  f4c7		       00		      .byte.b	$00
   1177  f4c8		       00		      .byte.b	$00
   1178  f4c9		       00		      .byte.b	$00
   1179  f4ca		       00		      .byte.b	$00
   1180  f4cb		       00		      .byte.b	$00
   1181  f4cc		       00		      .byte.b	$00
   1182  f4cd		       00		      .byte.b	$00
   1183  f4ce		       00		      .byte.b	$00
   1184  f4cf		       00		      .byte.b	$00
   1185  f4d0		       00		      .byte.b	$00
   1186  f4d1		       00		      .byte.b	$00
   1187  f4d2		       00		      .byte.b	$00
   1188  f4d3		       00		      .byte.b	$00
   1189  f4d4		       00		      .byte.b	$00
   1190  f4d5		       00		      .byte.b	$00
   1191  f4d6		       00		      .byte.b	$00
   1192  f4d7		       00		      .byte.b	$00
   1193  f4d8		       00		      .byte.b	$00
   1194  f4d9		       00		      .byte.b	$00
   1195  f4da		       00		      .byte.b	$00
   1196  f4db		       00		      .byte.b	$00
   1197  f4dc		       00		      .byte.b	$00
   1198  f4dd		       00		      .byte.b	$00
   1199  f4de		       00		      .byte.b	$00
   1200  f4df		       00		      .byte.b	$00
   1201  f4e0		       00		      .byte.b	$00
   1202  f4e1		       00		      .byte.b	$00
   1203  f4e2		       00		      .byte.b	$00
   1204  f4e3		       00		      .byte.b	$00
   1205  f4e4		       00		      .byte.b	$00
   1206  f4e5		       00		      .byte.b	$00
   1207  f4e6		       00		      .byte.b	$00
   1208  f4e7		       00		      .byte.b	$00
   1209  f4e8		       00		      .byte.b	$00
   1210  f4e9		       00		      .byte.b	$00
   1211  f4ea		       00		      .byte.b	$00
   1212  f4eb		       00		      .byte.b	$00
   1213  f4ec		       00		      .byte.b	$00
   1214  f4ed		       00		      .byte.b	$00
   1215  f4ee		       00		      .byte.b	$00
   1216  f4ef		       00		      .byte.b	$00
   1217  f4f0		       00		      .byte.b	$00
   1218  f4f1		       00		      .byte.b	$00
   1219  f4f2		       00		      .byte.b	$00
   1220  f4f3		       00		      .byte.b	$00
   1221  f4f4		       00		      .byte.b	$00
   1222  f4f5		       00		      .byte.b	$00
   1223  f4f6		       00		      .byte.b	$00
   1224  f4f7		       00		      .byte.b	$00
   1225  f4f8		       00		      .byte.b	$00
   1226  f4f9		       00		      .byte.b	$00
   1227  f4fa		       00		      .byte.b	$00
   1228  f4fb		       00		      .byte.b	$00
   1229  f4fc		       00		      .byte.b	$00
   1230  f4fd		       00		      .byte.b	$00
   1231  f4fe		       00		      .byte.b	$00
   1232  f4ff		       00		      .byte.b	$00
   1233  f500		       00		      .byte.b	$00
   1234  f501		       00		      .byte.b	$00
   1235  f502		       00		      .byte.b	$00
   1236  f503		       00		      .byte.b	$00
   1237  f504		       00		      .byte.b	$00
   1238  f505		       00		      .byte.b	$00
   1239  f506		       00		      .byte.b	$00
   1240  f507		       00		      .byte.b	$00
   1241  f508		       00		      .byte.b	$00
   1242  f509		       00		      .byte.b	$00
   1243  f50a		       00		      .byte.b	$00
   1244  f50b		       00		      .byte.b	$00
   1245  f50c		       00		      .byte.b	$00
   1246  f50d		       00		      .byte.b	$00
   1247  f50e		       00		      .byte.b	$00
   1248  f50f		       00		      .byte.b	$00
   1249  f510		       00		      .byte.b	$00
   1250  f511		       00		      .byte.b	$00
   1251  f512		       00		      .byte.b	$00
   1252  f513		       00		      .byte.b	$00
   1253  f514		       00		      .byte.b	$00
   1254  f515		       00		      .byte.b	$00
   1255  f516		       00		      .byte.b	$00
   1256  f517		       00		      .byte.b	$00
   1257  f518		       00		      .byte.b	$00
   1258  f519		       00		      .byte.b	$00
   1259  f51a		       00		      .byte.b	$00
   1260  f51b		       00		      .byte.b	$00
   1261  f51c		       00		      .byte.b	$00
   1262  f51d		       00		      .byte.b	$00
   1263  f51e		       00		      .byte.b	$00
   1264  f51f		       00		      .byte.b	$00
   1265  f520		       00		      .byte.b	$00
   1266  f521		       00		      .byte.b	$00
   1267  f522		       00		      .byte.b	$00
   1268  f523		       00		      .byte.b	$00
   1269  f524		       00		      .byte.b	$00
   1270  f525		       00		      .byte.b	$00
   1271  f526		       00		      .byte.b	$00
   1272  f527		       00		      .byte.b	$00
   1273  f528		       00		      .byte.b	$00
   1274  f529		       00		      .byte.b	$00
   1275  f52a		       00		      .byte.b	$00
   1276  f52b		       00		      .byte.b	$00
   1277  f52c		       00		      .byte.b	$00
   1278  f52d		       00		      .byte.b	$00
   1279  f52e		       00		      .byte.b	$00
   1280  f52f		       00		      .byte.b	$00
   1281  f530		       00		      .byte.b	$00
   1282  f531		       00		      .byte.b	$00
   1283  f532		       00		      .byte.b	$00
   1284  f533		       00		      .byte.b	$00
   1285  f534		       00		      .byte.b	$00
   1286  f535		       00		      .byte.b	$00
   1287  f536		       00		      .byte.b	$00
   1288  f537		       00		      .byte.b	$00
   1289  f538		       00		      .byte.b	$00
   1290  f539		       00		      .byte.b	$00
   1291  f53a		       00		      .byte.b	$00
   1292  f53b		       00		      .byte.b	$00
   1293  f53c		       00		      .byte.b	$00
   1294  f53d		       00		      .byte.b	$00
   1295  f53e		       00		      .byte.b	$00
   1296  f53f		       00		      .byte.b	$00
   1297  f540		       00		      .byte.b	$00
   1298  f541		       00		      .byte.b	$00
   1299  f542		       00		      .byte.b	$00
   1300  f543		       00		      .byte.b	$00
   1301  f544		       00		      .byte.b	$00
   1302  f545		       00		      .byte.b	$00
   1303  f546		       00		      .byte.b	$00
   1304  f547		       00		      .byte.b	$00
   1305  f548		       00		      .byte.b	$00
   1306  f549		       00		      .byte.b	$00
   1307  f54a		       00		      .byte.b	$00
   1308  f54b		       00		      .byte.b	$00
   1309  f54c		       00		      .byte.b	$00
   1310  f54d		       00		      .byte.b	$00
   1311  f54e		       00		      .byte.b	$00
   1312  f54f		       00		      .byte.b	$00
   1313  f550		       00		      .byte.b	$00
   1314  f551		       00		      .byte.b	$00
   1315  f552		       00		      .byte.b	$00
   1316  f553		       00		      .byte.b	$00
   1317  f554		       00		      .byte.b	$00
   1318  f555		       00		      .byte.b	$00
   1319  f556		       00		      .byte.b	$00
   1320  f557		       00		      .byte.b	$00
   1321  f558		       00		      .byte.b	$00
   1322  f559		       00		      .byte.b	$00
   1323  f55a		       00		      .byte.b	$00
   1324  f55b		       00		      .byte.b	$00
   1325  f55c		       00		      .byte.b	$00
   1326  f55d		       00		      .byte.b	$00
   1327  f55e		       00		      .byte.b	$00
   1328  f55f		       00		      .byte.b	$00
   1329  f560		       00		      .byte.b	$00
   1330  f561		       00		      .byte.b	$00
   1331  f562		       00		      .byte.b	$00
   1332  f563		       00		      .byte.b	$00
   1333  f564		       00		      .byte.b	$00
   1334  f565				   COLUPFData
   1335  f565		       44		      .byte.b	$44
   1336  f566		       44		      .byte.b	$44
   1337  f567		       00		      .byte.b	$00
   1338  f568		       28		      .byte.b	$28
   1339  f569		       28		      .byte.b	$28
   1340  f56a		       00		      .byte.b	$00
   1341  f56b		       28		      .byte.b	$28
   1342  f56c		       28		      .byte.b	$28
   1343  f56d		       00		      .byte.b	$00
   1344  f56e		       28		      .byte.b	$28
   1345  f56f		       28		      .byte.b	$28
   1346  f570		       28		      .byte.b	$28
   1347  f571		       28		      .byte.b	$28
   1348  f572		       28		      .byte.b	$28
   1349  f573		       00		      .byte.b	$00
   1350  f574		       44		      .byte.b	$44
   1351  f575		       44		      .byte.b	$44
   1352  f576		       44		      .byte.b	$44
   1353  f577		       44		      .byte.b	$44
   1354  f578		       44		      .byte.b	$44
   1355  f579		       46		      .byte.b	$46
   1356  f57a		       46		      .byte.b	$46
   1357  f57b		       46		      .byte.b	$46
   1358  f57c		       46		      .byte.b	$46
   1359  f57d		       46		      .byte.b	$46
   1360  f57e		       46		      .byte.b	$46
   1361  f57f		       46		      .byte.b	$46
   1362  f580		       46		      .byte.b	$46
   1363  f581		       46		      .byte.b	$46
   1364  f582		       46		      .byte.b	$46
   1365  f583		       46		      .byte.b	$46
   1366  f584		       46		      .byte.b	$46
   1367  f585		       44		      .byte.b	$44
   1368  f586		       44		      .byte.b	$44
   1369  f587		       44		      .byte.b	$44
   1370  f588		       44		      .byte.b	$44
   1371  f589		       44		      .byte.b	$44
   1372  f58a		       44		      .byte.b	$44
   1373  f58b		       44		      .byte.b	$44
   1374  f58c		       68		      .byte.b	$68
   1375  f58d		       68		      .byte.b	$68
   1376  f58e		       68		      .byte.b	$68
   1377  f58f		       68		      .byte.b	$68
   1378  f590		       46		      .byte.b	$46
   1379  f591		       46		      .byte.b	$46
   1380  f592		       46		      .byte.b	$46
   1381  f593		       46		      .byte.b	$46
   1382  f594		       46		      .byte.b	$46
   1383  f595		       46		      .byte.b	$46
   1384  f596		       46		      .byte.b	$46
   1385  f597		       46		      .byte.b	$46
   1386  f598		       46		      .byte.b	$46
   1387  f599		       46		      .byte.b	$46
   1388  f59a		       46		      .byte.b	$46
   1389  f59b		       46		      .byte.b	$46
   1390  f59c		       46		      .byte.b	$46
   1391  f59d		       46		      .byte.b	$46
   1392  f59e		       46		      .byte.b	$46
   1393  f59f		       46		      .byte.b	$46
   1394  f5a0		       46		      .byte.b	$46
   1395  f5a1		       46		      .byte.b	$46
   1396  f5a2		       44		      .byte.b	$44
   1397  f5a3		       44		      .byte.b	$44
   1398  f5a4		       44		      .byte.b	$44
   1399  f5a5		       44		      .byte.b	$44
   1400  f5a6		       44		      .byte.b	$44
   1401  f5a7		       44		      .byte.b	$44
   1402  f5a8		       44		      .byte.b	$44
   1403  f5a9		       86		      .byte.b	$86
   1404  f5aa		       68		      .byte.b	$68
   1405  f5ab		       68		      .byte.b	$68
   1406  f5ac		       68		      .byte.b	$68
   1407  f5ad		       68		      .byte.b	$68
   1408  f5ae		       68		      .byte.b	$68
   1409  f5af		       68		      .byte.b	$68
   1410  f5b0		       68		      .byte.b	$68
   1411  f5b1		       86		      .byte.b	$86
   1412  f5b2		       86		      .byte.b	$86
   1413  f5b3		       86		      .byte.b	$86
   1414  f5b4		       86		      .byte.b	$86
   1415  f5b5		       86		      .byte.b	$86
   1416  f5b6		       86		      .byte.b	$86
   1417  f5b7		       86		      .byte.b	$86
   1418  f5b8		       86		      .byte.b	$86
   1419  f5b9		       18		      .byte.b	$18
   1420  f5ba		       18		      .byte.b	$18
   1421  f5bb		       18		      .byte.b	$18
   1422  f5bc		       18		      .byte.b	$18
   1423  f5bd		       18		      .byte.b	$18
   1424  f5be		       2a		      .byte.b	$2A
   1425  f5bf		       2a		      .byte.b	$2A
   1426  f5c0		       2a		      .byte.b	$2A
   1427  f5c1		       2a		      .byte.b	$2A
   1428  f5c2		       2a		      .byte.b	$2A
   1429  f5c3		       2a		      .byte.b	$2A
   1430  f5c4		       2a		      .byte.b	$2A
   1431  f5c5		       2a		      .byte.b	$2A
   1432  f5c6		       2a		      .byte.b	$2A
   1433  f5c7		       2a		      .byte.b	$2A
   1434  f5c8		       2a		      .byte.b	$2A
   1435  f5c9		       2a		      .byte.b	$2A
   1436  f5ca		       2a		      .byte.b	$2A
   1437  f5cb		       2a		      .byte.b	$2A
   1438  f5cc		       2a		      .byte.b	$2A
   1439  f5cd		       2a		      .byte.b	$2A
   1440  f5ce		       2a		      .byte.b	$2A
   1441  f5cf		       2a		      .byte.b	$2A
   1442  f5d0		       2a		      .byte.b	$2A
   1443  f5d1		       2a		      .byte.b	$2A
   1444  f5d2		       2a		      .byte.b	$2A
   1445  f5d3		       2a		      .byte.b	$2A
   1446  f5d4		       2a		      .byte.b	$2A
   1447  f5d5		       2a		      .byte.b	$2A
   1448  f5d6		       2a		      .byte.b	$2A
   1449  f5d7		       2a		      .byte.b	$2A
   1450  f5d8		       2a		      .byte.b	$2A
   1451  f5d9		       2a		      .byte.b	$2A
   1452  f5da		       2a		      .byte.b	$2A
   1453  f5db		       2a		      .byte.b	$2A
   1454  f5dc		       2a		      .byte.b	$2A
   1455  f5dd		       2a		      .byte.b	$2A
   1456  f5de		       2a		      .byte.b	$2A
   1457  f5df		       2a		      .byte.b	$2A
   1458  f5e0		       2a		      .byte.b	$2A
   1459  f5e1		       2a		      .byte.b	$2A
   1460  f5e2		       2a		      .byte.b	$2A
   1461  f5e3		       2a		      .byte.b	$2A
   1462  f5e4		       2a		      .byte.b	$2A
   1463  f5e5		       2a		      .byte.b	$2A
   1464  f5e6		       2a		      .byte.b	$2A
   1465  f5e7		       2a		      .byte.b	$2A
   1466  f5e8		       2a		      .byte.b	$2A
   1467  f5e9		       2a		      .byte.b	$2A
   1468  f5ea		       2a		      .byte.b	$2A
   1469  f5eb		       2a		      .byte.b	$2A
   1470  f5ec		       2a		      .byte.b	$2A
   1471  f5ed		       2a		      .byte.b	$2A
   1472  f5ee		       2a		      .byte.b	$2A
   1473  f5ef		       2a		      .byte.b	$2A
   1474  f5f0		       2a		      .byte.b	$2A
   1475  f5f1		       2a		      .byte.b	$2A
   1476  f5f2		       2a		      .byte.b	$2A
   1477  f5f3		       2a		      .byte.b	$2A
   1478  f5f4		       2a		      .byte.b	$2A
   1479  f5f5		       2a		      .byte.b	$2A
   1480  f5f6		       2a		      .byte.b	$2A
   1481  f5f7		       2a		      .byte.b	$2A
   1482  f5f8		       2a		      .byte.b	$2A
   1483  f5f9		       2a		      .byte.b	$2A
   1484  f5fa		       2a		      .byte.b	$2A
   1485  f5fb		       2a		      .byte.b	$2A
   1486  f5fc		       2a		      .byte.b	$2A
   1487  f5fd		       2a		      .byte.b	$2A
   1488  f5fe		       2a		      .byte.b	$2A
   1489  f5ff		       2a		      .byte.b	$2A
   1490  f600		       2a		      .byte.b	$2A
   1491  f601		       2a		      .byte.b	$2A
   1492  f602		       2a		      .byte.b	$2A
   1493  f603		       2a		      .byte.b	$2A
   1494  f604		       2a		      .byte.b	$2A
   1495  f605		       2a		      .byte.b	$2A
   1496  f606		       2a		      .byte.b	$2A
   1497  f607		       2a		      .byte.b	$2A
   1498  f608		       2a		      .byte.b	$2A
   1499  f609		       2a		      .byte.b	$2A
   1500  f60a		       2a		      .byte.b	$2A
   1501  f60b		       2a		      .byte.b	$2A
   1502  f60c		       2a		      .byte.b	$2A
   1503  f60d		       2a		      .byte.b	$2A
   1504  f60e		       2a		      .byte.b	$2A
   1505  f60f		       44		      .byte.b	$44
   1506  f610		       44		      .byte.b	$44
   1507  f611				   COLUBKData
   1508  f611		       7c		      .byte.b	$7C
   1509  f612		       2c		      .byte.b	$2C
   1510  f613		       2c		      .byte.b	$2C
   1511  f614		       2c		      .byte.b	$2C
   1512  f615		       2c		      .byte.b	$2C
   1513  f616		       2c		      .byte.b	$2C
   1514  f617		       2c		      .byte.b	$2C
   1515  f618		       2c		      .byte.b	$2C
   1516  f619		       2c		      .byte.b	$2C
   1517  f61a		       2c		      .byte.b	$2C
   1518  f61b		       2c		      .byte.b	$2C
   1519  f61c		       2c		      .byte.b	$2C
   1520  f61d		       2c		      .byte.b	$2C
   1521  f61e		       2c		      .byte.b	$2C
   1522  f61f		       2c		      .byte.b	$2C
   1523  f620		       2e		      .byte.b	$2E
   1524  f621		       2e		      .byte.b	$2E
   1525  f622		       2c		      .byte.b	$2C
   1526  f623		       2e		      .byte.b	$2E
   1527  f624		       2e		      .byte.b	$2E
   1528  f625		       2e		      .byte.b	$2E
   1529  f626		       2e		      .byte.b	$2E
   1530  f627		       2e		      .byte.b	$2E
   1531  f628		       2c		      .byte.b	$2C
   1532  f629		       2e		      .byte.b	$2E
   1533  f62a		       2c		      .byte.b	$2C
   1534  f62b		       2c		      .byte.b	$2C
   1535  f62c		       2c		      .byte.b	$2C
   1536  f62d		       2c		      .byte.b	$2C
   1537  f62e		       2c		      .byte.b	$2C
   1538  f62f		       2c		      .byte.b	$2C
   1539  f630		       2c		      .byte.b	$2C
   1540  f631		       2c		      .byte.b	$2C
   1541  f632		       2c		      .byte.b	$2C
   1542  f633		       2c		      .byte.b	$2C
   1543  f634		       2c		      .byte.b	$2C
   1544  f635		       2c		      .byte.b	$2C
   1545  f636		       2c		      .byte.b	$2C
   1546  f637		       2c		      .byte.b	$2C
   1547  f638		       2c		      .byte.b	$2C
   1548  f639		       2c		      .byte.b	$2C
   1549  f63a		       2c		      .byte.b	$2C
   1550  f63b		       2c		      .byte.b	$2C
   1551  f63c		       2c		      .byte.b	$2C
   1552  f63d		       2c		      .byte.b	$2C
   1553  f63e		       2c		      .byte.b	$2C
   1554  f63f		       2c		      .byte.b	$2C
   1555  f640		       2c		      .byte.b	$2C
   1556  f641		       2c		      .byte.b	$2C
   1557  f642		       2c		      .byte.b	$2C
   1558  f643		       2c		      .byte.b	$2C
   1559  f644		       2c		      .byte.b	$2C
   1560  f645		       2c		      .byte.b	$2C
   1561  f646		       2c		      .byte.b	$2C
   1562  f647		       2c		      .byte.b	$2C
   1563  f648		       2c		      .byte.b	$2C
   1564  f649		       2c		      .byte.b	$2C
   1565  f64a		       2c		      .byte.b	$2C
   1566  f64b		       2c		      .byte.b	$2C
   1567  f64c		       2c		      .byte.b	$2C
   1568  f64d		       2c		      .byte.b	$2C
   1569  f64e		       2c		      .byte.b	$2C
   1570  f64f		       2c		      .byte.b	$2C
   1571  f650		       2c		      .byte.b	$2C
   1572  f651		       2c		      .byte.b	$2C
   1573  f652		       2c		      .byte.b	$2C
   1574  f653		       2c		      .byte.b	$2C
   1575  f654		       2c		      .byte.b	$2C
   1576  f655		       2c		      .byte.b	$2C
   1577  f656		       2c		      .byte.b	$2C
   1578  f657		       2c		      .byte.b	$2C
   1579  f658		       2c		      .byte.b	$2C
   1580  f659		       2c		      .byte.b	$2C
   1581  f65a		       2c		      .byte.b	$2C
   1582  f65b		       2c		      .byte.b	$2C
   1583  f65c		       2c		      .byte.b	$2C
   1584  f65d		       2c		      .byte.b	$2C
   1585  f65e		       2c		      .byte.b	$2C
   1586  f65f		       2c		      .byte.b	$2C
   1587  f660		       2c		      .byte.b	$2C
   1588  f661		       2c		      .byte.b	$2C
   1589  f662		       2c		      .byte.b	$2C
   1590  f663		       2c		      .byte.b	$2C
   1591  f664		       2c		      .byte.b	$2C
   1592  f665		       2c		      .byte.b	$2C
   1593  f666		       2c		      .byte.b	$2C
   1594  f667		       46		      .byte.b	$46
   1595  f668		       2c		      .byte.b	$2C
   1596  f669		       46		      .byte.b	$46
   1597  f66a		       46		      .byte.b	$46
   1598  f66b		       46		      .byte.b	$46
   1599  f66c		       46		      .byte.b	$46
   1600  f66d		       46		      .byte.b	$46
   1601  f66e		       46		      .byte.b	$46
   1602  f66f		       46		      .byte.b	$46
   1603  f670		       46		      .byte.b	$46
   1604  f671		       46		      .byte.b	$46
   1605  f672		       46		      .byte.b	$46
   1606  f673		       46		      .byte.b	$46
   1607  f674		       46		      .byte.b	$46
   1608  f675		       46		      .byte.b	$46
   1609  f676		       46		      .byte.b	$46
   1610  f677		       46		      .byte.b	$46
   1611  f678		       46		      .byte.b	$46
   1612  f679		       46		      .byte.b	$46
   1613  f67a		       46		      .byte.b	$46
   1614  f67b		       46		      .byte.b	$46
   1615  f67c		       46		      .byte.b	$46
   1616  f67d		       46		      .byte.b	$46
   1617  f67e		       46		      .byte.b	$46
   1618  f67f		       46		      .byte.b	$46
   1619  f680		       46		      .byte.b	$46
   1620  f681		       46		      .byte.b	$46
   1621  f682		       46		      .byte.b	$46
   1622  f683		       46		      .byte.b	$46
   1623  f684		       46		      .byte.b	$46
   1624  f685		       46		      .byte.b	$46
   1625  f686		       46		      .byte.b	$46
   1626  f687		       46		      .byte.b	$46
   1627  f688		       46		      .byte.b	$46
   1628  f689		       46		      .byte.b	$46
   1629  f68a		       46		      .byte.b	$46
   1630  f68b		       46		      .byte.b	$46
   1631  f68c		       46		      .byte.b	$46
   1632  f68d		       46		      .byte.b	$46
   1633  f68e		       46		      .byte.b	$46
   1634  f68f		       46		      .byte.b	$46
   1635  f690		       46		      .byte.b	$46
   1636  f691		       46		      .byte.b	$46
   1637  f692		       46		      .byte.b	$46
   1638  f693		       46		      .byte.b	$46
   1639  f694		       46		      .byte.b	$46
   1640  f695		       46		      .byte.b	$46
   1641  f696		       46		      .byte.b	$46
   1642  f697		       46		      .byte.b	$46
   1643  f698		       46		      .byte.b	$46
   1644  f699		       46		      .byte.b	$46
   1645  f69a		       46		      .byte.b	$46
   1646  f69b		       46		      .byte.b	$46
   1647  f69c		       46		      .byte.b	$46
   1648  f69d		       46		      .byte.b	$46
   1649  f69e		       46		      .byte.b	$46
   1650  f69f		       46		      .byte.b	$46
   1651  f6a0		       46		      .byte.b	$46
   1652  f6a1		       46		      .byte.b	$46
   1653  f6a2		       46		      .byte.b	$46
   1654  f6a3		       46		      .byte.b	$46
   1655  f6a4		       46		      .byte.b	$46
   1656  f6a5		       46		      .byte.b	$46
   1657  f6a6		       46		      .byte.b	$46
   1658  f6a7		       46		      .byte.b	$46
   1659  f6a8		       46		      .byte.b	$46
   1660  f6a9		       46		      .byte.b	$46
   1661  f6aa		       46		      .byte.b	$46
   1662  f6ab		       46		      .byte.b	$46
   1663  f6ac		       46		      .byte.b	$46
   1664  f6ad		       46		      .byte.b	$46
   1665  f6ae		       46		      .byte.b	$46
   1666  f6af		       46		      .byte.b	$46
   1667  f6b0		       46		      .byte.b	$46
   1668  f6b1		       46		      .byte.b	$46
   1669  f6b2		       46		      .byte.b	$46
   1670  f6b3		       46		      .byte.b	$46
   1671  f6b4		       46		      .byte.b	$46
   1672  f6b5		       46		      .byte.b	$46
   1673  f6b6		       00		      .byte.b	$00
   1674  f6b7		       00		      .byte.b	$00
   1675  f6b8		       00		      .byte.b	$00
   1676  f6b9		       00		      .byte.b	$00
   1677  f6ba		       00		      .byte.b	$00
   1678  f6bb		       00		      .byte.b	$00
   1679  f6bc		       00		      .byte.b	$00
   1680  f6bd
   1681  f6bd				   GRP0Data
   1682  f6bd		       00		      .byte.b	$00
   1683  f6be		       00		      .byte.b	$00
   1684  f6bf		       00		      .byte.b	$00
   1685  f6c0		       00		      .byte.b	$00
   1686  f6c1		       00		      .byte.b	$00
   1687  f6c2		       00		      .byte.b	$00
   1688  f6c3		       00		      .byte.b	$00
   1689  f6c4		       00		      .byte.b	$00
   1690  f6c5		       00		      .byte.b	$00
   1691  f6c6		       00		      .byte.b	$00
   1692  f6c7		       00		      .byte.b	$00
   1693  f6c8		       00		      .byte.b	$00
   1694  f6c9		       00		      .byte.b	$00
   1695  f6ca		       00		      .byte.b	$00
   1696  f6cb		       00		      .byte.b	$00
   1697  f6cc		       00		      .byte.b	$00
   1698  f6cd		       00		      .byte.b	$00
   1699  f6ce		       00		      .byte.b	$00
   1700  f6cf		       00		      .byte.b	$00
   1701  f6d0		       00		      .byte.b	$00
   1702  f6d1		       00		      .byte.b	$00
   1703  f6d2		       00		      .byte.b	$00
   1704  f6d3		       00		      .byte.b	$00
   1705  f6d4		       00		      .byte.b	$00
   1706  f6d5		       00		      .byte.b	$00
   1707  f6d6		       00		      .byte.b	$00
   1708  f6d7		       00		      .byte.b	$00
   1709  f6d8		       00		      .byte.b	$00
   1710  f6d9		       00		      .byte.b	$00
   1711  f6da		       00		      .byte.b	$00
   1712  f6db		       00		      .byte.b	$00
   1713  f6dc		       00		      .byte.b	$00
   1714  f6dd		       00		      .byte.b	$00
   1715  f6de		       00		      .byte.b	$00
   1716  f6df		       00		      .byte.b	$00
   1717  f6e0		       00		      .byte.b	$00
   1718  f6e1		       00		      .byte.b	$00
   1719  f6e2		       00		      .byte.b	$00
   1720  f6e3		       00		      .byte.b	$00
   1721  f6e4		       00		      .byte.b	$00
   1722  f6e5		       00		      .byte.b	$00
   1723  f6e6		       00		      .byte.b	$00
   1724  f6e7		       00		      .byte.b	$00
   1725  f6e8		       00		      .byte.b	$00
   1726  f6e9		       00		      .byte.b	$00
   1727  f6ea		       00		      .byte.b	$00
   1728  f6eb		       00		      .byte.b	$00
   1729  f6ec		       00		      .byte.b	$00
   1730  f6ed		       00		      .byte.b	$00
   1731  f6ee		       00		      .byte.b	$00
   1732  f6ef		       00		      .byte.b	$00
   1733  f6f0		       00		      .byte.b	$00
   1734  f6f1		       00		      .byte.b	$00
   1735  f6f2		       00		      .byte.b	$00
   1736  f6f3		       00		      .byte.b	$00
   1737  f6f4		       00		      .byte.b	$00
   1738  f6f5		       00		      .byte.b	$00
   1739  f6f6		       00		      .byte.b	$00
   1740  f6f7		       00		      .byte.b	$00
   1741  f6f8		       00		      .byte.b	$00
   1742  f6f9		       00		      .byte.b	$00
   1743  f6fa		       00		      .byte.b	$00
   1744  f6fb		       00		      .byte.b	$00
   1745  f6fc		       00		      .byte.b	$00
   1746  f6fd		       00		      .byte.b	$00
   1747  f6fe		       00		      .byte.b	$00
   1748  f6ff		       00		      .byte.b	$00
   1749  f700		       00		      .byte.b	$00
   1750  f701		       00		      .byte.b	$00
   1751  f702		       00		      .byte.b	$00
   1752  f703		       00		      .byte.b	$00
   1753  f704		       00		      .byte.b	$00
   1754  f705		       00		      .byte.b	$00
   1755  f706		       00		      .byte.b	$00
   1756  f707		       00		      .byte.b	$00
   1757  f708		       00		      .byte.b	$00
   1758  f709		       00		      .byte.b	$00
   1759  f70a		       00		      .byte.b	$00
   1760  f70b		       00		      .byte.b	$00
   1761  f70c		       00		      .byte.b	$00
   1762  f70d		       00		      .byte.b	$00
   1763  f70e		       00		      .byte.b	$00
   1764  f70f		       00		      .byte.b	$00
   1765  f710		       00		      .byte.b	$00
   1766  f711		       00		      .byte.b	$00
   1767  f712		       00		      .byte.b	$00
   1768  f713		       00		      .byte.b	$00
   1769  f714		       00		      .byte.b	$00
   1770  f715		       00		      .byte.b	$00
   1771  f716		       00		      .byte.b	$00
   1772  f717		       00		      .byte.b	$00
   1773  f718		       00		      .byte.b	$00
   1774  f719		       00		      .byte.b	$00
   1775  f71a		       00		      .byte.b	$00
   1776  f71b		       00		      .byte.b	$00
   1777  f71c		       00		      .byte.b	$00
   1778  f71d		       00		      .byte.b	$00
   1779  f71e		       00		      .byte.b	$00
   1780  f71f		       00		      .byte.b	$00
   1781  f720		       00		      .byte.b	$00
   1782  f721		       00		      .byte.b	$00
   1783  f722		       00		      .byte.b	$00
   1784  f723		       18		      .byte.b	$18
   1785  f724		       10		      .byte.b	$10
   1786  f725		       18		      .byte.b	$18
   1787  f726		       08		      .byte.b	$08
   1788  f727		       08		      .byte.b	$08
   1789  f728		       18		      .byte.b	$18
   1790  f729		       10		      .byte.b	$10
   1791  f72a		       10		      .byte.b	$10
   1792  f72b		       18		      .byte.b	$18
   1793  f72c		       08		      .byte.b	$08
   1794  f72d		       08		      .byte.b	$08
   1795  f72e		       18		      .byte.b	$18
   1796  f72f		       10		      .byte.b	$10
   1797  f730		       18		      .byte.b	$18
   1798  f731		       08		      .byte.b	$08
   1799  f732		       18		      .byte.b	$18
   1800  f733		       00		      .byte.b	$00
   1801  f734		       00		      .byte.b	$00
   1802  f735		       00		      .byte.b	$00
   1803  f736		       00		      .byte.b	$00
   1804  f737		       00		      .byte.b	$00
   1805  f738		       00		      .byte.b	$00
   1806  f739		       00		      .byte.b	$00
   1807  f73a		       00		      .byte.b	$00
   1808  f73b		       00		      .byte.b	$00
   1809  f73c		       00		      .byte.b	$00
   1810  f73d		       00		      .byte.b	$00
   1811  f73e		       00		      .byte.b	$00
   1812  f73f		       00		      .byte.b	$00
   1813  f740		       00		      .byte.b	$00
   1814  f741		       00		      .byte.b	$00
   1815  f742		       00		      .byte.b	$00
   1816  f743		       00		      .byte.b	$00
   1817  f744		       00		      .byte.b	$00
   1818  f745		       00		      .byte.b	$00
   1819  f746		       00		      .byte.b	$00
   1820  f747		       00		      .byte.b	$00
   1821  f748		       00		      .byte.b	$00
   1822  f749		       00		      .byte.b	$00
   1823  f74a		       00		      .byte.b	$00
   1824  f74b		       00		      .byte.b	$00
   1825  f74c		       00		      .byte.b	$00
   1826  f74d		       00		      .byte.b	$00
   1827  f74e		       00		      .byte.b	$00
   1828  f74f		       00		      .byte.b	$00
   1829  f750		       00		      .byte.b	$00
   1830  f751		       00		      .byte.b	$00
   1831  f752		       00		      .byte.b	$00
   1832  f753		       00		      .byte.b	$00
   1833  f754		       00		      .byte.b	$00
   1834  f755		       00		      .byte.b	$00
   1835  f756		       00		      .byte.b	$00
   1836  f757		       00		      .byte.b	$00
   1837  f758		       00		      .byte.b	$00
   1838  f759		       00		      .byte.b	$00
   1839  f75a		       00		      .byte.b	$00
   1840  f75b		       00		      .byte.b	$00
   1841  f75c		       00		      .byte.b	$00
   1842  f75d		       00		      .byte.b	$00
   1843  f75e		       00		      .byte.b	$00
   1844  f75f		       00		      .byte.b	$00
   1845  f760		       00		      .byte.b	$00
   1846  f761		       00		      .byte.b	$00
   1847  f762		       00		      .byte.b	$00
   1848  f763		       00		      .byte.b	$00
   1849  f764		       00		      .byte.b	$00
   1850  f765		       00		      .byte.b	$00
   1851  f766		       00		      .byte.b	$00
   1852  f767		       00		      .byte.b	$00
   1853  f768		       00		      .byte.b	$00
   1854  f769				   GRP1Data
   1855  f769		       00		      .byte.b	$00
   1856  f76a		       00		      .byte.b	$00
   1857  f76b		       00		      .byte.b	$00
   1858  f76c		       00		      .byte.b	$00
   1859  f76d		       00		      .byte.b	$00
   1860  f76e		       00		      .byte.b	$00
   1861  f76f		       00		      .byte.b	$00
   1862  f770		       00		      .byte.b	$00
   1863  f771		       00		      .byte.b	$00
   1864  f772		       00		      .byte.b	$00
   1865  f773		       00		      .byte.b	$00
   1866  f774		       00		      .byte.b	$00
   1867  f775		       00		      .byte.b	$00
   1868  f776		       00		      .byte.b	$00
   1869  f777		       00		      .byte.b	$00
   1870  f778		       00		      .byte.b	$00
   1871  f779		       00		      .byte.b	$00
   1872  f77a		       00		      .byte.b	$00
   1873  f77b		       00		      .byte.b	$00
   1874  f77c		       00		      .byte.b	$00
   1875  f77d		       00		      .byte.b	$00
   1876  f77e		       00		      .byte.b	$00
   1877  f77f		       00		      .byte.b	$00
   1878  f780		       00		      .byte.b	$00
   1879  f781		       00		      .byte.b	$00
   1880  f782		       00		      .byte.b	$00
   1881  f783		       00		      .byte.b	$00
   1882  f784		       00		      .byte.b	$00
   1883  f785		       00		      .byte.b	$00
   1884  f786		       00		      .byte.b	$00
   1885  f787		       00		      .byte.b	$00
   1886  f788		       00		      .byte.b	$00
   1887  f789		       00		      .byte.b	$00
   1888  f78a		       00		      .byte.b	$00
   1889  f78b		       00		      .byte.b	$00
   1890  f78c		       00		      .byte.b	$00
   1891  f78d		       00		      .byte.b	$00
   1892  f78e		       00		      .byte.b	$00
   1893  f78f		       00		      .byte.b	$00
   1894  f790		       00		      .byte.b	$00
   1895  f791		       3c		      .byte.b	$3C
   1896  f792		       42		      .byte.b	$42
   1897  f793		       5a		      .byte.b	$5A
   1898  f794		       42		      .byte.b	$42
   1899  f795		       3c		      .byte.b	$3C
   1900  f796		       18		      .byte.b	$18
   1901  f797		       3c		      .byte.b	$3C
   1902  f798		       5a		      .byte.b	$5A
   1903  f799		       5a		      .byte.b	$5A
   1904  f79a		       18		      .byte.b	$18
   1905  f79b		       3c		      .byte.b	$3C
   1906  f79c		       24		      .byte.b	$24
   1907  f79d		       24		      .byte.b	$24
   1908  f79e		       66		      .byte.b	$66
   1909  f79f		       00		      .byte.b	$00
   1910  f7a0		       00		      .byte.b	$00
   1911  f7a1		       00		      .byte.b	$00
   1912  f7a2		       00		      .byte.b	$00
   1913  f7a3		       00		      .byte.b	$00
   1914  f7a4		       00		      .byte.b	$00
   1915  f7a5		       00		      .byte.b	$00
   1916  f7a6		       00		      .byte.b	$00
   1917  f7a7		       00		      .byte.b	$00
   1918  f7a8		       00		      .byte.b	$00
   1919  f7a9		       00		      .byte.b	$00
   1920  f7aa		       00		      .byte.b	$00
   1921  f7ab		       00		      .byte.b	$00
   1922  f7ac		       00		      .byte.b	$00
   1923  f7ad		       00		      .byte.b	$00
   1924  f7ae		       00		      .byte.b	$00
   1925  f7af		       00		      .byte.b	$00
   1926  f7b0		       00		      .byte.b	$00
   1927  f7b1		       00		      .byte.b	$00
   1928  f7b2		       00		      .byte.b	$00
   1929  f7b3		       00		      .byte.b	$00
   1930  f7b4		       00		      .byte.b	$00
   1931  f7b5		       00		      .byte.b	$00
   1932  f7b6		       00		      .byte.b	$00
   1933  f7b7		       00		      .byte.b	$00
   1934  f7b8		       00		      .byte.b	$00
   1935  f7b9		       00		      .byte.b	$00
   1936  f7ba		       00		      .byte.b	$00
   1937  f7bb		       00		      .byte.b	$00
   1938  f7bc		       00		      .byte.b	$00
   1939  f7bd		       00		      .byte.b	$00
   1940  f7be		       00		      .byte.b	$00
   1941  f7bf		       00		      .byte.b	$00
   1942  f7c0		       00		      .byte.b	$00
   1943  f7c1		       00		      .byte.b	$00
   1944  f7c2		       00		      .byte.b	$00
   1945  f7c3		       00		      .byte.b	$00
   1946  f7c4		       00		      .byte.b	$00
   1947  f7c5		       00		      .byte.b	$00
   1948  f7c6		       00		      .byte.b	$00
   1949  f7c7		       00		      .byte.b	$00
   1950  f7c8		       00		      .byte.b	$00
   1951  f7c9		       00		      .byte.b	$00
   1952  f7ca		       00		      .byte.b	$00
   1953  f7cb		       00		      .byte.b	$00
   1954  f7cc		       00		      .byte.b	$00
   1955  f7cd		       00		      .byte.b	$00
   1956  f7ce		       00		      .byte.b	$00
   1957  f7cf		       00		      .byte.b	$00
   1958  f7d0		       00		      .byte.b	$00
   1959  f7d1		       00		      .byte.b	$00
   1960  f7d2		       00		      .byte.b	$00
   1961  f7d3		       00		      .byte.b	$00
   1962  f7d4		       00		      .byte.b	$00
   1963  f7d5		       00		      .byte.b	$00
   1964  f7d6		       00		      .byte.b	$00
   1965  f7d7		       00		      .byte.b	$00
   1966  f7d8		       00		      .byte.b	$00
   1967  f7d9		       00		      .byte.b	$00
   1968  f7da		       00		      .byte.b	$00
   1969  f7db		       00		      .byte.b	$00
   1970  f7dc		       00		      .byte.b	$00
   1971  f7dd		       00		      .byte.b	$00
   1972  f7de		       00		      .byte.b	$00
   1973  f7df		       00		      .byte.b	$00
   1974  f7e0		       00		      .byte.b	$00
   1975  f7e1		       00		      .byte.b	$00
   1976  f7e2		       00		      .byte.b	$00
   1977  f7e3		       00		      .byte.b	$00
   1978  f7e4		       00		      .byte.b	$00
   1979  f7e5		       00		      .byte.b	$00
   1980  f7e6		       00		      .byte.b	$00
   1981  f7e7		       00		      .byte.b	$00
   1982  f7e8		       00		      .byte.b	$00
   1983  f7e9		       00		      .byte.b	$00
   1984  f7ea		       00		      .byte.b	$00
   1985  f7eb		       00		      .byte.b	$00
   1986  f7ec		       00		      .byte.b	$00
   1987  f7ed		       00		      .byte.b	$00
   1988  f7ee		       00		      .byte.b	$00
   1989  f7ef		       00		      .byte.b	$00
   1990  f7f0		       00		      .byte.b	$00
   1991  f7f1		       00		      .byte.b	$00
   1992  f7f2		       00		      .byte.b	$00
   1993  f7f3		       00		      .byte.b	$00
   1994  f7f4		       00		      .byte.b	$00
   1995  f7f5		       00		      .byte.b	$00
   1996  f7f6		       00		      .byte.b	$00
   1997  f7f7		       00		      .byte.b	$00
   1998  f7f8		       00		      .byte.b	$00
   1999  f7f9		       00		      .byte.b	$00
   2000  f7fa		       00		      .byte.b	$00
   2001  f7fb		       00		      .byte.b	$00
   2002  f7fc		       00		      .byte.b	$00
   2003  f7fd		       00		      .byte.b	$00
   2004  f7fe		       00		      .byte.b	$00
   2005  f7ff		       00		      .byte.b	$00
   2006  f800		       00		      .byte.b	$00
   2007  f801		       00		      .byte.b	$00
   2008  f802		       00		      .byte.b	$00
   2009  f803		       00		      .byte.b	$00
   2010  f804		       00		      .byte.b	$00
   2011  f805		       00		      .byte.b	$00
   2012  f806		       00		      .byte.b	$00
   2013  f807		       00		      .byte.b	$00
   2014  f808		       00		      .byte.b	$00
   2015  f809		       00		      .byte.b	$00
   2016  f80a		       00		      .byte.b	$00
   2017  f80b		       00		      .byte.b	$00
   2018  f80c		       00		      .byte.b	$00
   2019  f80d		       00		      .byte.b	$00
   2020  f80e		       00		      .byte.b	$00
   2021  f80f		       00		      .byte.b	$00
   2022  f810		       00		      .byte.b	$00
   2023  f811		       00		      .byte.b	$00
   2024  f812		       00		      .byte.b	$00
   2025  f813		       00		      .byte.b	$00
   2026  f814		       00		      .byte.b	$00
   2027  f815
   2028  f815							; Sprite graphics (linhas top→bottom, ref)
   2029  f815							; Sprite graphics (linhas top→bottom)
   2030  f815				   Sprite0Data
   2031  f815		       18		      .byte.b	%00011000
   2032  f816		       10		      .byte.b	%00010000
   2033  f817		       18		      .byte.b	%00011000
   2034  f818		       08		      .byte.b	%00001000
   2035  f819		       08		      .byte.b	%00001000
   2036  f81a		       18		      .byte.b	%00011000
   2037  f81b		       10		      .byte.b	%00010000
   2038  f81c		       10		      .byte.b	%00010000
   2039  f81d		       18		      .byte.b	%00011000
   2040  f81e		       08		      .byte.b	%00001000
   2041  f81f		       08		      .byte.b	%00001000
   2042  f820		       18		      .byte.b	%00011000
   2043  f821		       10		      .byte.b	%00010000
   2044  f822		       18		      .byte.b	%00011000
   2045  f823		       08		      .byte.b	%00001000
   2046  f824		       18		      .byte.b	%00011000
   2047  f825				   Sprite1Data
   2048  f825		       3c		      .byte.b	%00111100
   2049  f826		       42		      .byte.b	%01000010
   2050  f827		       5a		      .byte.b	%01011010
   2051  f828		       42		      .byte.b	%01000010
   2052  f829		       3c		      .byte.b	%00111100
   2053  f82a		       18		      .byte.b	%00011000
   2054  f82b		       3c		      .byte.b	%00111100
   2055  f82c		       5a		      .byte.b	%01011010
   2056  f82d		       5a		      .byte.b	%01011010
   2057  f82e		       18		      .byte.b	%00011000
   2058  f82f		       3c		      .byte.b	%00111100
   2059  f830		       24		      .byte.b	%00100100
   2060  f831		       24		      .byte.b	%00100100
   2061  f832		       66		      .byte.b	%01100110
   2062  f833		       00		      .byte.b	%00000000
   2063  f834		       00		      .byte.b	%00000000
   2064  f835
   2065  f835							; --- RAM ---
   2066  f835		       00 80	   Score0     equ	$80
   2067  f835		       00 81	   Score1     equ	$81
   2068  f835		       00 82	   Score2     equ	$82
   2069  f835		       00 83	   Temp       equ	$83
   2070  f835		       00 84	   P0Y	      equ	$84
   2071  f835		       00 85	   P0H	      equ	$85
   2072  f835		       00 86	   P1Y	      equ	$86
   2073  f835		       00 87	   P1H	      equ	$87
   2074  f835		       00 88	   P0XDelay   equ	$88
   2075  f835		       00 89	   P1XDelay   equ	$89
   2076  f835		       00 8a	   P0En       equ	$8A
   2077  f835		       00 8b	   P1En       equ	$8B
   2078  f835		       00 8c	   ZPF0L      equ	$8C
   2079  f835		       00 8d	   ZPF1L      equ	$8D
   2080  f835		       00 8e	   ZPF2L      equ	$8E
   2081  f835		       00 8f	   ZPF0R      equ	$8F
   2082  f835		       00 90	   ZPF1R      equ	$90
   2083  f835		       00 91	   ZPF2R      equ	$91
   2084  f835		       00 92	   ZCOLUBK    equ	$92
   2085  f835		       00 93	   ZCOLUPF    equ	$93
   2086  f835		       00 94	   ZGRP0      equ	$94
   2087  f835		       00 95	   ZGRP1      equ	$95
   2088  f835
   2089  fffa					      ORG	$FFFA
   2090  fffa		       00 f0		      .word.w	Start
   2091  fffc		       00 f0		      .word.w	Start
   2092  fffe		       00 f0		      .word.w	Start
   2093  10000
